66.249.68.0 - - [06/Jan/2026:03:25:19 +0100] "GET /asana-labor/ HTTP/1.1" 200 172558 simoneyoga.de "-" "Mozilla/5.0 (Linux; Android 6.0.1; Nexus 5X Build/MMB29P) AppleWebKit/537.36 (KHTML, like Gecko) Chrome/141.0.7390.122 Mobile Safari/537.36 (compatible; Googlebot/2.1; +http://www.google.com/bot.html)" "-"
66.249.68.0 - - [06/Jan/2026:03:25:23 +0100] "GET /wp-content/plugins/elementor/assets/lib/swiper/css/swiper.min.css?ver=5.3.6 HTTP/1.1" 200 12876 simoneyoga.de "https://simoneyoga.de/asana-labor/" "Mozilla/5.0 (Linux; Android 6.0.1; Nexus 5X Build/MMB29P) AppleWebKit/537.36 (KHTML, like Gecko) Chrome/141.0.7390.122 Mobile Safari/537.36 (compatible; Googlebot/2.1; +http://www.google.com/bot.html)" "-"
66.249.68.0 - - [06/Jan/2026:03:25:23 +0100] "GET /wp-content/plugins/elementor/assets/lib/animations/styles/fadeInLeft.min.css?ver=3.25.11 HTTP/1.1" 200 137 simoneyoga.de "https://simoneyoga.de/asana-labor/" "Mozilla/5.0 (Linux; Android 6.0.1; Nexus 5X Build/MMB29P) AppleWebKit/537.36 (KHTML, like Gecko) Chrome/141.0.7390.122 Mobile Safari/537.36 (compatible; Googlebot/2.1; +http://www.google.com/bot.html)" "-"
66.249.76.0 - - [06/Jan/2026:03:25:23 +0100] "GET /wp-content/uploads/elementor/css/post-3577.css?ver=1734944782 HTTP/1.1" 200 43861 simoneyoga.de "https://simoneyoga.de/asana-labor/" "Mozilla/5.0 (Linux; Android 6.0.1; Nexus 5X Build/MMB29P) AppleWebKit/537.36 (KHTML, like Gecko) Chrome/141.0.7390.122 Mobile Safari/537.36 (compatible; Googlebot/2.1; +http://www.google.com/bot.html)" "-"
66.249.76.0 - - [06/Jan/2026:03:25:23 +0100] "GET /wp-content/plugins/armember/css/arm_angular_material.css?ver=4.5 HTTP/1.1" 200 32740 simoneyoga.de "https://simoneyoga.de/asana-labor/" "Mozilla/5.0 (Linux; Android 6.0.1; Nexus 5X Build/MMB29P) AppleWebKit/537.36 (KHTML, like Gecko) Chrome/141.0.7390.122 Mobile Safari/537.36 (compatible; Googlebot/2.1; +http://www.google.com/bot.html)" "-"
66.249.68.0 - - [06/Jan/2026:03:25:23 +0100] "GET /wp-content/plugins/elementor/assets/lib/animations/styles/slideInDown.min.css?ver=3.25.11 HTTP/1.1" 200 153 simoneyoga.de "https://simoneyoga.de/asana-labor/" "Mozilla/5.0 (Linux; Android 6.0.1; Nexus 5X Build/MMB29P) AppleWebKit/537.36 (KHTML, like Gecko) Chrome/141.0.7390.122 Mobile Safari/537.36 (compatible; Googlebot/2.1; +http://www.google.com/bot.html)" "-"
66.249.68.0 - - [06/Jan/2026:03:25:24 +0100] "GET /wp-includes/js/jquery/ui/core.min.js?ver=1.13.3 HTTP/1.1" 200 21464 simoneyoga.de "https://simoneyoga.de/asana-labor/" "Mozilla/5.0 (Linux; Android 6.0.1; Nexus 5X Build/MMB29P) AppleWebKit/537.36 (KHTML, like Gecko) Chrome/141.0.7390.122 Mobile Safari/537.36 (compatible; Googlebot/2.1; +http://www.google.com/bot.html)" "-"
66.249.68.0 - - [06/Jan/2026:03:25:24 +0100] "GET /wp-content/plugins/elementor/assets/js/frontend.min.js?ver=3.25.11 HTTP/1.1" 200 44127 simoneyoga.de "https://simoneyoga.de/asana-labor/" "Mozilla/5.0 (Linux; Android 6.0.1; Nexus 5X Build/MMB29P) AppleWebKit/537.36 (KHTML, like Gecko) Chrome/141.0.7390.122 Mobile Safari/537.36 (compatible; Googlebot/2.1; +http://www.google.com/bot.html)" "-"
2a03:2880:f800:: - - [06/Jan/2026:03:25:52 +0100] "GET /media-genre/28-tage-yoga/ HTTP/1.1" 302 - simoneyoga.de "-" "meta-externalagent/1.1 (+https://developers.facebook.com/docs/sharing/webmasters/crawler)" "-"
82.165.88.0 - - [06/Jan/2026:03:25:53 +0100] "POST /wp-cron.php?doing_wp_cron=1767666353.4004800319671630859375 HTTP/1.1" 200 - simoneyoga.de "-" "WordPress/6.9; https://simoneyoga.de" "-"
2a03:2880:f800:: - - [06/Jan/2026:03:28:10 +0100] "GET /sitemap-index.xml HTTP/1.1" 302 - simoneyoga.de "-" "meta-externalagent/1.1 (+https://developers.facebook.com/docs/sharing/webmasters/crawler)" "-"
82.165.88.0 - - [06/Jan/2026:03:28:11 +0100] "POST /wp-cron.php?doing_wp_cron=1767666491.0341699123382568359375 HTTP/1.1" 200 - simoneyoga.de "-" "WordPress/6.9; https://simoneyoga.de" "-"
2a03:2880:f800:: - - [06/Jan/2026:03:28:46 +0100] "GET /title/tag-9-schuettel-mit-der-kraft-von-stress/ HTTP/1.1" 302 - simoneyoga.de "-" "meta-externalagent/1.1 (+https://developers.facebook.com/docs/sharing/webmasters/crawler)" "-"
2a03:2880:f800:: - - [06/Jan/2026:03:29:47 +0100] "GET /title/props-flowhttps-simoneyoga-de-28-tage-yoga/ HTTP/1.1" 302 - simoneyoga.de "-" "meta-externalagent/1.1 (+https://developers.facebook.com/docs/sharing/webmasters/crawler)" "-"
82.165.88.0 - - [06/Jan/2026:03:29:48 +0100] "POST /wp-cron.php?doing_wp_cron=1767666588.4522449970245361328125 HTTP/1.1" 200 - simoneyoga.de "-" "WordPress/6.9; https://simoneyoga.de" "-"
35.175.209.0 - - [06/Jan/2026:03:30:30 +0100] "GET / HTTP/1.1" 301 - simoneyoga.de "-" "Mozilla/5.0 (Macintosh; Intel Mac OS X 10_15_7) AppleWebKit/537.36 (KHTML, like Gecko) Chrome/108.0.0.0 Safari/537.36" "-"
35.175.209.0 - - [06/Jan/2026:03:30:31 +0100] "GET / HTTP/1.1" 200 349337 simoneyoga.de "-" "Mozilla/5.0 (Macintosh; Intel Mac OS X 10_15_7) AppleWebKit/537.36 (KHTML, like Gecko) Chrome/108.0.0.0 Safari/537.36" "-"
82.165.88.0 - - [06/Jan/2026:03:30:32 +0100] "GET /__lfliveklassen.json HTTP/1.1" 200 439 simoneyoga.de "-" "WordPress/6.9; https://simoneyoga.de" "-"
2a03:2880:f800:: - - [06/Jan/2026:03:32:00 +0100] "GET /title/geistige-gesetze-rhythmus/ HTTP/1.1" 302 - simoneyoga.de "-" "meta-externalagent/1.1 (+https://developers.facebook.com/docs/sharing/webmasters/crawler)" "-"
82.165.88.0 - - [06/Jan/2026:03:32:01 +0100] "POST /wp-cron.php?doing_wp_cron=1767666721.1425089836120605468750 HTTP/1.1" 200 - simoneyoga.de "-" "WordPress/6.9; https://simoneyoga.de" "-"
66.249.76.0 - - [06/Jan/2026:03:32:45 +0100] "GET /.well-known/assetlinks.json HTTP/1.1" 404 83584 simoneyoga.de "-" "Mozilla/5.0 (compatible; Googlebot/2.1; +http://www.google.com/bot.html)" "-"
66.249.68.0 - - [06/Jan/2026:03:34:17 +0100] "GET /thema-ruecken/ HTTP/1.1" 404 83479 simoneyoga.de "-" "Mozilla/5.0 (Linux; Android 6.0.1; Nexus 5X Build/MMB29P) AppleWebKit/537.36 (KHTML, like Gecko) Chrome/141.0.7390.122 Mobile Safari/537.36 (compatible; Googlebot/2.1; +http://www.google.com/bot.html)" "-"
82.165.88.0 - - [06/Jan/2026:03:34:18 +0100] "POST /wp-cron.php?doing_wp_cron=1767666858.4200279712677001953125 HTTP/1.1" 200 - simoneyoga.de "-" "WordPress/6.9; https://simoneyoga.de" "-"
2a03:2880:f800:: - - [06/Jan/2026:03:34:29 +0100] "GET /watchlist/ HTTP/1.1" 302 - simoneyoga.de "-" "meta-externalagent/1.1 (+https://developers.facebook.com/docs/sharing/webmasters/crawler)" "-"
2a03:2880:f800:: - - [06/Jan/2026:03:35:28 +0100] "GET /title/asana-labor/ HTTP/1.1" 301 - simoneyoga.de "-" "meta-externalagent/1.1 (+https://developers.facebook.com/docs/sharing/webmasters/crawler)" "-"
82.165.88.0 - - [06/Jan/2026:03:35:29 +0100] "POST /wp-cron.php?doing_wp_cron=1767666929.6926469802856445312500 HTTP/1.1" 200 - simoneyoga.de "-" "WordPress/6.9; https://simoneyoga.de" "-"
2a03:2880:f800:: - - [06/Jan/2026:03:36:01 +0100] "GET /media-category/kraft-mobilitaet/ HTTP/1.1" 302 - simoneyoga.de "-" "meta-externalagent/1.1 (+https://developers.facebook.com/docs/sharing/webmasters/crawler)" "-"
82.165.88.0 - - [06/Jan/2026:03:36:02 +0100] "POST /wp-cron.php?doing_wp_cron=1767666962.7938399314880371093750 HTTP/1.1" 200 - simoneyoga.de "-" "WordPress/6.9; https://simoneyoga.de" "-"
2a03:2880:f800:: - - [06/Jan/2026:03:36:41 +0100] "GET /profil/ HTTP/1.1" 302 - simoneyoga.de "-" "meta-externalagent/1.1 (+https://developers.facebook.com/docs/sharing/webmasters/crawler)" "-"
2a03:2880:f800:: - - [06/Jan/2026:03:37:57 +0100] "GET /sitemap.txt HTTP/1.1" 302 - simoneyoga.de "-" "meta-externalagent/1.1 (+https://developers.facebook.com/docs/sharing/webmasters/crawler)" "-"
82.165.88.0 - - [06/Jan/2026:03:37:58 +0100] "POST /wp-cron.php?doing_wp_cron=1767667078.3062150478363037109375 HTTP/1.1" 200 - simoneyoga.de "-" "WordPress/6.9; https://simoneyoga.de" "-"
35.175.209.0 - - [06/Jan/2026:03:38:08 +0100] "GET /robots.txt HTTP/1.1" 200 159 simoneyoga.de "-" "Mozilla/5.0 (Macintosh; Intel Mac OS X 10_15_7) AppleWebKit/537.36 (KHTML, like Gecko) Chrome/108.0.0.0 Safari/537.36" "-"
46.248.173.0 - - [06/Jan/2026:03:43:34 +0100] "GET /feed HTTP/1.1" 301 - simoneyoga.de "-" "GuzzleHttp/7" "-"
82.165.88.0 - - [06/Jan/2026:03:43:34 +0100] "POST /wp-cron.php?doing_wp_cron=1767667414.9435989856719970703125 HTTP/1.1" 200 - simoneyoga.de "-" "WordPress/6.9; https://simoneyoga.de" "-"
46.248.173.0 - - [06/Jan/2026:03:43:36 +0100] "GET /feed/ HTTP/1.1" 200 1819 simoneyoga.de "-" "GuzzleHttp/7" "-"
35.175.209.0 - - [06/Jan/2026:03:44:54 +0100] "GET / HTTP/1.1" 301 - simoneyoga.de "-" "Mozilla/5.0 (Macintosh; Intel Mac OS X 10_15_7) AppleWebKit/537.36 (KHTML, like Gecko) Chrome/108.0.0.0 Safari/537.36" "-"
82.165.88.0 - - [06/Jan/2026:03:44:55 +0100] "POST /wp-cron.php?doing_wp_cron=1767667495.1649210453033447265625 HTTP/1.1" 200 - simoneyoga.de "-" "WordPress/6.9; https://simoneyoga.de" "-"
35.175.209.0 - - [06/Jan/2026:03:44:56 +0100] "GET / HTTP/1.1" 200 349337 simoneyoga.de "-" "Mozilla/5.0 (Macintosh; Intel Mac OS X 10_15_7) AppleWebKit/537.36 (KHTML, like Gecko) Chrome/108.0.0.0 Safari/537.36" "-"
82.165.88.0 - - [06/Jan/2026:03:44:57 +0100] "GET /__lfliveklassen.json HTTP/1.1" 200 439 simoneyoga.de "-" "WordPress/6.9; https://simoneyoga.de" "-"
216.244.66.0 - - [06/Jan/2026:03:45:07 +0100] "GET /robots.txt HTTP/1.1" 403 1271 simoneyoga.de "-" "Mozilla/5.0 (compatible; DotBot/1.2; +https://opensiteexplorer.org/dotbot; help@moz.com)" "-"
82.165.88.0 - - [06/Jan/2026:03:46:27 +0100] "POST /wp-cron.php?doing_wp_cron=1767667587.9660470485687255859375 HTTP/1.1" 200 - simoneyoga.de "-" "WordPress/6.9; https://simoneyoga.de" "-"
2a03:2880:f800:: - - [06/Jan/2026:03:46:27 +0100] "GET /media-genre/atem-nerven/ HTTP/1.1" 301 - simoneyoga.de "-" "meta-externalagent/1.1 (+https://developers.facebook.com/docs/sharing/webmasters/crawler)" "-"
2a03:2880:f800:: - - [06/Jan/2026:03:46:41 +0100] "GET /workshop-blueprint/ HTTP/1.1" 302 - simoneyoga.de "-" "meta-externalagent/1.1 (+https://developers.facebook.com/docs/sharing/webmasters/crawler)" "-"
104.236.198.0 - - [06/Jan/2026:03:49:20 +0100] "GET /wp-admin/css/ HTTP/1.1" 403 1271 simoneyoga.de "binance.com" "Mozilla/5.0 (Windows NT 10.0; Win64; x64) AppleWebKit/537.36 (KHTML, like Gecko) Chrome/90.0.4430.85 Safari/537.36" "-"
2a03:2880:f800:: - - [06/Jan/2026:03:52:22 +0100] "GET /media-category/for-free/ HTTP/1.1" 302 - simoneyoga.de "-" "meta-externalagent/1.1 (+https://developers.facebook.com/docs/sharing/webmasters/crawler)" "-"
82.165.88.0 - - [06/Jan/2026:03:52:23 +0100] "POST /wp-cron.php?doing_wp_cron=1767667943.3623170852661132812500 HTTP/1.1" 200 - simoneyoga.de "-" "WordPress/6.9; https://simoneyoga.de" "-"
82.165.88.0 - - [06/Jan/2026:03:56:23 +0100] "POST /wp-cron.php?doing_wp_cron=1767668183.8107259273529052734375 HTTP/1.1" 200 - simoneyoga.de "-" "WordPress/6.9; https://simoneyoga.de" "-"
156.202.170.0 - - [06/Jan/2026:03:56:23 +0100] "GET /sitemap.rss HTTP/1.1" 200 12106 simoneyoga.de "-" "Mozilla/5.0 (Macintosh; U; Intel Mac OS X 10_6_0; en-US) AppleWebKit/532.1 (KHTML, like Gecko) Chrome/4.0.212.1 Safari/532.1" "-"
2a03:2880:f800:: - - [06/Jan/2026:03:57:38 +0100] "GET /news-sitemap.xml HTTP/1.1" 404 468 simoneyoga.de "-" "meta-externalagent/1.1 (+https://developers.facebook.com/docs/sharing/webmasters/crawler)" "-"
82.165.88.0 - - [06/Jan/2026:03:57:38 +0100] "POST /wp-cron.php?doing_wp_cron=1767668258.8884050846099853515625 HTTP/1.1" 200 - simoneyoga.de "-" "WordPress/6.9; https://simoneyoga.de" "-"
2a03:2880:f800:: - - [06/Jan/2026:04:02:57 +0100] "GET /title/introvideo/ HTTP/1.1" 302 - simoneyoga.de "-" "meta-externalagent/1.1 (+https://developers.facebook.com/docs/sharing/webmasters/crawler)" "-"
82.165.88.0 - - [06/Jan/2026:04:02:57 +0100] "POST /wp-cron.php?doing_wp_cron=1767668577.9126069545745849609375 HTTP/1.1" 200 - simoneyoga.de "-" "WordPress/6.9; https://simoneyoga.de" "-"
82.165.88.0 - - [06/Jan/2026:04:04:50 +0100] "POST /wp-cron.php?doing_wp_cron=1767668690.9210550785064697265625 HTTP/1.1" 200 - simoneyoga.de "-" "WordPress/6.9; https://simoneyoga.de" "-"
2a03:2880:f800:: - - [06/Jan/2026:04:04:50 +0100] "GET /sitemap.html HTTP/1.1" 404 83472 simoneyoga.de "-" "meta-externalagent/1.1 (+https://developers.facebook.com/docs/sharing/webmasters/crawler)" "-"
66.249.68.0 - - [06/Jan/2026:04:07:59 +0100] "GET /tag/face-yoga/ HTTP/1.1" 200 86537 simoneyoga.de "-" "Mozilla/5.0 (Linux; Android 6.0.1; Nexus 5X Build/MMB29P) AppleWebKit/537.36 (KHTML, like Gecko) Chrome/141.0.7390.122 Mobile Safari/537.36 (compatible; Googlebot/2.1; +http://www.google.com/bot.html)" "-"
82.165.88.0 - - [06/Jan/2026:04:08:00 +0100] "POST /wp-cron.php?doing_wp_cron=1767668880.7966980934143066406250 HTTP/1.1" 200 - simoneyoga.de "-" "WordPress/6.9; https://simoneyoga.de" "-"
2a03:2880:f800:: - - [06/Jan/2026:04:12:28 +0100] "GET /media-category/homepage/ HTTP/1.1" 302 - simoneyoga.de "-" "meta-externalagent/1.1 (+https://developers.facebook.com/docs/sharing/webmasters/crawler)" "-"
82.165.88.0 - - [06/Jan/2026:04:12:29 +0100] "POST /wp-cron.php?doing_wp_cron=1767669149.2527248859405517578125 HTTP/1.1" 200 - simoneyoga.de "-" "WordPress/6.9; https://simoneyoga.de" "-"
51.222.168.0 - - [06/Jan/2026:04:13:57 +0100] "GET /login/?arm_redirect=https%3A%2F%2Fsimoneyoga.de%2Fedit_profile%2F HTTP/1.1" 200 131639 simoneyoga.de "-" "Mozilla/5.0 (compatible; AhrefsBot/7.0; +http://ahrefs.com/robot/)" "-"
82.165.88.0 - - [06/Jan/2026:04:13:58 +0100] "POST /wp-cron.php?doing_wp_cron=1767669238.5389540195465087890625 HTTP/1.1" 200 - simoneyoga.de "-" "WordPress/6.9; https://simoneyoga.de" "-"
5.188.87.0 - - [06/Jan/2026:04:17:14 +0100] "GET /wp-content/plugins/wc-designer-pro/assets/css/wcdp-design.min.css HTTP/1.1" 404 83878 simoneyoga.de "-" "Mozilla/5.0 (Windows NT 10.0; Win64; x64) AppleWebKit/537.36" "-"
82.165.88.0 - - [06/Jan/2026:04:17:15 +0100] "POST /wp-cron.php?doing_wp_cron=1767669435.0718541145324707031250 HTTP/1.1" 200 - simoneyoga.de "-" "WordPress/6.9; https://simoneyoga.de" "-"
66.249.76.0 - - [06/Jan/2026:04:17:41 +0100] "GET /post-archive-sitemap.xml HTTP/1.1" 200 690 simoneyoga.de "-" "Mozilla/5.0 (compatible; Googlebot/2.1; +http://www.google.com/bot.html)" "-"
66.249.68.0 - - [06/Jan/2026:04:18:29 +0100] "GET /tag/psoas/ HTTP/1.1" 200 86461 simoneyoga.de "-" "Mozilla/5.0 (Linux; Android 6.0.1; Nexus 5X Build/MMB29P) AppleWebKit/537.36 (KHTML, like Gecko) Chrome/141.0.7390.122 Mobile Safari/537.36 (compatible; Googlebot/2.1; +http://www.google.com/bot.html)" "-"
82.165.88.0 - - [06/Jan/2026:04:18:30 +0100] "POST /wp-cron.php?doing_wp_cron=1767669510.3316969871520996093750 HTTP/1.1" 200 - simoneyoga.de "-" "WordPress/6.9; https://simoneyoga.de" "-"
2a03:2880:f800:: - - [06/Jan/2026:04:22:56 +0100] "GET /media-category/asana-labor/ HTTP/1.1" 302 - simoneyoga.de "-" "meta-externalagent/1.1 (+https://developers.facebook.com/docs/sharing/webmasters/crawler)" "-"
82.165.88.0 - - [06/Jan/2026:04:22:57 +0100] "POST /wp-cron.php?doing_wp_cron=1767669777.0895869731903076171875 HTTP/1.1" 200 - simoneyoga.de "-" "WordPress/6.9; https://simoneyoga.de" "-"
185.102.115.0 - - [06/Jan/2026:04:28:43 +0100] "GET /wp-content/plugins/init-help/init.php HTTP/1.1" 404 83668 simoneyoga.de "-" "Mozilla/5.0 (Windows NT 10.0; Win64; x64; rv:146.0) Gecko/20100101 Firefox/146.0" "-"
82.165.88.0 - - [06/Jan/2026:04:28:44 +0100] "POST /wp-cron.php?doing_wp_cron=1767670124.2657680511474609375000 HTTP/1.1" 200 - simoneyoga.de "-" "WordPress/6.9; https://simoneyoga.de" "-"
43.131.32.0 - - [06/Jan/2026:04:30:10 +0100] "GET / HTTP/1.1" 200 349337 simoneyoga.de "http://lemonflow.de" "Mozilla/5.0 (iPhone; CPU iPhone OS 13_2_3 like Mac OS X) AppleWebKit/605.1.15 (KHTML, like Gecko) Version/13.0.3 Mobile/15E148 Safari/604.1" "-"
82.165.88.0 - - [06/Jan/2026:04:30:11 +0100] "GET /__lfliveklassen.json HTTP/1.1" 200 439 simoneyoga.de "-" "WordPress/6.9; https://simoneyoga.de" "-"
82.165.88.0 - - [06/Jan/2026:04:30:12 +0100] "POST /wp-cron.php?doing_wp_cron=1767670212.0599720478057861328125 HTTP/1.1" 200 - simoneyoga.de "-" "WordPress/6.9; https://simoneyoga.de" "-"
2a02:598:100:: - - [06/Jan/2026:04:38:57 +0100] "GET /video-type-sitemap.xml HTTP/1.1" 200 700 simoneyoga.de "-" "Mozilla/5.0 (compatible; SeznamBot/4.0; +https://o-seznam.cz/napoveda/vyhledavani/en/seznambot-crawler/)" "-"
82.165.88.0 - - [06/Jan/2026:04:38:57 +0100] "POST /wp-cron.php?doing_wp_cron=1767670737.8213479518890380859375 HTTP/1.1" 200 - simoneyoga.de "-" "WordPress/6.9; https://simoneyoga.de" "-"
2a02:598:100:: - - [06/Jan/2026:04:38:57 +0100] "GET /robots.txt HTTP/1.1" 200 159 simoneyoga.de "-" "Mozilla/5.0 (compatible; SeznamBot/4.0; +https://o-seznam.cz/napoveda/vyhledavani/en/seznambot-crawler/)" "-"
130.211.108.0 - - [06/Jan/2026:04:40:39 +0100] "GET /robots.txt HTTP/1.1" 200 159 simoneyoga.de "-" "Mozilla/5.0 (compatible; VelenPublicWebCrawler/1.0; +https://velen.io)" "-"
82.165.88.0 - - [06/Jan/2026:04:40:40 +0100] "POST /wp-cron.php?doing_wp_cron=1767670840.1338880062103271484375 HTTP/1.1" 200 - simoneyoga.de "-" "WordPress/6.9; https://simoneyoga.de" "-"
130.211.108.0 - - [06/Jan/2026:04:40:41 +0100] "GET /impressum HTTP/1.1" 301 - simoneyoga.de "-" "Mozilla/5.0 (compatible; VelenPublicWebCrawler/1.0; +https://velen.io)" "-"
130.211.108.0 - - [06/Jan/2026:04:40:44 +0100] "GET /impressum/ HTTP/1.1" 200 167288 simoneyoga.de "http://simoneyoga.de/impressum" "Mozilla/5.0 (compatible; VelenPublicWebCrawler/1.0; +https://velen.io)" "-"
46.248.185.0 - - [06/Jan/2026:04:43:43 +0100] "GET /feed HTTP/1.1" 301 - simoneyoga.de "-" "GuzzleHttp/7" "-"
82.165.88.0 - - [06/Jan/2026:04:43:44 +0100] "POST /wp-cron.php?doing_wp_cron=1767671024.3029530048370361328125 HTTP/1.1" 200 - simoneyoga.de "-" "WordPress/6.9; https://simoneyoga.de" "-"
46.248.185.0 - - [06/Jan/2026:04:43:45 +0100] "GET /feed/ HTTP/1.1" 200 1819 simoneyoga.de "-" "GuzzleHttp/7" "-"
2a02:598:100:: - - [06/Jan/2026:04:53:21 +0100] "GET /impressum/ HTTP/1.1" 200 167410 simoneyoga.de "-" "Mozilla/5.0 (compatible; SeznamBot/4.0; +https://o-seznam.cz/napoveda/vyhledavani/en/seznambot-crawler/)" "-"
82.165.88.0 - - [06/Jan/2026:04:53:22 +0100] "POST /wp-cron.php?doing_wp_cron=1767671602.2409520149230957031250 HTTP/1.1" 200 - simoneyoga.de "-" "WordPress/6.9; https://simoneyoga.de" "-"
2602:ffe4:: - - [06/Jan/2026:05:00:13 +0100] "GET /wp-content/uploads/2023/11/Bildschirmaufnahme-2023.11.20-11_39_05-1024x495.jpg HTTP/1.1" 200 45908 simoneyoga.de "https://simoneyoga.de" "Mozilla/5.0 (Linux; Android 5.0) AppleWebKit/537.36 (KHTML, like Gecko) Mobile Safari/537.36 (compatible; Bytespider; spider-feedback@bytedance.com)" "-"
54.39.0.0 - - [06/Jan/2026:05:00:20 +0100] "GET /robots.txt HTTP/1.1" 200 159 simoneyoga.de "-" "Mozilla/5.0 (compatible; AhrefsBot/7.0; +http://ahrefs.com/robot/)" "-"
82.165.88.0 - - [06/Jan/2026:05:00:21 +0100] "POST /wp-cron.php?doing_wp_cron=1767672021.0214130878448486328125 HTTP/1.1" 200 - simoneyoga.de "-" "WordPress/6.9; https://simoneyoga.de" "-"
15.235.27.0 - - [06/Jan/2026:05:00:25 +0100] "GET /abo/ HTTP/1.1" 200 112891 simoneyoga.de "-" "Mozilla/5.0 (compatible; AhrefsBot/7.0; +http://ahrefs.com/robot/)" "-"
13.222.190.0 - - [06/Jan/2026:05:12:01 +0100] "GET /robots.txt HTTP/1.1" 200 159 simoneyoga.de "-" "Mozilla/5.0 (Macintosh; Intel Mac OS X 10_15_7) AppleWebKit/537.36 (KHTML, like Gecko) Chrome/108.0.0.0 Safari/537.36" "-"
82.165.88.0 - - [06/Jan/2026:05:12:02 +0100] "POST /wp-cron.php?doing_wp_cron=1767672722.7278640270233154296875 HTTP/1.1" 200 - simoneyoga.de "-" "WordPress/6.9; https://simoneyoga.de" "-"
114.119.149.0 - - [06/Jan/2026:05:15:37 +0100] "GET /media-genre/live-aufzeichnungen/ HTTP/1.1" 301 - simoneyoga.de "https://simoneyoga.de/tag/flow/page/1/" "Mozilla/5.0 (Linux; Android 7.0;) AppleWebKit/537.36 (KHTML, like Gecko) Mobile Safari/537.36 (compatible; PetalBot;+https://webmaster.petalsearch.com/site/petalbot)" "-"
82.165.88.0 - - [06/Jan/2026:05:15:38 +0100] "POST /wp-cron.php?doing_wp_cron=1767672938.6821510791778564453125 HTTP/1.1" 200 - simoneyoga.de "-" "WordPress/6.9; https://simoneyoga.de" "-"
114.119.149.0 - - [06/Jan/2026:05:15:43 +0100] "GET /live-aufzeichnungen/ HTTP/1.1" 200 178173 simoneyoga.de "https://simoneyoga.de/tag/flow/page/1/" "Mozilla/5.0 (Linux; Android 7.0;) AppleWebKit/537.36 (KHTML, like Gecko) Mobile Safari/537.36 (compatible; PetalBot;+https://webmaster.petalsearch.com/site/petalbot)" "-"
106.227.49.0 - - [06/Jan/2026:05:16:29 +0100] "GET / HTTP/1.1" 301 - www.simoneyoga.de "-" "Mozilla/5.0 (iPhone; CPU iPhone OS 13_2_3 like Mac OS X) AppleWebKit/605.1.15 (KHTML, like Gecko) Version/13.0.3 Mobile/15E148 Safari/604.1" "-"
82.165.88.0 - - [06/Jan/2026:05:16:30 +0100] "POST /wp-cron.php?doing_wp_cron=1767672990.6658179759979248046875 HTTP/1.1" 200 - simoneyoga.de "-" "WordPress/6.9; https://simoneyoga.de" "-"
106.227.49.0 - - [06/Jan/2026:05:16:33 +0100] "GET / HTTP/1.1" 200 349337 simoneyoga.de "http://www.simoneyoga.de" "Mozilla/5.0 (iPhone; CPU iPhone OS 13_2_3 like Mac OS X) AppleWebKit/605.1.15 (KHTML, like Gecko) Version/13.0.3 Mobile/15E148 Safari/604.1" "-"
82.165.88.0 - - [06/Jan/2026:05:16:34 +0100] "GET /__lfliveklassen.json HTTP/1.1" 200 439 simoneyoga.de "-" "WordPress/6.9; https://simoneyoga.de" "-"
54.145.186.0 - - [06/Jan/2026:05:17:11 +0100] "GET /impressum/ HTTP/1.1" 200 167410 simoneyoga.de "-" "TerraCotta https://github.com/CeramicTeam/CeramicTerracotta" "-"
82.165.88.0 - - [06/Jan/2026:05:17:12 +0100] "POST /wp-cron.php?doing_wp_cron=1767673032.1652390956878662109375 HTTP/1.1" 200 - simoneyoga.de "-" "WordPress/6.9; https://simoneyoga.de" "-"
161.118.217.0 - - [06/Jan/2026:05:20:32 +0100] "GET / HTTP/1.1" 301 - simoneyoga.de "http://ywh.de" "Mozilla/5.0 (iPad; CPU OS 17_4 like Mac OS X) AppleWebKit/605.1.15 Mobile/15E148" "-"
13.222.190.0 - - [06/Jan/2026:05:20:33 +0100] "GET / HTTP/1.1" 301 - simoneyoga.de "-" "Mozilla/5.0 (Macintosh; Intel Mac OS X 10_15_7) AppleWebKit/537.36 (KHTML, like Gecko) Chrome/108.0.0.0 Safari/537.36" "-"
82.165.88.0 - - [06/Jan/2026:05:20:33 +0100] "POST /wp-cron.php?doing_wp_cron=1767673233.7926790714263916015625 HTTP/1.1" 200 - simoneyoga.de "-" "WordPress/6.9; https://simoneyoga.de" "-"
13.222.190.0 - - [06/Jan/2026:05:20:34 +0100] "GET / HTTP/1.1" 200 349337 simoneyoga.de "-" "Mozilla/5.0 (Macintosh; Intel Mac OS X 10_15_7) AppleWebKit/537.36 (KHTML, like Gecko) Chrome/108.0.0.0 Safari/537.36" "-"
82.165.88.0 - - [06/Jan/2026:05:20:35 +0100] "GET /__lfliveklassen.json HTTP/1.1" 200 439 simoneyoga.de "-" "WordPress/6.9; https://simoneyoga.de" "-"
161.118.217.0 - - [06/Jan/2026:05:20:35 +0100] "GET / HTTP/1.1" 200 127559 simoneyoga.de "http://simoneyoga.de" "Mozilla/5.0 (iPad; CPU OS 17_4 like Mac OS X) AppleWebKit/605.1.15 Mobile/15E148" "-"
82.165.88.0 - - [06/Jan/2026:05:20:36 +0100] "GET /__lfliveklassen.json HTTP/1.1" 200 439 simoneyoga.de "-" "WordPress/6.9; https://simoneyoga.de" "-"
161.118.217.0 - - [06/Jan/2026:05:20:38 +0100] "GET / HTTP/1.1" 301 - simoneyoga.de "http://ywh.de" "Mozilla/5.0 (Android 13; Mobile; rv:117.0) Gecko/117.0 Firefox/117.0" "-"
161.118.217.0 - - [06/Jan/2026:05:20:39 +0100] "GET / HTTP/1.1" 200 349378 simoneyoga.de "http://simoneyoga.de" "Mozilla/5.0 (Android 13; Mobile; rv:117.0) Gecko/117.0 Firefox/117.0" "-"
82.165.88.0 - - [06/Jan/2026:05:20:40 +0100] "GET /__lfliveklassen.json HTTP/1.1" 200 439 simoneyoga.de "-" "WordPress/6.9; https://simoneyoga.de" "-"
161.118.217.0 - - [06/Jan/2026:05:20:42 +0100] "GET / HTTP/1.1" 503 299 simoneyoga.de "http://ywh.de" "Go-http-client/1.1" "-"
161.118.217.0 - - [06/Jan/2026:05:20:43 +0100] "GET /wp-admin/ HTTP/1.1" 302 - simoneyoga.de "http://ywh.de/wp-admin/" "Mozilla/5.0 (Android 13; Mobile; rv:117.0) Gecko/117.0 Firefox/117.0" "-"
161.118.217.0 - - [06/Jan/2026:05:20:44 +0100] "GET /wp-admin/ HTTP/1.1" 302 - simoneyoga.de "http://simoneyoga.de/wp-admin/" "Mozilla/5.0 (Android 13; Mobile; rv:117.0) Gecko/117.0 Firefox/117.0" "-"
161.118.217.0 - - [06/Jan/2026:05:20:45 +0100] "GET /wp-login.php?redirect_to=https%3A%2F%2Fsimoneyoga.de%2Fwp-admin%2F&reauth=1 HTTP/1.1" 302 - simoneyoga.de "https://simoneyoga.de/wp-admin/" "Mozilla/5.0 (Android 13; Mobile; rv:117.0) Gecko/117.0 Firefox/117.0" "-"
161.118.217.0 - - [06/Jan/2026:05:20:46 +0100] "GET /login/ HTTP/1.1" 200 127622 simoneyoga.de "https://simoneyoga.de/wp-login.php?redirect_to=https%3A%2F%2Fsimoneyoga.de%2Fwp-admin%2F&reauth=1" "Mozilla/5.0 (Android 13; Mobile; rv:117.0) Gecko/117.0 Firefox/117.0" "-"
161.118.217.0 - - [06/Jan/2026:05:20:48 +0100] "GET /administrator/ HTTP/1.1" 404 83443 simoneyoga.de "http://ywh.de/administrator/" "Mozilla/5.0 (X11; Linux x86_64) Gecko/20100101 Firefox/117.0" "-"
82.165.88.0 - - [06/Jan/2026:05:20:49 +0100] "POST /wp-cron.php?doing_wp_cron=1767673249.2882831096649169921875 HTTP/1.1" 200 - simoneyoga.de "-" "WordPress/6.9; https://simoneyoga.de" "-"
161.118.217.0 - - [06/Jan/2026:05:20:51 +0100] "GET /user/login HTTP/1.1" 301 - simoneyoga.de "http://ywh.de/user/login" "Mozilla/5.0 (iPhone; CPU iPhone OS 17_4_1 like Mac OS X) AppleWebKit/605.1.15 Mobile/15E148" "-"
161.118.217.0 - - [06/Jan/2026:05:20:52 +0100] "GET /login/ HTTP/1.1" 200 131634 simoneyoga.de "http://simoneyoga.de/user/login" "Mozilla/5.0 (iPhone; CPU iPhone OS 17_4_1 like Mac OS X) AppleWebKit/605.1.15 Mobile/15E148" "-"
161.118.217.0 - - [06/Jan/2026:05:20:54 +0100] "GET /admin HTTP/1.1" 302 - simoneyoga.de "http://ywh.de/admin" "Mozilla/5.0 (Macintosh; Intel Mac OS X 13_5_1) AppleWebKit/605.1.15 Safari/605.1.15" "-"
161.118.217.0 - - [06/Jan/2026:05:20:55 +0100] "GET /wp-admin/ HTTP/1.1" 302 - simoneyoga.de "http://simoneyoga.de/admin" "Mozilla/5.0 (Macintosh; Intel Mac OS X 13_5_1) AppleWebKit/605.1.15 Safari/605.1.15" "-"
161.118.217.0 - - [06/Jan/2026:05:20:56 +0100] "GET /wp-login.php?redirect_to=https%3A%2F%2Fsimoneyoga.de%2Fwp-admin%2F&reauth=1 HTTP/1.1" 302 - simoneyoga.de "https://simoneyoga.de/wp-admin/" "Mozilla/5.0 (Macintosh; Intel Mac OS X 13_5_1) AppleWebKit/605.1.15 Safari/605.1.15" "-"
161.118.217.0 - - [06/Jan/2026:05:20:57 +0100] "GET /login/ HTTP/1.1" 200 127622 simoneyoga.de "https://simoneyoga.de/wp-login.php?redirect_to=https%3A%2F%2Fsimoneyoga.de%2Fwp-admin%2F&reauth=1" "Mozilla/5.0 (Macintosh; Intel Mac OS X 13_5_1) AppleWebKit/605.1.15 Safari/605.1.15" "-"
161.118.217.0 - - [06/Jan/2026:05:21:00 +0100] "GET /login HTTP/1.1" 301 - simoneyoga.de "http://ywh.de/login" "Mozilla/5.0 (iPhone; CPU iPhone OS 17_4_1 like Mac OS X) AppleWebKit/605.1.15 Mobile/15E148" "-"
161.118.217.0 - - [06/Jan/2026:05:21:01 +0100] "GET /login/ HTTP/1.1" 200 131460 simoneyoga.de "http://simoneyoga.de/login" "Mozilla/5.0 (iPhone; CPU iPhone OS 17_4_1 like Mac OS X) AppleWebKit/605.1.15 Mobile/15E148" "-"
161.118.217.0 - - [06/Jan/2026:05:21:04 +0100] "GET /register HTTP/1.1" 404 83408 simoneyoga.de "http://ywh.de/register" "Mozilla/5.0 (X11; Linux x86_64) Gecko/20100101 Firefox/117.0" "-"
161.118.217.0 - - [06/Jan/2026:05:21:06 +0100] "GET /admin HTTP/1.1" 302 - simoneyoga.de "http://ywh.de/admin" "Mozilla/5.0 (Windows NT 10.0; Win64; x64) AppleWebKit/537.36 Chrome/116.0 Safari/537.36" "-"
161.118.217.0 - - [06/Jan/2026:05:21:07 +0100] "GET /wp-admin/ HTTP/1.1" 302 - simoneyoga.de "http://simoneyoga.de/admin" "Mozilla/5.0 (Windows NT 10.0; Win64; x64) AppleWebKit/537.36 Chrome/116.0 Safari/537.36" "-"
161.118.217.0 - - [06/Jan/2026:05:21:08 +0100] "GET /wp-login.php?redirect_to=https%3A%2F%2Fsimoneyoga.de%2Fwp-admin%2F&reauth=1 HTTP/1.1" 302 - simoneyoga.de "https://simoneyoga.de/wp-admin/" "Mozilla/5.0 (Windows NT 10.0; Win64; x64) AppleWebKit/537.36 Chrome/116.0 Safari/537.36" "-"
161.118.217.0 - - [06/Jan/2026:05:21:09 +0100] "GET /login/ HTTP/1.1" 200 120000 simoneyoga.de "https://simoneyoga.de/wp-login.php?redirect_to=https%3A%2F%2Fsimoneyoga.de%2Fwp-admin%2F&reauth=1" "Mozilla/5.0 (Windows NT 10.0; Win64; x64) AppleWebKit/537.36 Chrome/116.0 Safari/537.36" "-"
161.118.217.0 - - [06/Jan/2026:05:21:12 +0100] "GET /login HTTP/1.1" 301 - simoneyoga.de "http://ywh.de/login" "Mozilla/5.0 (Macintosh; Intel Mac OS X 13_5_1) AppleWebKit/605.1.15 Safari/605.1.15" "-"
161.118.217.0 - - [06/Jan/2026:05:21:13 +0100] "GET /login/ HTTP/1.1" 200 131460 simoneyoga.de "http://simoneyoga.de/login" "Mozilla/5.0 (Macintosh; Intel Mac OS X 13_5_1) AppleWebKit/605.1.15 Safari/605.1.15" "-"
40.77.167.0 - - [06/Jan/2026:05:25:20 +0100] "GET /robots.txt HTTP/1.1" 200 159 simoneyoga.de "-" "Mozilla/5.0 AppleWebKit/537.36 (KHTML, like Gecko; compatible; bingbot/2.0; +http://www.bing.com/bingbot.htm) Chrome/116.0.1938.76 Safari/537.36" "-"
82.165.88.0 - - [06/Jan/2026:05:25:21 +0100] "POST /wp-cron.php?doing_wp_cron=1767673521.5474629402160644531250 HTTP/1.1" 200 - simoneyoga.de "-" "WordPress/6.9; https://simoneyoga.de" "-"
40.77.167.0 - - [06/Jan/2026:05:25:31 +0100] "GET /events/flow3/ HTTP/1.1" 404 83443 simoneyoga.de "-" "Mozilla/5.0 AppleWebKit/537.36 (KHTML, like Gecko; compatible; bingbot/2.0; +http://www.bing.com/bingbot.htm) Chrome/116.0.1938.76 Safari/537.36" "-"
13.222.190.0 - - [06/Jan/2026:05:28:30 +0100] "GET /robots.txt HTTP/1.1" 200 159 simoneyoga.de "-" "Mozilla/5.0 (Macintosh; Intel Mac OS X 10_15_7) AppleWebKit/537.36 (KHTML, like Gecko) Chrome/108.0.0.0 Safari/537.36" "-"
82.165.88.0 - - [06/Jan/2026:05:28:31 +0100] "POST /wp-cron.php?doing_wp_cron=1767673711.1356790065765380859375 HTTP/1.1" 200 - simoneyoga.de "-" "WordPress/6.9; https://simoneyoga.de" "-"
54.145.186.0 - - [06/Jan/2026:05:34:28 +0100] "GET /tag/brustkorb/ HTTP/1.1" 200 86537 simoneyoga.de "-" "TerraCotta https://github.com/CeramicTeam/CeramicTerracotta" "-"
82.165.88.0 - - [06/Jan/2026:05:34:29 +0100] "POST /wp-cron.php?doing_wp_cron=1767674069.8960099220275878906250 HTTP/1.1" 200 - simoneyoga.de "-" "WordPress/6.9; https://simoneyoga.de" "-"
125.94.144.0 - - [06/Jan/2026:05:37:37 +0100] "GET / HTTP/1.1" 200 349337 simoneyoga.de "http://www.lemonflow.de" "Mozilla/5.0 (iPhone; CPU iPhone OS 13_2_3 like Mac OS X) AppleWebKit/605.1.15 (KHTML, like Gecko) Version/13.0.3 Mobile/15E148 Safari/604.1" "-"
82.165.88.0 - - [06/Jan/2026:05:37:38 +0100] "GET /__lfliveklassen.json HTTP/1.1" 200 439 simoneyoga.de "-" "WordPress/6.9; https://simoneyoga.de" "-"
82.165.88.0 - - [06/Jan/2026:05:37:38 +0100] "POST /wp-cron.php?doing_wp_cron=1767674258.2560169696807861328125 HTTP/1.1" 200 - simoneyoga.de "-" "WordPress/6.9; https://simoneyoga.de" "-"
114.119.147.0 - - [06/Jan/2026:05:39:42 +0100] "GET /media-type/videos/page/100/ HTTP/1.1" 404 83665 simoneyoga.de "https://simoneyoga.de/media-type/videos/page/99/" "Mozilla/5.0 (Linux; Android 7.0;) AppleWebKit/537.36 (KHTML, like Gecko) Mobile Safari/537.36 (compatible; PetalBot;+https://webmaster.petalsearch.com/site/petalbot)" "-"
82.165.88.0 - - [06/Jan/2026:05:39:43 +0100] "POST /wp-cron.php?doing_wp_cron=1767674383.3749990463256835937500 HTTP/1.1" 200 - simoneyoga.de "-" "WordPress/6.9; https://simoneyoga.de" "-"
46.248.185.0 - - [06/Jan/2026:05:43:59 +0100] "GET /feed HTTP/1.1" 301 - simoneyoga.de "-" "GuzzleHttp/7" "-"
82.165.88.0 - - [06/Jan/2026:05:44:00 +0100] "POST /wp-cron.php?doing_wp_cron=1767674640.5222139358520507812500 HTTP/1.1" 200 - simoneyoga.de "-" "WordPress/6.9; https://simoneyoga.de" "-"
46.248.185.0 - - [06/Jan/2026:05:44:01 +0100] "GET /feed/ HTTP/1.1" 200 1819 simoneyoga.de "-" "GuzzleHttp/7" "-"
54.145.186.0 - - [06/Jan/2026:05:51:41 +0100] "GET /tag/mond/ HTTP/1.1" 200 86442 simoneyoga.de "-" "TerraCotta https://github.com/CeramicTeam/CeramicTerracotta" "-"
82.165.88.0 - - [06/Jan/2026:05:51:42 +0100] "POST /wp-cron.php?doing_wp_cron=1767675102.1213550567626953125000 HTTP/1.1" 200 - simoneyoga.de "-" "WordPress/6.9; https://simoneyoga.de" "-"
51.161.37.0 - - [06/Jan/2026:05:59:17 +0100] "GET /sitemap.xml HTTP/1.1" 200 1887 simoneyoga.de "-" "Mozilla/5.0 (compatible; AhrefsBot/7.0; +http://ahrefs.com/robot/)" "-"
82.165.88.0 - - [06/Jan/2026:05:59:18 +0100] "POST /wp-cron.php?doing_wp_cron=1767675558.0848960876464843750000 HTTP/1.1" 200 - simoneyoga.de "-" "WordPress/6.9; https://simoneyoga.de" "-"
142.44.220.0 - - [06/Jan/2026:05:59:22 +0100] "GET /post-sitemap.xml HTTP/1.1" 200 930 simoneyoga.de "-" "Mozilla/5.0 (compatible; AhrefsBot/7.0; +http://ahrefs.com/robot/)" "-"
142.44.220.0 - - [06/Jan/2026:05:59:26 +0100] "GET /page-sitemap.xml HTTP/1.1" 200 28928 simoneyoga.de "-" "Mozilla/5.0 (compatible; AhrefsBot/7.0; +http://ahrefs.com/robot/)" "-"
148.113.130.0 - - [06/Jan/2026:05:59:31 +0100] "GET /e-landing-page-sitemap.xml HTTP/1.1" 200 842 simoneyoga.de "-" "Mozilla/5.0 (compatible; AhrefsBot/7.0; +http://ahrefs.com/robot/)" "-"
15.235.96.0 - - [06/Jan/2026:05:59:35 +0100] "GET /video_skrn-sitemap.xml HTTP/1.1" 200 4361 simoneyoga.de "-" "Mozilla/5.0 (compatible; AhrefsBot/7.0; +http://ahrefs.com/robot/)" "-"
5.102.173.0 - - [06/Jan/2026:05:59:36 +0100] "GET /robots.txt HTTP/1.1" 200 159 simoneyoga.de "-" "Mozilla/5.0 (compatible; MojeekBot/0.11; +https://www.mojeek.com/bot.html)" "-"
5.102.173.0 - - [06/Jan/2026:05:59:37 +0100] "GET /tag/mittlerer-ruecken/ HTTP/1.1" 200 86701 simoneyoga.de "-" "Mozilla/5.0 (compatible; MojeekBot/0.11; +https://www.mojeek.com/bot.html)" "-"
54.39.210.0 - - [06/Jan/2026:05:59:39 +0100] "GET /post-archive-sitemap.xml HTTP/1.1" 200 690 simoneyoga.de "-" "Mozilla/5.0 (compatible; AhrefsBot/7.0; +http://ahrefs.com/robot/)" "-"
54.39.203.0 - - [06/Jan/2026:05:59:44 +0100] "GET /category-sitemap.xml HTTP/1.1" 200 702 simoneyoga.de "-" "Mozilla/5.0 (compatible; AhrefsBot/7.0; +http://ahrefs.com/robot/)" "-"
51.161.37.0 - - [06/Jan/2026:05:59:48 +0100] "GET /post_tag-sitemap.xml HTTP/1.1" 200 1576 simoneyoga.de "-" "Mozilla/5.0 (compatible; AhrefsBot/7.0; +http://ahrefs.com/robot/)" "-"
82.165.88.0 - - [06/Jan/2026:05:59:49 +0100] "POST /wp-cron.php?doing_wp_cron=1767675589.2715730667114257812500 HTTP/1.1" 200 - simoneyoga.de "-" "WordPress/6.9; https://simoneyoga.de" "-"
51.161.65.0 - - [06/Jan/2026:05:59:54 +0100] "GET /video-type-sitemap.xml HTTP/1.1" 200 700 simoneyoga.de "-" "Mozilla/5.0 (compatible; AhrefsBot/7.0; +http://ahrefs.com/robot/)" "-"
15.235.96.0 - - [06/Jan/2026:05:59:58 +0100] "GET /video-genres-sitemap.xml HTTP/1.1" 200 1181 simoneyoga.de "-" "Mozilla/5.0 (compatible; AhrefsBot/7.0; +http://ahrefs.com/robot/)" "-"
51.161.37.0 - - [06/Jan/2026:06:00:02 +0100] "GET /video-category-sitemap.xml HTTP/1.1" 200 2596 simoneyoga.de "-" "Mozilla/5.0 (compatible; AhrefsBot/7.0; +http://ahrefs.com/robot/)" "-"
43.157.22.0 - - [06/Jan/2026:06:08:13 +0100] "GET / HTTP/1.1" 301 - www.simoneyoga.de "-" "Mozilla/5.0 (iPhone; CPU iPhone OS 13_2_3 like Mac OS X) AppleWebKit/605.1.15 (KHTML, like Gecko) Version/13.0.3 Mobile/15E148 Safari/604.1" "-"
82.165.88.0 - - [06/Jan/2026:06:08:14 +0100] "POST /wp-cron.php?doing_wp_cron=1767676094.3726940155029296875000 HTTP/1.1" 200 - simoneyoga.de "-" "WordPress/6.9; https://simoneyoga.de" "-"
82.165.88.0 - - [06/Jan/2026:06:08:16 +0100] "GET /__lfliveklassen.json HTTP/1.1" 200 439 simoneyoga.de "-" "WordPress/6.9; https://simoneyoga.de" "-"
43.157.22.0 - - [06/Jan/2026:06:08:16 +0100] "GET / HTTP/1.1" 200 349337 simoneyoga.de "http://www.simoneyoga.de" "Mozilla/5.0 (iPhone; CPU iPhone OS 13_2_3 like Mac OS X) AppleWebKit/605.1.15 (KHTML, like Gecko) Version/13.0.3 Mobile/15E148 Safari/604.1" "-"
192.36.53.0 - - [06/Jan/2026:06:08:51 +0100] "GET / HTTP/1.1" 200 349337 simoneyoga.de "http://lemonflow.de/" "Mozilla/5.0 (Linux; U; Android 13; sk-sk; Xiaomi 11T Pro Build/TKQ1.220829.002) AppleWebKit/537.36 (KHTML, like Gecko) Version/4.0 Chrome/112.0.5615.136 Mobile Safari/537.36 XiaoMi/MiuiBrowser/14.4.0-g" "-"
82.165.88.0 - - [06/Jan/2026:06:08:52 +0100] "GET /__lfliveklassen.json HTTP/1.1" 200 439 simoneyoga.de "-" "WordPress/6.9; https://simoneyoga.de" "-"
82.165.88.0 - - [06/Jan/2026:06:08:52 +0100] "POST /wp-cron.php?doing_wp_cron=1767676132.3289430141448974609375 HTTP/1.1" 200 - simoneyoga.de "-" "WordPress/6.9; https://simoneyoga.de" "-"
82.165.88.0 - - [06/Jan/2026:06:25:43 +0100] "POST /wp-cron.php?doing_wp_cron=1767677143.9088790416717529296875 HTTP/1.1" 200 - simoneyoga.de "-" "WordPress/6.9; https://simoneyoga.de" "-"
202.76.175.0 - - [06/Jan/2026:06:25:43 +0100] "GET /live-klassen/core-strentgh/ HTTP/1.1" 200 93887 simoneyoga.de "-" "Mozilla/5.0 (Windows NT 6.1) AppleWebKit/534.24 (KHTML, like Gecko) Chrome/12.0.702.0 Safari/534.24" "-"
114.119.147.0 - - [06/Jan/2026:06:29:58 +0100] "GET /datenschutz HTTP/1.1" 301 - simoneyoga.de "https://simoneyoga.de/live-aufzeichnungen" "Mozilla/5.0 (Linux; Android 7.0;) AppleWebKit/537.36 (KHTML, like Gecko) Mobile Safari/537.36 (compatible; PetalBot;+https://webmaster.petalsearch.com/site/petalbot)" "-"
82.165.88.0 - - [06/Jan/2026:06:29:59 +0100] "POST /wp-cron.php?doing_wp_cron=1767677399.7484929561614990234375 HTTP/1.1" 200 - simoneyoga.de "-" "WordPress/6.9; https://simoneyoga.de" "-"
114.119.147.0 - - [06/Jan/2026:06:30:01 +0100] "GET /datenschutz/ HTTP/1.1" 200 176996 simoneyoga.de "https://simoneyoga.de/live-aufzeichnungen" "Mozilla/5.0 (Linux; Android 7.0;) AppleWebKit/537.36 (KHTML, like Gecko) Mobile Safari/537.36 (compatible; PetalBot;+https://webmaster.petalsearch.com/site/petalbot)" "-"
43.157.148.0 - - [06/Jan/2026:06:30:19 +0100] "GET / HTTP/1.1" 301 - simoneyoga.de "http://ywh.de" "Mozilla/5.0 (iPhone; CPU iPhone OS 13_2_3 like Mac OS X) AppleWebKit/605.1.15 (KHTML, like Gecko) Version/13.0.3 Mobile/15E148 Safari/604.1" "-"
43.157.148.0 - - [06/Jan/2026:06:30:22 +0100] "GET / HTTP/1.1" 200 349378 simoneyoga.de "http://simoneyoga.de" "Mozilla/5.0 (iPhone; CPU iPhone OS 13_2_3 like Mac OS X) AppleWebKit/605.1.15 (KHTML, like Gecko) Version/13.0.3 Mobile/15E148 Safari/604.1" "-"
82.165.88.0 - - [06/Jan/2026:06:30:23 +0100] "GET /__lfliveklassen.json HTTP/1.1" 200 439 simoneyoga.de "-" "WordPress/6.9; https://simoneyoga.de" "-"
43.130.14.0 - - [06/Jan/2026:06:37:09 +0100] "GET / HTTP/1.1" 301 - simoneyoga.de "http://www.ywh.de" "Mozilla/5.0 (iPhone; CPU iPhone OS 13_2_3 like Mac OS X) AppleWebKit/605.1.15 (KHTML, like Gecko) Version/13.0.3 Mobile/15E148 Safari/604.1" "-"
82.165.88.0 - - [06/Jan/2026:06:37:10 +0100] "POST /wp-cron.php?doing_wp_cron=1767677830.3917210102081298828125 HTTP/1.1" 200 - simoneyoga.de "-" "WordPress/6.9; https://simoneyoga.de" "-"
43.130.14.0 - - [06/Jan/2026:06:37:12 +0100] "GET / HTTP/1.1" 200 349378 simoneyoga.de "http://simoneyoga.de" "Mozilla/5.0 (iPhone; CPU iPhone OS 13_2_3 like Mac OS X) AppleWebKit/605.1.15 (KHTML, like Gecko) Version/13.0.3 Mobile/15E148 Safari/604.1" "-"
82.165.88.0 - - [06/Jan/2026:06:37:13 +0100] "GET /__lfliveklassen.json HTTP/1.1" 200 439 simoneyoga.de "-" "WordPress/6.9; https://simoneyoga.de" "-"
54.39.6.0 - - [06/Jan/2026:06:40:44 +0100] "GET /sitemap.rss HTTP/1.1" 200 12106 simoneyoga.de "-" "Mozilla/5.0 (compatible; AhrefsBot/7.0; +http://ahrefs.com/robot/)" "-"
82.165.88.0 - - [06/Jan/2026:06:40:45 +0100] "POST /wp-cron.php?doing_wp_cron=1767678044.9887969493865966796875 HTTP/1.1" 200 - simoneyoga.de "-" "WordPress/6.9; https://simoneyoga.de" "-"
46.248.173.0 - - [06/Jan/2026:06:44:14 +0100] "GET /feed HTTP/1.1" 301 - simoneyoga.de "-" "GuzzleHttp/7" "-"
82.165.88.0 - - [06/Jan/2026:06:44:15 +0100] "POST /wp-cron.php?doing_wp_cron=1767678255.1459529399871826171875 HTTP/1.1" 200 - simoneyoga.de "-" "WordPress/6.9; https://simoneyoga.de" "-"
46.248.173.0 - - [06/Jan/2026:06:44:16 +0100] "GET /feed/ HTTP/1.1" 200 1819 simoneyoga.de "-" "GuzzleHttp/7" "-"
114.119.147.0 - - [06/Jan/2026:06:47:17 +0100] "GET /zoom-meetings?pak=QjhkTjBoSkhwc2NNTUVXWkl6bHR0QT09&join=YUJtT0JjT2pEMW02TVJTamFwYjFOdz09&type=meeting HTTP/1.1" 301 - simoneyoga.de "-" "Mozilla/5.0 (Linux; Android 7.0;) AppleWebKit/537.36 (KHTML, like Gecko) Mobile Safari/537.36 (compatible; PetalBot;+https://webmaster.petalsearch.com/site/petalbot)" "-"
82.165.88.0 - - [06/Jan/2026:06:47:18 +0100] "POST /wp-cron.php?doing_wp_cron=1767678438.3956758975982666015625 HTTP/1.1" 200 - simoneyoga.de "-" "WordPress/6.9; https://simoneyoga.de" "-"
114.119.147.0 - - [06/Jan/2026:06:47:20 +0100] "GET /zoom-meetings/?pak=QjhkTjBoSkhwc2NNTUVXWkl6bHR0QT09&join=YUJtT0JjT2pEMW02TVJTamFwYjFOdz09&type=meeting HTTP/1.1" 200 4338 simoneyoga.de "-" "Mozilla/5.0 (Linux; Android 7.0;) AppleWebKit/537.36 (KHTML, like Gecko) Mobile Safari/537.36 (compatible; PetalBot;+https://webmaster.petalsearch.com/site/petalbot)" "-"
212.34.141.0 - - [06/Jan/2026:06:47:57 +0100] "GET / HTTP/1.1" 200 349337 simoneyoga.de "http://LEMONFLOW.DE" "Mozilla/5.0 (Windows NT 10.0; Win64; x64) AppleWebKit/537.36 (KHTML, like Gecko) Chrome/120.0.0.0 Safari/537.36" "-"
82.165.88.0 - - [06/Jan/2026:06:47:58 +0100] "GET /__lfliveklassen.json HTTP/1.1" 200 439 simoneyoga.de "-" "WordPress/6.9; https://simoneyoga.de" "-"
82.165.88.0 - - [06/Jan/2026:06:47:58 +0100] "POST /wp-cron.php?doing_wp_cron=1767678478.2228291034698486328125 HTTP/1.1" 200 - simoneyoga.de "-" "WordPress/6.9; https://simoneyoga.de" "-"
82.165.88.0 - - [06/Jan/2026:06:48:17 +0100] "GET /__lfliveklassen.json HTTP/1.1" 200 439 simoneyoga.de "-" "WordPress/6.9; https://simoneyoga.de" "-"
2a04:4e41:100:: - - [06/Jan/2026:06:48:17 +0100] "GET / HTTP/1.1" 200 349337 simoneyoga.de "-" "Mozilla/5.0 (Macintosh; Intel Mac OS X 10_11_1) AppleWebKit/601.2.4 (KHTML, like Gecko) Version/9.0.1 Safari/601.2.4 facebookexternalhit/1.1 Facebot Twitterbot/1.0" "-"
114.119.140.0 - - [06/Jan/2026:06:48:40 +0100] "GET /wp-content/uploads/2024/12/Bildschirmaufnahme-2024.12.16-12_55_16-800x550.jpg HTTP/1.1" 200 34647 simoneyoga.de "https://simoneyoga.de/media-type/videos/page/6/" "Mozilla/5.0 (Linux; Android 7.0;) AppleWebKit/537.36 (KHTML, like Gecko) Mobile Safari/537.36 (compatible; PetalBot;+https://webmaster.petalsearch.com/site/petalbot)" "-"
114.119.150.0 - - [06/Jan/2026:06:50:05 +0100] "GET /tag/nerven HTTP/1.1" 301 - simoneyoga.de "-" "Mozilla/5.0 (Linux; Android 7.0;) AppleWebKit/537.36 (KHTML, like Gecko) Mobile Safari/537.36 (compatible; PetalBot;+https://webmaster.petalsearch.com/site/petalbot)" "-"
82.165.88.0 - - [06/Jan/2026:06:50:06 +0100] "POST /wp-cron.php?doing_wp_cron=1767678606.1485650539398193359375 HTTP/1.1" 200 - simoneyoga.de "-" "WordPress/6.9; https://simoneyoga.de" "-"
114.119.150.0 - - [06/Jan/2026:06:50:08 +0100] "GET /tag/nerven/ HTTP/1.1" 200 86480 simoneyoga.de "-" "Mozilla/5.0 (Linux; Android 7.0;) AppleWebKit/537.36 (KHTML, like Gecko) Mobile Safari/537.36 (compatible; PetalBot;+https://webmaster.petalsearch.com/site/petalbot)" "-"
114.119.141.0 - - [06/Jan/2026:06:51:27 +0100] "GET /abo-verlaengern/ HTTP/1.1" 200 126317 simoneyoga.de "https://simoneyoga.de/page-sitemap.xml" "Mozilla/5.0 (Linux; Android 7.0;) AppleWebKit/537.36 (KHTML, like Gecko) Mobile Safari/537.36 (compatible; PetalBot;+https://webmaster.petalsearch.com/site/petalbot)" "-"
82.165.88.0 - - [06/Jan/2026:06:51:28 +0100] "POST /wp-cron.php?doing_wp_cron=1767678688.0197319984436035156250 HTTP/1.1" 200 - simoneyoga.de "-" "WordPress/6.9; https://simoneyoga.de" "-"
114.119.162.0 - - [06/Jan/2026:06:52:50 +0100] "GET /tag/beginner/ HTTP/1.1" 200 86580 simoneyoga.de "https://simoneyoga.de/post_tag-sitemap.xml" "Mozilla/5.0 (Linux; Android 7.0;) AppleWebKit/537.36 (KHTML, like Gecko) Mobile Safari/537.36 (compatible; PetalBot;+https://webmaster.petalsearch.com/site/petalbot)" "-"
82.165.88.0 - - [06/Jan/2026:06:52:51 +0100] "POST /wp-cron.php?doing_wp_cron=1767678771.7929339408874511718750 HTTP/1.1" 200 - simoneyoga.de "-" "WordPress/6.9; https://simoneyoga.de" "-"
5.102.173.0 - - [06/Jan/2026:06:57:00 +0100] "GET /robots.txt HTTP/1.1" 200 159 simoneyoga.de "-" "Mozilla/5.0 (compatible; MojeekBot/0.11; +https://www.mojeek.com/bot.html)" "-"
82.165.88.0 - - [06/Jan/2026:06:57:00 +0100] "POST /wp-cron.php?doing_wp_cron=1767679020.8335781097412109375000 HTTP/1.1" 200 - simoneyoga.de "-" "WordPress/6.9; https://simoneyoga.de" "-"
5.102.173.0 - - [06/Jan/2026:06:57:01 +0100] "GET /title/technik-drills-twists/ HTTP/1.1" 404 83584 simoneyoga.de "-" "Mozilla/5.0 (compatible; MojeekBot/0.11; +https://www.mojeek.com/bot.html)" "-"
114.119.140.0 - - [06/Jan/2026:07:03:26 +0100] "GET /live-aufzeichnungen/page/24 HTTP/1.1" 301 - simoneyoga.de "https://simoneyoga.de/live-aufzeichnungen/page/24" "Mozilla/5.0 (Linux; Android 7.0;) AppleWebKit/537.36 (KHTML, like Gecko) Mobile Safari/537.36 (compatible; PetalBot;+https://webmaster.petalsearch.com/site/petalbot)" "-"
82.165.88.0 - - [06/Jan/2026:07:03:27 +0100] "POST /wp-cron.php?doing_wp_cron=1767679407.0933210849761962890625 HTTP/1.1" 200 - simoneyoga.de "-" "WordPress/6.9; https://simoneyoga.de" "-"
114.119.140.0 - - [06/Jan/2026:07:03:29 +0100] "GET /live-aufzeichnungen/page/24/ HTTP/1.1" 200 172367 simoneyoga.de "https://simoneyoga.de/live-aufzeichnungen/page/24" "Mozilla/5.0 (Linux; Android 7.0;) AppleWebKit/537.36 (KHTML, like Gecko) Mobile Safari/537.36 (compatible; PetalBot;+https://webmaster.petalsearch.com/site/petalbot)" "-"
220.181.108.0 - - [06/Jan/2026:07:05:33 +0100] "GET /media-type/videos/page/2/ HTTP/1.1" 429 227 simoneyoga.de "-" "Mozilla/5.0 (compatible; Baiduspider/2.0; +http://www.baidu.com/search/spider.html)" "-"
220.181.108.0 - - [06/Jan/2026:07:05:33 +0100] "GET /tag/niere/ HTTP/1.1" 429 227 simoneyoga.de "-" "Mozilla/5.0 (compatible; Baiduspider/2.0; +http://www.baidu.com/search/spider.html)" "-"
119.249.100.0 - - [06/Jan/2026:07:05:34 +0100] "GET /media-type/videos/page/2/ HTTP/1.1" 404 83577 simoneyoga.de "-" "Mozilla/5.0 (Windows NT 10.0; WOW64) AppleWebKit/537.36 (KHTML, like Gecko) Chrome/48.0.2564.116 Safari/537.36" "-"
82.165.88.0 - - [06/Jan/2026:07:05:35 +0100] "POST /wp-cron.php?doing_wp_cron=1767679535.0121951103210449218750 HTTP/1.1" 200 - simoneyoga.de "-" "WordPress/6.9; https://simoneyoga.de" "-"
119.249.100.0 - - [06/Jan/2026:07:05:37 +0100] "GET /tag/niere/ HTTP/1.1" 200 86461 simoneyoga.de "-" "Mozilla/5.0 (Windows NT 10.0; WOW64) AppleWebKit/537.36 (KHTML, like Gecko) Chrome/48.0.2564.116 Safari/537.36" "-"
116.179.33.0 - - [06/Jan/2026:07:05:42 +0100] "GET /wp-content/plugins/cookie-law-info/legacy/public/js/cookie-law-info-public.js?ver=3.3.9.1 HTTP/1.1" 200 34185 simoneyoga.de "https://simoneyoga.de/tag/niere/" "Mozilla/5.0 (Windows NT 10.0; Win64; x64) AppleWebKit/537.36 (KHTML, like Gecko) Chrome/99.0.4844.51 Safari/537.36" "-"
82.165.88.0 - - [06/Jan/2026:07:08:11 +0100] "POST /wp-cron.php?doing_wp_cron=1767679691.8934059143066406250000 HTTP/1.1" 200 - simoneyoga.de "-" "WordPress/6.9; https://simoneyoga.de" "-"
52.167.144.0 - - [06/Jan/2026:07:08:11 +0100] "GET /title/?post_type=video_skrn&search_keyword=2025 HTTP/1.1" 200 89743 simoneyoga.de "-" "Mozilla/5.0 AppleWebKit/537.36 (KHTML, like Gecko; compatible; bingbot/2.0; +http://www.bing.com/bingbot.htm) Chrome/116.0.1938.76 Safari/537.36" "-"
185.138.90.0 - - [06/Jan/2026:07:15:05 +0100] "GET /wp-content/uploads/2021/08/SimoneYoga2.svg HTTP/1.1" 200 10222 simoneyoga.de "-" "Mozilla/5.0 (Windows NT 10.0; Win64; x64) AppleWebKit/537.36 (KHTML, like Gecko) Chrome/140.0.0.0 Safari/537.36" "-"
157.55.39.0 - - [06/Jan/2026:07:22:28 +0100] "GET /tag/flow HTTP/1.1" 301 - simoneyoga.de "-" "Mozilla/5.0 AppleWebKit/537.36 (KHTML, like Gecko; compatible; bingbot/2.0; +http://www.bing.com/bingbot.htm) Chrome/116.0.1938.76 Safari/537.36" "-"
82.165.88.0 - - [06/Jan/2026:07:22:29 +0100] "POST /wp-cron.php?doing_wp_cron=1767680549.0321528911590576171875 HTTP/1.1" 200 - simoneyoga.de "-" "WordPress/6.9; https://simoneyoga.de" "-"
157.55.39.0 - - [06/Jan/2026:07:22:30 +0100] "GET /tag/flow/ HTTP/1.1" 200 91426 simoneyoga.de "-" "Mozilla/5.0 AppleWebKit/537.36 (KHTML, like Gecko; compatible; bingbot/2.0; +http://www.bing.com/bingbot.htm) Chrome/116.0.1938.76 Safari/537.36" "-"
114.119.156.0 - - [06/Jan/2026:07:25:25 +0100] "GET /members-profile-page HTTP/1.1" 302 - simoneyoga.de "-" "Mozilla/5.0 (Linux; Android 7.0;) AppleWebKit/537.36 (KHTML, like Gecko) Mobile Safari/537.36 (compatible; PetalBot;+https://webmaster.petalsearch.com/site/petalbot)" "-"
82.165.88.0 - - [06/Jan/2026:07:25:26 +0100] "POST /wp-cron.php?doing_wp_cron=1767680726.1996190547943115234375 HTTP/1.1" 200 - simoneyoga.de "-" "WordPress/6.9; https://simoneyoga.de" "-"
114.119.156.0 - - [06/Jan/2026:07:25:28 +0100] "GET /login/?restricted=page HTTP/1.1" 200 131596 simoneyoga.de "-" "Mozilla/5.0 (Linux; Android 7.0;) AppleWebKit/537.36 (KHTML, like Gecko) Mobile Safari/537.36 (compatible; PetalBot;+https://webmaster.petalsearch.com/site/petalbot)" "-"
62.113.117.0 - - [06/Jan/2026:07:25:53 +0100] "GET /robots.txt HTTP/1.1" 200 159 simoneyoga.de "-" "Mozilla/5.0 (compatible; MJ12bot/v1.4.8; http://mj12bot.com/)" "-"
82.165.88.0 - - [06/Jan/2026:07:25:54 +0100] "POST /wp-cron.php?doing_wp_cron=1767680754.4150269031524658203125 HTTP/1.1" 200 - simoneyoga.de "-" "WordPress/6.9; https://simoneyoga.de" "-"
62.113.117.0 - - [06/Jan/2026:07:25:57 +0100] "GET /title/kundalini-energielevel-%E2%AC%86%EF%B8%8F/ HTTP/1.1" 404 83724 simoneyoga.de "-" "Mozilla/5.0 (compatible; MJ12bot/v1.4.8; http://mj12bot.com/)" "-"
62.113.117.0 - - [06/Jan/2026:07:25:59 +0100] "GET /title/stay-cool%F0%9F%98%8E/ HTTP/1.1" 404 83584 simoneyoga.de "-" "Mozilla/5.0 (compatible; MJ12bot/v1.4.8; http://mj12bot.com/)" "-"
62.113.117.0 - - [06/Jan/2026:07:26:02 +0100] "GET /title/tag-3-energielevel-%F0%9F%94%9D/ HTTP/1.1" 404 83654 simoneyoga.de "-" "Mozilla/5.0 (compatible; MJ12bot/v1.4.8; http://mj12bot.com/)" "-"
114.119.140.0 - - [06/Jan/2026:07:26:47 +0100] "GET /media-category/homepage/ HTTP/1.1" 302 - simoneyoga.de "https://simoneyoga.de/video-category-sitemap.xml" "Mozilla/5.0 (Linux; Android 7.0;) AppleWebKit/537.36 (KHTML, like Gecko) Mobile Safari/537.36 (compatible; PetalBot;+https://webmaster.petalsearch.com/site/petalbot)" "-"
82.165.88.0 - - [06/Jan/2026:07:26:48 +0100] "POST /wp-cron.php?doing_wp_cron=1767680808.4706640243530273437500 HTTP/1.1" 200 - simoneyoga.de "-" "WordPress/6.9; https://simoneyoga.de" "-"
