114.119.150.0 - - [06/Jan/2026:02:38:51 +0100] "GET /media-category/rauhnaechte HTTP/1.1" 301 - simoneyoga.de "-" "Mozilla/5.0 (Linux; Android 7.0;) AppleWebKit/537.36 (KHTML, like Gecko) Mobile Safari/537.36 (compatible; PetalBot;+https://webmaster.petalsearch.com/site/petalbot)" "-"
82.165.88.0 - - [06/Jan/2026:02:38:52 +0100] "POST /wp-cron.php?doing_wp_cron=1767663532.1118180751800537109375 HTTP/1.1" 200 - simoneyoga.de "-" "WordPress/6.9; https://simoneyoga.de" "-"
114.119.150.0 - - [06/Jan/2026:02:38:53 +0100] "GET /media-category/rauhnaechte/ HTTP/1.1" 200 85284 simoneyoga.de "-" "Mozilla/5.0 (Linux; Android 7.0;) AppleWebKit/537.36 (KHTML, like Gecko) Mobile Safari/537.36 (compatible; PetalBot;+https://webmaster.petalsearch.com/site/petalbot)" "-"
2a02:598:100:: - - [06/Jan/2026:02:39:51 +0100] "GET /page-sitemap.xml HTTP/1.1" 200 28928 simoneyoga.de "-" "Mozilla/5.0 (compatible; SeznamBot/4.0; +https://o-seznam.cz/napoveda/vyhledavani/en/seznambot-crawler/)" "-"
82.165.88.0 - - [06/Jan/2026:02:39:52 +0100] "POST /wp-cron.php?doing_wp_cron=1767663592.6184179782867431640625 HTTP/1.1" 200 - simoneyoga.de "-" "WordPress/6.9; https://simoneyoga.de" "-"
114.119.150.0 - - [06/Jan/2026:02:40:14 +0100] "GET /live-aufzeichnungen/page/42 HTTP/1.1" 301 - simoneyoga.de "-" "Mozilla/5.0 (Linux; Android 7.0;) AppleWebKit/537.36 (KHTML, like Gecko) Mobile Safari/537.36 (compatible; PetalBot;+https://webmaster.petalsearch.com/site/petalbot)" "-"
114.119.150.0 - - [06/Jan/2026:02:40:16 +0100] "GET /live-aufzeichnungen/page/42/ HTTP/1.1" 200 172294 simoneyoga.de "-" "Mozilla/5.0 (Linux; Android 7.0;) AppleWebKit/537.36 (KHTML, like Gecko) Mobile Safari/537.36 (compatible; PetalBot;+https://webmaster.petalsearch.com/site/petalbot)" "-"
2a03:2880:f800:: - - [06/Jan/2026:02:40:37 +0100] "GET /title/atem-nerven/ HTTP/1.1" 301 - simoneyoga.de "-" "meta-externalagent/1.1 (+https://developers.facebook.com/docs/sharing/webmasters/crawler)" "-"
54.39.136.0 - - [06/Jan/2026:02:40:43 +0100] "GET /sitemap.xml HTTP/1.1" 200 1887 simoneyoga.de "-" "Mozilla/5.0 (compatible; AhrefsBot/7.0; +http://ahrefs.com/robot/)" "-"
82.165.88.0 - - [06/Jan/2026:02:40:48 +0100] "POST /wp-cron.php?doing_wp_cron=1767663648.8158419132232666015625 HTTP/1.1" 200 - simoneyoga.de "-" "WordPress/6.9; https://simoneyoga.de" "-"
15.235.96.0 - - [06/Jan/2026:02:40:48 +0100] "GET /post-sitemap.xml HTTP/1.1" 200 930 simoneyoga.de "-" "Mozilla/5.0 (compatible; AhrefsBot/7.0; +http://ahrefs.com/robot/)" "-"
142.44.220.0 - - [06/Jan/2026:02:40:53 +0100] "GET /page-sitemap.xml HTTP/1.1" 200 28928 simoneyoga.de "-" "Mozilla/5.0 (compatible; AhrefsBot/7.0; +http://ahrefs.com/robot/)" "-"
51.222.95.0 - - [06/Jan/2026:02:40:57 +0100] "GET /e-landing-page-sitemap.xml HTTP/1.1" 200 842 simoneyoga.de "-" "Mozilla/5.0 (compatible; AhrefsBot/7.0; +http://ahrefs.com/robot/)" "-"
51.161.37.0 - - [06/Jan/2026:02:41:02 +0100] "GET /video_skrn-sitemap.xml HTTP/1.1" 200 4361 simoneyoga.de "-" "Mozilla/5.0 (compatible; AhrefsBot/7.0; +http://ahrefs.com/robot/)" "-"
148.113.130.0 - - [06/Jan/2026:02:41:06 +0100] "GET /post-archive-sitemap.xml HTTP/1.1" 200 690 simoneyoga.de "-" "Mozilla/5.0 (compatible; AhrefsBot/7.0; +http://ahrefs.com/robot/)" "-"
148.113.130.0 - - [06/Jan/2026:02:41:10 +0100] "GET /category-sitemap.xml HTTP/1.1" 200 702 simoneyoga.de "-" "Mozilla/5.0 (compatible; AhrefsBot/7.0; +http://ahrefs.com/robot/)" "-"
148.113.130.0 - - [06/Jan/2026:02:41:15 +0100] "GET /post_tag-sitemap.xml HTTP/1.1" 200 1576 simoneyoga.de "-" "Mozilla/5.0 (compatible; AhrefsBot/7.0; +http://ahrefs.com/robot/)" "-"
142.44.233.0 - - [06/Jan/2026:02:41:19 +0100] "GET /video-type-sitemap.xml HTTP/1.1" 200 700 simoneyoga.de "-" "Mozilla/5.0 (compatible; AhrefsBot/7.0; +http://ahrefs.com/robot/)" "-"
148.113.128.0 - - [06/Jan/2026:02:41:24 +0100] "GET /video-genres-sitemap.xml HTTP/1.1" 200 1181 simoneyoga.de "-" "Mozilla/5.0 (compatible; AhrefsBot/7.0; +http://ahrefs.com/robot/)" "-"
54.39.89.0 - - [06/Jan/2026:02:41:28 +0100] "GET /video-category-sitemap.xml HTTP/1.1" 200 2596 simoneyoga.de "-" "Mozilla/5.0 (compatible; AhrefsBot/7.0; +http://ahrefs.com/robot/)" "-"
114.119.162.0 - - [06/Jan/2026:02:41:37 +0100] "GET /fit-flow/page/5/ HTTP/1.1" 404 83570 simoneyoga.de "https://simoneyoga.de/fit-flow/page/4/" "Mozilla/5.0 (Linux; Android 7.0;) AppleWebKit/537.36 (KHTML, like Gecko) Mobile Safari/537.36 (compatible; PetalBot;+https://webmaster.petalsearch.com/site/petalbot)" "-"
114.119.149.0 - - [06/Jan/2026:02:43:02 +0100] "GET /datenschutzerklaerung HTTP/1.1" 301 - simoneyoga.de "-" "Mozilla/5.0 (Linux; Android 7.0;) AppleWebKit/537.36 (KHTML, like Gecko) Mobile Safari/537.36 (compatible; PetalBot;+https://webmaster.petalsearch.com/site/petalbot)" "-"
82.165.88.0 - - [06/Jan/2026:02:43:02 +0100] "POST /wp-cron.php?doing_wp_cron=1767663782.9092030525207519531250 HTTP/1.1" 200 - simoneyoga.de "-" "WordPress/6.9; https://simoneyoga.de" "-"
114.119.149.0 - - [06/Jan/2026:02:43:05 +0100] "GET /datenschutzerklaerung/ HTTP/1.1" 200 94140 simoneyoga.de "-" "Mozilla/5.0 (Linux; Android 7.0;) AppleWebKit/537.36 (KHTML, like Gecko) Mobile Safari/537.36 (compatible; PetalBot;+https://webmaster.petalsearch.com/site/petalbot)" "-"
46.248.185.0 - - [06/Jan/2026:02:43:26 +0100] "GET /feed HTTP/1.1" 301 - simoneyoga.de "-" "GuzzleHttp/7" "-"
82.165.88.0 - - [06/Jan/2026:02:43:27 +0100] "POST /wp-cron.php?doing_wp_cron=1767663807.6556029319763183593750 HTTP/1.1" 200 - simoneyoga.de "-" "WordPress/6.9; https://simoneyoga.de" "-"
46.248.185.0 - - [06/Jan/2026:02:43:28 +0100] "GET /feed/ HTTP/1.1" 200 1819 simoneyoga.de "-" "GuzzleHttp/7" "-"
82.165.88.0 - - [06/Jan/2026:02:44:26 +0100] "POST /wp-cron.php?doing_wp_cron=1767663866.7272260189056396484375 HTTP/1.1" 200 - simoneyoga.de "-" "WordPress/6.9; https://simoneyoga.de" "-"
114.119.141.0 - - [06/Jan/2026:02:44:26 +0100] "GET /asana-labor/page/6 HTTP/1.1" 301 - simoneyoga.de "-" "Mozilla/5.0 (Linux; Android 7.0;) AppleWebKit/537.36 (KHTML, like Gecko) Mobile Safari/537.36 (compatible; PetalBot;+https://webmaster.petalsearch.com/site/petalbot)" "-"
114.119.141.0 - - [06/Jan/2026:02:44:29 +0100] "GET /asana-labor/page/6/ HTTP/1.1" 200 172927 simoneyoga.de "-" "Mozilla/5.0 (Linux; Android 7.0;) AppleWebKit/537.36 (KHTML, like Gecko) Mobile Safari/537.36 (compatible; PetalBot;+https://webmaster.petalsearch.com/site/petalbot)" "-"
114.119.141.0 - - [06/Jan/2026:02:45:49 +0100] "GET /wp-content/uploads/2024/04/Bildschirmaufnahme-2024.04.18-11_04_30-800x550.jpg HTTP/1.1" 200 30319 simoneyoga.de "https://simoneyoga.de/atem-nerven/page/5/" "Mozilla/5.0 (Linux; Android 7.0;) AppleWebKit/537.36 (KHTML, like Gecko) Mobile Safari/537.36 (compatible; PetalBot;+https://webmaster.petalsearch.com/site/petalbot)" "-"
2a03:2880:f800:: - - [06/Jan/2026:02:47:02 +0100] "GET /news_sitemap.xml HTTP/1.1" 404 83500 simoneyoga.de "-" "meta-externalagent/1.1 (+https://developers.facebook.com/docs/sharing/webmasters/crawler)" "-"
82.165.88.0 - - [06/Jan/2026:02:47:03 +0100] "POST /wp-cron.php?doing_wp_cron=1767664023.0477368831634521484375 HTTP/1.1" 200 - simoneyoga.de "-" "WordPress/6.9; https://simoneyoga.de" "-"
114.119.162.0 - - [06/Jan/2026:02:47:13 +0100] "GET /members-profile-page/ HTTP/1.1" 302 - simoneyoga.de "-" "Mozilla/5.0 (Linux; Android 7.0;) AppleWebKit/537.36 (KHTML, like Gecko) Mobile Safari/537.36 (compatible; PetalBot;+https://webmaster.petalsearch.com/site/petalbot)" "-"
114.119.162.0 - - [06/Jan/2026:02:47:15 +0100] "GET /login/?restricted=page HTTP/1.1" 200 131596 simoneyoga.de "-" "Mozilla/5.0 (Linux; Android 7.0;) AppleWebKit/537.36 (KHTML, like Gecko) Mobile Safari/537.36 (compatible; PetalBot;+https://webmaster.petalsearch.com/site/petalbot)" "-"
114.119.141.0 - - [06/Jan/2026:02:48:35 +0100] "GET /live-aufzeichnungen/page/61/ HTTP/1.1" 200 172367 simoneyoga.de "https://simoneyoga.de/live-aufzeichnungen/page/61" "Mozilla/5.0 (Linux; Android 7.0;) AppleWebKit/537.36 (KHTML, like Gecko) Mobile Safari/537.36 (compatible; PetalBot;+https://webmaster.petalsearch.com/site/petalbot)" "-"
82.165.88.0 - - [06/Jan/2026:02:48:36 +0100] "POST /wp-cron.php?doing_wp_cron=1767664116.9121909141540527343750 HTTP/1.1" 200 - simoneyoga.de "-" "WordPress/6.9; https://simoneyoga.de" "-"
114.119.150.0 - - [06/Jan/2026:02:50:00 +0100] "GET /live-aufzeichnungen/page/16 HTTP/1.1" 301 - simoneyoga.de "-" "Mozilla/5.0 (Linux; Android 7.0;) AppleWebKit/537.36 (KHTML, like Gecko) Mobile Safari/537.36 (compatible; PetalBot;+https://webmaster.petalsearch.com/site/petalbot)" "-"
82.165.88.0 - - [06/Jan/2026:02:50:03 +0100] "POST /wp-cron.php?doing_wp_cron=1767664203.6286261081695556640625 HTTP/1.1" 200 - simoneyoga.de "-" "WordPress/6.9; https://simoneyoga.de" "-"
114.119.150.0 - - [06/Jan/2026:02:50:06 +0100] "GET /live-aufzeichnungen/page/16/ HTTP/1.1" 200 172294 simoneyoga.de "-" "Mozilla/5.0 (Linux; Android 7.0;) AppleWebKit/537.36 (KHTML, like Gecko) Mobile Safari/537.36 (compatible; PetalBot;+https://webmaster.petalsearch.com/site/petalbot)" "-"
2a03:2880:f800:: - - [06/Jan/2026:02:51:19 +0100] "GET /retreat-2026/ HTTP/1.1" 404 83472 simoneyoga.de "-" "meta-externalagent/1.1 (+https://developers.facebook.com/docs/sharing/webmasters/crawler)" "-"
82.165.88.0 - - [06/Jan/2026:02:51:20 +0100] "POST /wp-cron.php?doing_wp_cron=1767664280.2247819900512695312500 HTTP/1.1" 200 - simoneyoga.de "-" "WordPress/6.9; https://simoneyoga.de" "-"
2a03:2880:f800:: - - [06/Jan/2026:02:51:38 +0100] "GET /media-category/intro/ HTTP/1.1" 302 - simoneyoga.de "-" "meta-externalagent/1.1 (+https://developers.facebook.com/docs/sharing/webmasters/crawler)" "-"
2a03:2880:f800:: - - [06/Jan/2026:02:52:55 +0100] "GET /media-category/live-aufzeichnungen/ HTTP/1.1" 302 - simoneyoga.de "-" "meta-externalagent/1.1 (+https://developers.facebook.com/docs/sharing/webmasters/crawler)" "-"
82.165.88.0 - - [06/Jan/2026:02:52:56 +0100] "POST /wp-cron.php?doing_wp_cron=1767664376.5051970481872558593750 HTTP/1.1" 200 - simoneyoga.de "-" "WordPress/6.9; https://simoneyoga.de" "-"
2a03:2880:f800:: - - [06/Jan/2026:02:52:59 +0100] "GET /home/ HTTP/1.1" 302 - simoneyoga.de "-" "meta-externalagent/1.1 (+https://developers.facebook.com/docs/sharing/webmasters/crawler)" "-"
47.128.119.0 - - [06/Jan/2026:02:54:19 +0100] "GET /tag/meridiane/ HTTP/1.1" 200 86537 simoneyoga.de "-" "Mozilla/5.0 (Linux; Android 5.0) AppleWebKit/537.36 (KHTML, like Gecko) Mobile Safari/537.36 (compatible; Bytespider; spider-feedback@bytedance.com)" "-"
82.165.88.0 - - [06/Jan/2026:02:54:20 +0100] "POST /wp-cron.php?doing_wp_cron=1767664460.6382150650024414062500 HTTP/1.1" 200 - simoneyoga.de "-" "WordPress/6.9; https://simoneyoga.de" "-"
2a03:2880:f800:: - - [06/Jan/2026:02:54:46 +0100] "GET /title/faszien-yoga/ HTTP/1.1" 301 - simoneyoga.de "-" "meta-externalagent/1.1 (+https://developers.facebook.com/docs/sharing/webmasters/crawler)" "-"
2a03:2880:f800:: - - [06/Jan/2026:02:56:04 +0100] "GET /title/tag-23-medi-schuetteln/ HTTP/1.1" 302 - simoneyoga.de "-" "meta-externalagent/1.1 (+https://developers.facebook.com/docs/sharing/webmasters/crawler)" "-"
82.165.88.0 - - [06/Jan/2026:02:56:05 +0100] "POST /wp-cron.php?doing_wp_cron=1767664565.2968990802764892578125 HTTP/1.1" 200 - simoneyoga.de "-" "WordPress/6.9; https://simoneyoga.de" "-"
2a03:2880:f800:: - - [06/Jan/2026:02:56:06 +0100] "GET /SiteMap.aspx HTTP/1.1" 404 83472 simoneyoga.de "-" "meta-externalagent/1.1 (+https://developers.facebook.com/docs/sharing/webmasters/crawler)" "-"
2a03:2880:f800:: - - [06/Jan/2026:02:59:02 +0100] "GET /title/kraft-mobilitaet/ HTTP/1.1" 301 - simoneyoga.de "-" "meta-externalagent/1.1 (+https://developers.facebook.com/docs/sharing/webmasters/crawler)" "-"
82.165.88.0 - - [06/Jan/2026:02:59:03 +0100] "POST /wp-cron.php?doing_wp_cron=1767664743.2902851104736328125000 HTTP/1.1" 200 - simoneyoga.de "-" "WordPress/6.9; https://simoneyoga.de" "-"
2a03:2880:f800:: - - [06/Jan/2026:02:59:15 +0100] "GET /sitemap_index.xml HTTP/1.1" 302 - simoneyoga.de "-" "meta-externalagent/1.1 (+https://developers.facebook.com/docs/sharing/webmasters/crawler)" "-"
82.165.88.0 - - [06/Jan/2026:02:59:56 +0100] "POST /wp-cron.php?doing_wp_cron=1767664796.9306259155273437500000 HTTP/1.1" 200 - simoneyoga.de "-" "WordPress/6.9; https://simoneyoga.de" "-"
160.250.132.0 - - [06/Jan/2026:02:59:56 +0100] "GET /wp-login.php HTTP/1.1" 302 - simoneyoga.de "https://www.google.com/" "Mozilla/5.0 (Macintosh; Intel Mac OS X 10_15_7) AppleWebKit/605.1.15 (KHTML, like Gecko) Version/17.0 Safari/605.1.15" "-"
160.250.132.0 - - [06/Jan/2026:02:59:57 +0100] "GET /login/ HTTP/1.1" 200 131580 simoneyoga.de "https://www.google.com/" "Mozilla/5.0 (Macintosh; Intel Mac OS X 10_15_7) AppleWebKit/605.1.15 (KHTML, like Gecko) Version/17.0 Safari/605.1.15" "-"
160.250.132.0 - - [06/Jan/2026:02:59:59 +0100] "GET /?author=1 HTTP/1.1" 301 - simoneyoga.de "-" "Mozilla/5.0 (Macintosh; Intel Mac OS X 10_15_7) AppleWebKit/537.36 (KHTML, like Gecko) Chrome/121.0.0.0 Safari/537.36" "-"
160.250.132.0 - - [06/Jan/2026:03:00:00 +0100] "GET /author/antiforce_profile/ HTTP/1.1" 200 85173 simoneyoga.de "-" "Mozilla/5.0 (Macintosh; Intel Mac OS X 10_15_7) AppleWebKit/537.36 (KHTML, like Gecko) Chrome/121.0.0.0 Safari/537.36" "-"
160.250.132.0 - - [06/Jan/2026:03:00:01 +0100] "GET /?author=2 HTTP/1.1" 404 83383 simoneyoga.de "-" "Mozilla/5.0 (Macintosh; Intel Mac OS X 13_6_1; rv:121.0) Gecko/20100101 Firefox/121.0" "-"
160.250.132.0 - - [06/Jan/2026:03:00:05 +0100] "GET /?author=3 HTTP/1.1" 404 83383 simoneyoga.de "https://www.bing.com/" "Mozilla/5.0 (X11; Linux x86_64) AppleWebKit/537.36 (KHTML, like Gecko) Chrome/121.0.0.0 Safari/537.36" "-"
160.250.132.0 - - [06/Jan/2026:03:00:07 +0100] "GET /?author=4 HTTP/1.1" 404 83383 simoneyoga.de "https://www.bing.com/" "Mozilla/5.0 (Windows NT 10.0; Win64; x64; rv:119.0) Gecko/20100101 Firefox/119.0" "-"
160.250.132.0 - - [06/Jan/2026:03:00:08 +0100] "GET /?author=5 HTTP/1.1" 404 83383 simoneyoga.de "-" "Mozilla/5.0 (X11; Ubuntu; Linux x86_64) AppleWebKit/537.36 (KHTML, like Gecko) Chrome/120.0.0.0 Safari/537.36" "-"
160.250.132.0 - - [06/Jan/2026:03:00:09 +0100] "GET /wp-json/wp/v2/users HTTP/1.1" 200 371 simoneyoga.de "https://www.bing.com/" "Mozilla/5.0 (Windows NT 10.0; Win64; x64) AppleWebKit/537.36 (KHTML, like Gecko) Chrome/121.0.0.0 Safari/537.36" "-"
160.250.132.0 - - [06/Jan/2026:03:00:10 +0100] "POST /wp-login.php HTTP/1.1" 302 - simoneyoga.de "https://simoneyoga.de/wp-login.php" "Mozilla/5.0 (Windows NT 11.0; Win64; x64; rv:119.0) Gecko/20100101 Firefox/119.0" "-"
160.250.132.0 - - [06/Jan/2026:03:00:11 +0100] "GET /wp-admin/index.php HTTP/1.1" 302 - simoneyoga.de "https://simoneyoga.de/wp-login.php" "Mozilla/5.0 (Macintosh; Intel Mac OS X 10_15_7) AppleWebKit/605.1.15 (KHTML, like Gecko) Version/17.0 Safari/605.1.15" "-"
82.165.88.0 - - [06/Jan/2026:03:00:12 +0100] "POST /wp-admin/admin-ajax.php?action=as_async_request_queue_runner&nonce=2dab8bed3f HTTP/1.1" 200 - simoneyoga.de "-" "WordPress/6.9; https://simoneyoga.de" "-"
160.250.132.0 - - [06/Jan/2026:03:00:13 +0100] "GET /wp-login.php?redirect_to=https%3A%2F%2Fsimoneyoga.de%2Fwp-admin%2Findex.php&reauth=1 HTTP/1.1" 302 - simoneyoga.de "https://simoneyoga.de/wp-login.php" "Mozilla/5.0 (Macintosh; Intel Mac OS X 10_15_7) AppleWebKit/605.1.15 (KHTML, like Gecko) Version/17.0 Safari/605.1.15" "-"
160.250.132.0 - - [06/Jan/2026:03:00:14 +0100] "GET /login/ HTTP/1.1" 200 131636 simoneyoga.de "https://simoneyoga.de/wp-login.php" "Mozilla/5.0 (Macintosh; Intel Mac OS X 10_15_7) AppleWebKit/605.1.15 (KHTML, like Gecko) Version/17.0 Safari/605.1.15" "-"
160.250.132.0 - - [06/Jan/2026:03:00:16 +0100] "GET /wp-admin/profile.php HTTP/1.1" 302 - simoneyoga.de "https://simoneyoga.de/wp-login.php" "Mozilla/5.0 (Macintosh; Intel Mac OS X 10_15_7) AppleWebKit/605.1.15 (KHTML, like Gecko) Version/17.0 Safari/605.1.15" "-"
160.250.132.0 - - [06/Jan/2026:03:00:17 +0100] "GET /wp-login.php?redirect_to=https%3A%2F%2Fsimoneyoga.de%2Fwp-admin%2Fprofile.php&reauth=1 HTTP/1.1" 302 - simoneyoga.de "https://simoneyoga.de/wp-login.php" "Mozilla/5.0 (Macintosh; Intel Mac OS X 10_15_7) AppleWebKit/605.1.15 (KHTML, like Gecko) Version/17.0 Safari/605.1.15" "-"
160.250.132.0 - - [06/Jan/2026:03:00:18 +0100] "GET /login/ HTTP/1.1" 200 131636 simoneyoga.de "https://simoneyoga.de/wp-login.php" "Mozilla/5.0 (Macintosh; Intel Mac OS X 10_15_7) AppleWebKit/605.1.15 (KHTML, like Gecko) Version/17.0 Safari/605.1.15" "-"
160.250.132.0 - - [06/Jan/2026:03:00:19 +0100] "GET /wp-admin/edit.php HTTP/1.1" 302 - simoneyoga.de "https://simoneyoga.de/wp-login.php" "Mozilla/5.0 (Macintosh; Intel Mac OS X 10_15_7) AppleWebKit/605.1.15 (KHTML, like Gecko) Version/17.0 Safari/605.1.15" "-"
160.250.132.0 - - [06/Jan/2026:03:00:20 +0100] "GET /wp-login.php?redirect_to=https%3A%2F%2Fsimoneyoga.de%2Fwp-admin%2Fedit.php&reauth=1 HTTP/1.1" 302 - simoneyoga.de "https://simoneyoga.de/wp-login.php" "Mozilla/5.0 (Macintosh; Intel Mac OS X 10_15_7) AppleWebKit/605.1.15 (KHTML, like Gecko) Version/17.0 Safari/605.1.15" "-"
160.250.132.0 - - [06/Jan/2026:03:00:21 +0100] "GET /login/ HTTP/1.1" 200 131636 simoneyoga.de "https://simoneyoga.de/wp-login.php" "Mozilla/5.0 (Macintosh; Intel Mac OS X 10_15_7) AppleWebKit/605.1.15 (KHTML, like Gecko) Version/17.0 Safari/605.1.15" "-"
160.250.132.0 - - [06/Jan/2026:03:00:22 +0100] "GET /wp-admin/plugins.php HTTP/1.1" 302 - simoneyoga.de "https://simoneyoga.de/wp-login.php" "Mozilla/5.0 (Macintosh; Intel Mac OS X 10_15_7) AppleWebKit/605.1.15 (KHTML, like Gecko) Version/17.0 Safari/605.1.15" "-"
160.250.132.0 - - [06/Jan/2026:03:00:24 +0100] "GET /wp-login.php?redirect_to=https%3A%2F%2Fsimoneyoga.de%2Fwp-admin%2Fplugins.php&reauth=1 HTTP/1.1" 302 - simoneyoga.de "https://simoneyoga.de/wp-login.php" "Mozilla/5.0 (Macintosh; Intel Mac OS X 10_15_7) AppleWebKit/605.1.15 (KHTML, like Gecko) Version/17.0 Safari/605.1.15" "-"
160.250.132.0 - - [06/Jan/2026:03:00:25 +0100] "GET /login/ HTTP/1.1" 200 131636 simoneyoga.de "https://simoneyoga.de/wp-login.php" "Mozilla/5.0 (Macintosh; Intel Mac OS X 10_15_7) AppleWebKit/605.1.15 (KHTML, like Gecko) Version/17.0 Safari/605.1.15" "-"
160.250.132.0 - - [06/Jan/2026:03:00:26 +0100] "POST /wp-login.php HTTP/1.1" 302 - simoneyoga.de "https://simoneyoga.de/wp-login.php" "Mozilla/5.0 (X11; Ubuntu; Linux x86_64) AppleWebKit/537.36 (KHTML, like Gecko) Chrome/120.0.0.0 Safari/537.36" "-"
160.250.132.0 - - [06/Jan/2026:03:00:27 +0100] "GET /wp-admin/index.php HTTP/1.1" 302 - simoneyoga.de "https://simoneyoga.de/wp-login.php" "Mozilla/5.0 (Windows NT 10.0; Win64; x64; rv:119.0) Gecko/20100101 Firefox/119.0" "-"
160.250.132.0 - - [06/Jan/2026:03:00:28 +0100] "GET /wp-login.php?redirect_to=https%3A%2F%2Fsimoneyoga.de%2Fwp-admin%2Findex.php&reauth=1 HTTP/1.1" 302 - simoneyoga.de "https://simoneyoga.de/wp-login.php" "Mozilla/5.0 (Windows NT 10.0; Win64; x64; rv:119.0) Gecko/20100101 Firefox/119.0" "-"
160.250.132.0 - - [06/Jan/2026:03:00:29 +0100] "GET /login/ HTTP/1.1" 200 131636 simoneyoga.de "https://simoneyoga.de/wp-login.php" "Mozilla/5.0 (Windows NT 10.0; Win64; x64; rv:119.0) Gecko/20100101 Firefox/119.0" "-"
160.250.132.0 - - [06/Jan/2026:03:00:30 +0100] "GET /wp-admin/profile.php HTTP/1.1" 302 - simoneyoga.de "https://simoneyoga.de/wp-login.php" "Mozilla/5.0 (Windows NT 10.0; Win64; x64; rv:119.0) Gecko/20100101 Firefox/119.0" "-"
160.250.132.0 - - [06/Jan/2026:03:00:31 +0100] "GET /wp-login.php?redirect_to=https%3A%2F%2Fsimoneyoga.de%2Fwp-admin%2Fprofile.php&reauth=1 HTTP/1.1" 302 - simoneyoga.de "https://simoneyoga.de/wp-login.php" "Mozilla/5.0 (Windows NT 10.0; Win64; x64; rv:119.0) Gecko/20100101 Firefox/119.0" "-"
160.250.132.0 - - [06/Jan/2026:03:00:32 +0100] "GET /login/ HTTP/1.1" 200 131636 simoneyoga.de "https://simoneyoga.de/wp-login.php" "Mozilla/5.0 (Windows NT 10.0; Win64; x64; rv:119.0) Gecko/20100101 Firefox/119.0" "-"
160.250.132.0 - - [06/Jan/2026:03:00:34 +0100] "GET /wp-admin/edit.php HTTP/1.1" 302 - simoneyoga.de "https://simoneyoga.de/wp-login.php" "Mozilla/5.0 (Windows NT 10.0; Win64; x64; rv:119.0) Gecko/20100101 Firefox/119.0" "-"
160.250.132.0 - - [06/Jan/2026:03:00:35 +0100] "GET /wp-login.php?redirect_to=https%3A%2F%2Fsimoneyoga.de%2Fwp-admin%2Fedit.php&reauth=1 HTTP/1.1" 302 - simoneyoga.de "https://simoneyoga.de/wp-login.php" "Mozilla/5.0 (Windows NT 10.0; Win64; x64; rv:119.0) Gecko/20100101 Firefox/119.0" "-"
160.250.132.0 - - [06/Jan/2026:03:00:36 +0100] "GET /login/ HTTP/1.1" 200 131636 simoneyoga.de "https://simoneyoga.de/wp-login.php" "Mozilla/5.0 (Windows NT 10.0; Win64; x64; rv:119.0) Gecko/20100101 Firefox/119.0" "-"
160.250.132.0 - - [06/Jan/2026:03:00:37 +0100] "GET /wp-admin/plugins.php HTTP/1.1" 302 - simoneyoga.de "https://simoneyoga.de/wp-login.php" "Mozilla/5.0 (Windows NT 10.0; Win64; x64; rv:119.0) Gecko/20100101 Firefox/119.0" "-"
160.250.132.0 - - [06/Jan/2026:03:00:38 +0100] "GET /wp-login.php?redirect_to=https%3A%2F%2Fsimoneyoga.de%2Fwp-admin%2Fplugins.php&reauth=1 HTTP/1.1" 302 - simoneyoga.de "https://simoneyoga.de/wp-login.php" "Mozilla/5.0 (Windows NT 10.0; Win64; x64; rv:119.0) Gecko/20100101 Firefox/119.0" "-"
160.250.132.0 - - [06/Jan/2026:03:00:39 +0100] "GET /login/ HTTP/1.1" 200 131636 simoneyoga.de "https://simoneyoga.de/wp-login.php" "Mozilla/5.0 (Windows NT 10.0; Win64; x64; rv:119.0) Gecko/20100101 Firefox/119.0" "-"
160.250.132.0 - - [06/Jan/2026:03:00:41 +0100] "POST /wp-login.php HTTP/1.1" 302 - simoneyoga.de "https://simoneyoga.de/wp-login.php" "Mozilla/5.0 (Macintosh; Intel Mac OS X 10_15_7) AppleWebKit/605.1.15 (KHTML, like Gecko) Version/17.0 Safari/605.1.15" "-"
160.250.132.0 - - [06/Jan/2026:03:00:42 +0100] "GET /wp-admin/index.php HTTP/1.1" 302 - simoneyoga.de "https://simoneyoga.de/wp-login.php" "Mozilla/5.0 (X11; Ubuntu; Linux x86_64) AppleWebKit/537.36 (KHTML, like Gecko) Chrome/118.0.0.0 Safari/537.36" "-"
160.250.132.0 - - [06/Jan/2026:03:00:43 +0100] "GET /wp-login.php?redirect_to=https%3A%2F%2Fsimoneyoga.de%2Fwp-admin%2Findex.php&reauth=1 HTTP/1.1" 302 - simoneyoga.de "https://simoneyoga.de/wp-login.php" "Mozilla/5.0 (X11; Ubuntu; Linux x86_64) AppleWebKit/537.36 (KHTML, like Gecko) Chrome/118.0.0.0 Safari/537.36" "-"
160.250.132.0 - - [06/Jan/2026:03:00:44 +0100] "GET /login/ HTTP/1.1" 200 131636 simoneyoga.de "https://simoneyoga.de/wp-login.php" "Mozilla/5.0 (X11; Ubuntu; Linux x86_64) AppleWebKit/537.36 (KHTML, like Gecko) Chrome/118.0.0.0 Safari/537.36" "-"
160.250.132.0 - - [06/Jan/2026:03:00:45 +0100] "GET /wp-admin/profile.php HTTP/1.1" 302 - simoneyoga.de "https://simoneyoga.de/wp-login.php" "Mozilla/5.0 (X11; Ubuntu; Linux x86_64) AppleWebKit/537.36 (KHTML, like Gecko) Chrome/118.0.0.0 Safari/537.36" "-"
160.250.132.0 - - [06/Jan/2026:03:00:46 +0100] "GET /wp-login.php?redirect_to=https%3A%2F%2Fsimoneyoga.de%2Fwp-admin%2Fprofile.php&reauth=1 HTTP/1.1" 302 - simoneyoga.de "https://simoneyoga.de/wp-login.php" "Mozilla/5.0 (X11; Ubuntu; Linux x86_64) AppleWebKit/537.36 (KHTML, like Gecko) Chrome/118.0.0.0 Safari/537.36" "-"
160.250.132.0 - - [06/Jan/2026:03:00:47 +0100] "GET /login/ HTTP/1.1" 200 131636 simoneyoga.de "https://simoneyoga.de/wp-login.php" "Mozilla/5.0 (X11; Ubuntu; Linux x86_64) AppleWebKit/537.36 (KHTML, like Gecko) Chrome/118.0.0.0 Safari/537.36" "-"
82.165.88.0 - - [06/Jan/2026:03:00:48 +0100] "POST /wp-cron.php?doing_wp_cron=1767664848.6832320690155029296875 HTTP/1.1" 200 - simoneyoga.de "-" "WordPress/6.9; https://simoneyoga.de" "-"
160.250.132.0 - - [06/Jan/2026:03:00:49 +0100] "GET /wp-admin/edit.php HTTP/1.1" 302 - simoneyoga.de "https://simoneyoga.de/wp-login.php" "Mozilla/5.0 (X11; Ubuntu; Linux x86_64) AppleWebKit/537.36 (KHTML, like Gecko) Chrome/118.0.0.0 Safari/537.36" "-"
160.250.132.0 - - [06/Jan/2026:03:00:50 +0100] "GET /wp-login.php?redirect_to=https%3A%2F%2Fsimoneyoga.de%2Fwp-admin%2Fedit.php&reauth=1 HTTP/1.1" 302 - simoneyoga.de "https://simoneyoga.de/wp-login.php" "Mozilla/5.0 (X11; Ubuntu; Linux x86_64) AppleWebKit/537.36 (KHTML, like Gecko) Chrome/118.0.0.0 Safari/537.36" "-"
160.250.132.0 - - [06/Jan/2026:03:00:51 +0100] "GET /login/ HTTP/1.1" 200 131636 simoneyoga.de "https://simoneyoga.de/wp-login.php" "Mozilla/5.0 (X11; Ubuntu; Linux x86_64) AppleWebKit/537.36 (KHTML, like Gecko) Chrome/118.0.0.0 Safari/537.36" "-"
160.250.132.0 - - [06/Jan/2026:03:00:53 +0100] "GET /wp-admin/plugins.php HTTP/1.1" 302 - simoneyoga.de "https://simoneyoga.de/wp-login.php" "Mozilla/5.0 (X11; Ubuntu; Linux x86_64) AppleWebKit/537.36 (KHTML, like Gecko) Chrome/118.0.0.0 Safari/537.36" "-"
160.250.132.0 - - [06/Jan/2026:03:00:54 +0100] "GET /wp-login.php?redirect_to=https%3A%2F%2Fsimoneyoga.de%2Fwp-admin%2Fplugins.php&reauth=1 HTTP/1.1" 302 - simoneyoga.de "https://simoneyoga.de/wp-login.php" "Mozilla/5.0 (X11; Ubuntu; Linux x86_64) AppleWebKit/537.36 (KHTML, like Gecko) Chrome/118.0.0.0 Safari/537.36" "-"
160.250.132.0 - - [06/Jan/2026:03:00:55 +0100] "GET /login/ HTTP/1.1" 200 131636 simoneyoga.de "https://simoneyoga.de/wp-login.php" "Mozilla/5.0 (X11; Ubuntu; Linux x86_64) AppleWebKit/537.36 (KHTML, like Gecko) Chrome/118.0.0.0 Safari/537.36" "-"
160.250.132.0 - - [06/Jan/2026:03:00:56 +0100] "POST /wp-login.php HTTP/1.1" 302 - simoneyoga.de "https://simoneyoga.de/wp-login.php" "Mozilla/5.0 (Macintosh; Intel Mac OS X 13_6_1) AppleWebKit/605.1.15 (KHTML, like Gecko) Version/17.0 Safari/605.1.15" "-"
160.250.132.0 - - [06/Jan/2026:03:00:57 +0100] "GET /wp-admin/index.php HTTP/1.1" 302 - simoneyoga.de "https://simoneyoga.de/wp-login.php" "Mozilla/5.0 (Windows NT 10.0; Win64; x64; rv:120.0) Gecko/20100101 Firefox/120.0" "-"
160.250.132.0 - - [06/Jan/2026:03:00:58 +0100] "GET /wp-login.php?redirect_to=https%3A%2F%2Fsimoneyoga.de%2Fwp-admin%2Findex.php&reauth=1 HTTP/1.1" 302 - simoneyoga.de "https://simoneyoga.de/wp-login.php" "Mozilla/5.0 (Windows NT 10.0; Win64; x64; rv:120.0) Gecko/20100101 Firefox/120.0" "-"
160.250.132.0 - - [06/Jan/2026:03:00:59 +0100] "GET /login/ HTTP/1.1" 200 131636 simoneyoga.de "https://simoneyoga.de/wp-login.php" "Mozilla/5.0 (Windows NT 10.0; Win64; x64; rv:120.0) Gecko/20100101 Firefox/120.0" "-"
160.250.132.0 - - [06/Jan/2026:03:01:01 +0100] "GET /wp-admin/profile.php HTTP/1.1" 302 - simoneyoga.de "https://simoneyoga.de/wp-login.php" "Mozilla/5.0 (Windows NT 10.0; Win64; x64; rv:120.0) Gecko/20100101 Firefox/120.0" "-"
160.250.132.0 - - [06/Jan/2026:03:01:02 +0100] "GET /wp-login.php?redirect_to=https%3A%2F%2Fsimoneyoga.de%2Fwp-admin%2Fprofile.php&reauth=1 HTTP/1.1" 302 - simoneyoga.de "https://simoneyoga.de/wp-login.php" "Mozilla/5.0 (Windows NT 10.0; Win64; x64; rv:120.0) Gecko/20100101 Firefox/120.0" "-"
160.250.132.0 - - [06/Jan/2026:03:01:03 +0100] "GET /login/ HTTP/1.1" 200 131636 simoneyoga.de "https://simoneyoga.de/wp-login.php" "Mozilla/5.0 (Windows NT 10.0; Win64; x64; rv:120.0) Gecko/20100101 Firefox/120.0" "-"
160.250.132.0 - - [06/Jan/2026:03:01:04 +0100] "GET /wp-admin/edit.php HTTP/1.1" 302 - simoneyoga.de "https://simoneyoga.de/wp-login.php" "Mozilla/5.0 (Windows NT 10.0; Win64; x64; rv:120.0) Gecko/20100101 Firefox/120.0" "-"
160.250.132.0 - - [06/Jan/2026:03:01:06 +0100] "GET /wp-login.php?redirect_to=https%3A%2F%2Fsimoneyoga.de%2Fwp-admin%2Fedit.php&reauth=1 HTTP/1.1" 302 - simoneyoga.de "https://simoneyoga.de/wp-login.php" "Mozilla/5.0 (Windows NT 10.0; Win64; x64; rv:120.0) Gecko/20100101 Firefox/120.0" "-"
160.250.132.0 - - [06/Jan/2026:03:01:07 +0100] "GET /login/ HTTP/1.1" 200 131636 simoneyoga.de "https://simoneyoga.de/wp-login.php" "Mozilla/5.0 (Windows NT 10.0; Win64; x64; rv:120.0) Gecko/20100101 Firefox/120.0" "-"
160.250.132.0 - - [06/Jan/2026:03:01:08 +0100] "GET /wp-admin/plugins.php HTTP/1.1" 302 - simoneyoga.de "https://simoneyoga.de/wp-login.php" "Mozilla/5.0 (Windows NT 10.0; Win64; x64; rv:120.0) Gecko/20100101 Firefox/120.0" "-"
160.250.132.0 - - [06/Jan/2026:03:01:09 +0100] "GET /wp-login.php?redirect_to=https%3A%2F%2Fsimoneyoga.de%2Fwp-admin%2Fplugins.php&reauth=1 HTTP/1.1" 302 - simoneyoga.de "https://simoneyoga.de/wp-login.php" "Mozilla/5.0 (Windows NT 10.0; Win64; x64; rv:120.0) Gecko/20100101 Firefox/120.0" "-"
160.250.132.0 - - [06/Jan/2026:03:01:10 +0100] "GET /login/ HTTP/1.1" 200 131636 simoneyoga.de "https://simoneyoga.de/wp-login.php" "Mozilla/5.0 (Windows NT 10.0; Win64; x64; rv:120.0) Gecko/20100101 Firefox/120.0" "-"
160.250.132.0 - - [06/Jan/2026:03:01:11 +0100] "POST /wp-login.php HTTP/1.1" 302 - simoneyoga.de "https://simoneyoga.de/wp-login.php" "Mozilla/5.0 (Windows NT 11.0; Win64; x64) AppleWebKit/537.36 (KHTML, like Gecko) Chrome/118.0.0.0 Safari/537.36" "-"
160.250.132.0 - - [06/Jan/2026:03:01:12 +0100] "GET /wp-admin/index.php HTTP/1.1" 302 - simoneyoga.de "https://simoneyoga.de/wp-login.php" "Mozilla/5.0 (Macintosh; Intel Mac OS X 13_6_1) AppleWebKit/605.1.15 (KHTML, like Gecko) Version/17.2 Safari/605.1.15" "-"
82.165.88.0 - - [06/Jan/2026:03:01:13 +0100] "POST /wp-admin/admin-ajax.php?action=as_async_request_queue_runner&nonce=2dab8bed3f HTTP/1.1" 200 - simoneyoga.de "-" "WordPress/6.9; https://simoneyoga.de" "-"
160.250.132.0 - - [06/Jan/2026:03:01:14 +0100] "GET /wp-login.php?redirect_to=https%3A%2F%2Fsimoneyoga.de%2Fwp-admin%2Findex.php&reauth=1 HTTP/1.1" 302 - simoneyoga.de "https://simoneyoga.de/wp-login.php" "Mozilla/5.0 (Macintosh; Intel Mac OS X 13_6_1) AppleWebKit/605.1.15 (KHTML, like Gecko) Version/17.2 Safari/605.1.15" "-"
160.250.132.0 - - [06/Jan/2026:03:01:15 +0100] "GET /login/ HTTP/1.1" 200 131636 simoneyoga.de "https://simoneyoga.de/wp-login.php" "Mozilla/5.0 (Macintosh; Intel Mac OS X 13_6_1) AppleWebKit/605.1.15 (KHTML, like Gecko) Version/17.2 Safari/605.1.15" "-"
160.250.132.0 - - [06/Jan/2026:03:01:17 +0100] "GET /wp-admin/profile.php HTTP/1.1" 302 - simoneyoga.de "https://simoneyoga.de/wp-login.php" "Mozilla/5.0 (Macintosh; Intel Mac OS X 13_6_1) AppleWebKit/605.1.15 (KHTML, like Gecko) Version/17.2 Safari/605.1.15" "-"
160.250.132.0 - - [06/Jan/2026:03:01:18 +0100] "GET /wp-login.php?redirect_to=https%3A%2F%2Fsimoneyoga.de%2Fwp-admin%2Fprofile.php&reauth=1 HTTP/1.1" 302 - simoneyoga.de "https://simoneyoga.de/wp-login.php" "Mozilla/5.0 (Macintosh; Intel Mac OS X 13_6_1) AppleWebKit/605.1.15 (KHTML, like Gecko) Version/17.2 Safari/605.1.15" "-"
160.250.132.0 - - [06/Jan/2026:03:01:19 +0100] "GET /login/ HTTP/1.1" 200 131636 simoneyoga.de "https://simoneyoga.de/wp-login.php" "Mozilla/5.0 (Macintosh; Intel Mac OS X 13_6_1) AppleWebKit/605.1.15 (KHTML, like Gecko) Version/17.2 Safari/605.1.15" "-"
160.250.132.0 - - [06/Jan/2026:03:01:20 +0100] "GET /wp-admin/edit.php HTTP/1.1" 302 - simoneyoga.de "https://simoneyoga.de/wp-login.php" "Mozilla/5.0 (Macintosh; Intel Mac OS X 13_6_1) AppleWebKit/605.1.15 (KHTML, like Gecko) Version/17.2 Safari/605.1.15" "-"
160.250.132.0 - - [06/Jan/2026:03:01:21 +0100] "GET /wp-login.php?redirect_to=https%3A%2F%2Fsimoneyoga.de%2Fwp-admin%2Fedit.php&reauth=1 HTTP/1.1" 302 - simoneyoga.de "https://simoneyoga.de/wp-login.php" "Mozilla/5.0 (Macintosh; Intel Mac OS X 13_6_1) AppleWebKit/605.1.15 (KHTML, like Gecko) Version/17.2 Safari/605.1.15" "-"
160.250.132.0 - - [06/Jan/2026:03:01:22 +0100] "GET /login/ HTTP/1.1" 200 131636 simoneyoga.de "https://simoneyoga.de/wp-login.php" "Mozilla/5.0 (Macintosh; Intel Mac OS X 13_6_1) AppleWebKit/605.1.15 (KHTML, like Gecko) Version/17.2 Safari/605.1.15" "-"
160.250.132.0 - - [06/Jan/2026:03:01:23 +0100] "GET /wp-admin/plugins.php HTTP/1.1" 302 - simoneyoga.de "https://simoneyoga.de/wp-login.php" "Mozilla/5.0 (Macintosh; Intel Mac OS X 13_6_1) AppleWebKit/605.1.15 (KHTML, like Gecko) Version/17.2 Safari/605.1.15" "-"
160.250.132.0 - - [06/Jan/2026:03:01:24 +0100] "GET /wp-login.php?redirect_to=https%3A%2F%2Fsimoneyoga.de%2Fwp-admin%2Fplugins.php&reauth=1 HTTP/1.1" 302 - simoneyoga.de "https://simoneyoga.de/wp-login.php" "Mozilla/5.0 (Macintosh; Intel Mac OS X 13_6_1) AppleWebKit/605.1.15 (KHTML, like Gecko) Version/17.2 Safari/605.1.15" "-"
160.250.132.0 - - [06/Jan/2026:03:01:25 +0100] "GET /login/ HTTP/1.1" 200 131636 simoneyoga.de "https://simoneyoga.de/wp-login.php" "Mozilla/5.0 (Macintosh; Intel Mac OS X 13_6_1) AppleWebKit/605.1.15 (KHTML, like Gecko) Version/17.2 Safari/605.1.15" "-"
160.250.132.0 - - [06/Jan/2026:03:01:27 +0100] "POST /wp-login.php HTTP/1.1" 302 - simoneyoga.de "https://simoneyoga.de/wp-login.php" "Mozilla/5.0 (Macintosh; Intel Mac OS X 10_15_7) AppleWebKit/537.36 (KHTML, like Gecko) Chrome/119.0.0.0 Safari/537.36" "-"
160.250.132.0 - - [06/Jan/2026:03:01:28 +0100] "GET /wp-admin/index.php HTTP/1.1" 302 - simoneyoga.de "https://simoneyoga.de/wp-login.php" "Mozilla/5.0 (X11; Ubuntu; Linux x86_64) AppleWebKit/537.36 (KHTML, like Gecko) Chrome/121.0.0.0 Safari/537.36" "-"
160.250.132.0 - - [06/Jan/2026:03:01:29 +0100] "GET /wp-login.php?redirect_to=https%3A%2F%2Fsimoneyoga.de%2Fwp-admin%2Findex.php&reauth=1 HTTP/1.1" 302 - simoneyoga.de "https://simoneyoga.de/wp-login.php" "Mozilla/5.0 (X11; Ubuntu; Linux x86_64) AppleWebKit/537.36 (KHTML, like Gecko) Chrome/121.0.0.0 Safari/537.36" "-"
160.250.132.0 - - [06/Jan/2026:03:01:30 +0100] "GET /login/ HTTP/1.1" 200 131636 simoneyoga.de "https://simoneyoga.de/wp-login.php" "Mozilla/5.0 (X11; Ubuntu; Linux x86_64) AppleWebKit/537.36 (KHTML, like Gecko) Chrome/121.0.0.0 Safari/537.36" "-"
160.250.132.0 - - [06/Jan/2026:03:01:31 +0100] "GET /wp-admin/profile.php HTTP/1.1" 302 - simoneyoga.de "https://simoneyoga.de/wp-login.php" "Mozilla/5.0 (X11; Ubuntu; Linux x86_64) AppleWebKit/537.36 (KHTML, like Gecko) Chrome/121.0.0.0 Safari/537.36" "-"
160.250.132.0 - - [06/Jan/2026:03:01:32 +0100] "GET /wp-login.php?redirect_to=https%3A%2F%2Fsimoneyoga.de%2Fwp-admin%2Fprofile.php&reauth=1 HTTP/1.1" 302 - simoneyoga.de "https://simoneyoga.de/wp-login.php" "Mozilla/5.0 (X11; Ubuntu; Linux x86_64) AppleWebKit/537.36 (KHTML, like Gecko) Chrome/121.0.0.0 Safari/537.36" "-"
160.250.132.0 - - [06/Jan/2026:03:01:33 +0100] "GET /login/ HTTP/1.1" 200 131636 simoneyoga.de "https://simoneyoga.de/wp-login.php" "Mozilla/5.0 (X11; Ubuntu; Linux x86_64) AppleWebKit/537.36 (KHTML, like Gecko) Chrome/121.0.0.0 Safari/537.36" "-"
160.250.132.0 - - [06/Jan/2026:03:01:34 +0100] "GET /wp-admin/edit.php HTTP/1.1" 302 - simoneyoga.de "https://simoneyoga.de/wp-login.php" "Mozilla/5.0 (X11; Ubuntu; Linux x86_64) AppleWebKit/537.36 (KHTML, like Gecko) Chrome/121.0.0.0 Safari/537.36" "-"
160.250.132.0 - - [06/Jan/2026:03:01:35 +0100] "GET /wp-login.php?redirect_to=https%3A%2F%2Fsimoneyoga.de%2Fwp-admin%2Fedit.php&reauth=1 HTTP/1.1" 302 - simoneyoga.de "https://simoneyoga.de/wp-login.php" "Mozilla/5.0 (X11; Ubuntu; Linux x86_64) AppleWebKit/537.36 (KHTML, like Gecko) Chrome/121.0.0.0 Safari/537.36" "-"
160.250.132.0 - - [06/Jan/2026:03:01:36 +0100] "GET /login/ HTTP/1.1" 200 131636 simoneyoga.de "https://simoneyoga.de/wp-login.php" "Mozilla/5.0 (X11; Ubuntu; Linux x86_64) AppleWebKit/537.36 (KHTML, like Gecko) Chrome/121.0.0.0 Safari/537.36" "-"
160.250.132.0 - - [06/Jan/2026:03:01:38 +0100] "GET /wp-admin/plugins.php HTTP/1.1" 302 - simoneyoga.de "https://simoneyoga.de/wp-login.php" "Mozilla/5.0 (X11; Ubuntu; Linux x86_64) AppleWebKit/537.36 (KHTML, like Gecko) Chrome/121.0.0.0 Safari/537.36" "-"
160.250.132.0 - - [06/Jan/2026:03:01:39 +0100] "GET /wp-login.php?redirect_to=https%3A%2F%2Fsimoneyoga.de%2Fwp-admin%2Fplugins.php&reauth=1 HTTP/1.1" 302 - simoneyoga.de "https://simoneyoga.de/wp-login.php" "Mozilla/5.0 (X11; Ubuntu; Linux x86_64) AppleWebKit/537.36 (KHTML, like Gecko) Chrome/121.0.0.0 Safari/537.36" "-"
160.250.132.0 - - [06/Jan/2026:03:01:40 +0100] "GET /login/ HTTP/1.1" 200 131636 simoneyoga.de "https://simoneyoga.de/wp-login.php" "Mozilla/5.0 (X11; Ubuntu; Linux x86_64) AppleWebKit/537.36 (KHTML, like Gecko) Chrome/121.0.0.0 Safari/537.36" "-"
160.250.132.0 - - [06/Jan/2026:03:01:41 +0100] "POST /wp-login.php HTTP/1.1" 302 - simoneyoga.de "https://simoneyoga.de/wp-login.php" "Mozilla/5.0 (Macintosh; Intel Mac OS X 10_15_7; rv:118.0) Gecko/20100101 Firefox/118.0" "-"
160.250.132.0 - - [06/Jan/2026:03:01:42 +0100] "GET /wp-admin/index.php HTTP/1.1" 302 - simoneyoga.de "https://simoneyoga.de/wp-login.php" "Mozilla/5.0 (Macintosh; Intel Mac OS X 13_6_1) AppleWebKit/605.1.15 (KHTML, like Gecko) Version/17.2 Safari/605.1.15" "-"
160.250.132.0 - - [06/Jan/2026:03:01:43 +0100] "GET /wp-login.php?redirect_to=https%3A%2F%2Fsimoneyoga.de%2Fwp-admin%2Findex.php&reauth=1 HTTP/1.1" 302 - simoneyoga.de "https://simoneyoga.de/wp-login.php" "Mozilla/5.0 (Macintosh; Intel Mac OS X 13_6_1) AppleWebKit/605.1.15 (KHTML, like Gecko) Version/17.2 Safari/605.1.15" "-"
160.250.132.0 - - [06/Jan/2026:03:01:44 +0100] "GET /login/ HTTP/1.1" 200 131636 simoneyoga.de "https://simoneyoga.de/wp-login.php" "Mozilla/5.0 (Macintosh; Intel Mac OS X 13_6_1) AppleWebKit/605.1.15 (KHTML, like Gecko) Version/17.2 Safari/605.1.15" "-"
160.250.132.0 - - [06/Jan/2026:03:01:46 +0100] "GET /wp-admin/profile.php HTTP/1.1" 302 - simoneyoga.de "https://simoneyoga.de/wp-login.php" "Mozilla/5.0 (Macintosh; Intel Mac OS X 13_6_1) AppleWebKit/605.1.15 (KHTML, like Gecko) Version/17.2 Safari/605.1.15" "-"
160.250.132.0 - - [06/Jan/2026:03:01:47 +0100] "GET /wp-login.php?redirect_to=https%3A%2F%2Fsimoneyoga.de%2Fwp-admin%2Fprofile.php&reauth=1 HTTP/1.1" 302 - simoneyoga.de "https://simoneyoga.de/wp-login.php" "Mozilla/5.0 (Macintosh; Intel Mac OS X 13_6_1) AppleWebKit/605.1.15 (KHTML, like Gecko) Version/17.2 Safari/605.1.15" "-"
160.250.132.0 - - [06/Jan/2026:03:01:49 +0100] "GET /login/ HTTP/1.1" 200 131636 simoneyoga.de "https://simoneyoga.de/wp-login.php" "Mozilla/5.0 (Macintosh; Intel Mac OS X 13_6_1) AppleWebKit/605.1.15 (KHTML, like Gecko) Version/17.2 Safari/605.1.15" "-"
82.165.88.0 - - [06/Jan/2026:03:01:50 +0100] "POST /wp-cron.php?doing_wp_cron=1767664910.2361850738525390625000 HTTP/1.1" 200 - simoneyoga.de "-" "WordPress/6.9; https://simoneyoga.de" "-"
160.250.132.0 - - [06/Jan/2026:03:01:51 +0100] "GET /wp-admin/edit.php HTTP/1.1" 302 - simoneyoga.de "https://simoneyoga.de/wp-login.php" "Mozilla/5.0 (Macintosh; Intel Mac OS X 13_6_1) AppleWebKit/605.1.15 (KHTML, like Gecko) Version/17.2 Safari/605.1.15" "-"
160.250.132.0 - - [06/Jan/2026:03:01:52 +0100] "GET /wp-login.php?redirect_to=https%3A%2F%2Fsimoneyoga.de%2Fwp-admin%2Fedit.php&reauth=1 HTTP/1.1" 302 - simoneyoga.de "https://simoneyoga.de/wp-login.php" "Mozilla/5.0 (Macintosh; Intel Mac OS X 13_6_1) AppleWebKit/605.1.15 (KHTML, like Gecko) Version/17.2 Safari/605.1.15" "-"
160.250.132.0 - - [06/Jan/2026:03:01:53 +0100] "GET /login/ HTTP/1.1" 200 131636 simoneyoga.de "https://simoneyoga.de/wp-login.php" "Mozilla/5.0 (Macintosh; Intel Mac OS X 13_6_1) AppleWebKit/605.1.15 (KHTML, like Gecko) Version/17.2 Safari/605.1.15" "-"
160.250.132.0 - - [06/Jan/2026:03:01:54 +0100] "GET /wp-admin/plugins.php HTTP/1.1" 302 - simoneyoga.de "https://simoneyoga.de/wp-login.php" "Mozilla/5.0 (Macintosh; Intel Mac OS X 13_6_1) AppleWebKit/605.1.15 (KHTML, like Gecko) Version/17.2 Safari/605.1.15" "-"
160.250.132.0 - - [06/Jan/2026:03:01:55 +0100] "GET /wp-login.php?redirect_to=https%3A%2F%2Fsimoneyoga.de%2Fwp-admin%2Fplugins.php&reauth=1 HTTP/1.1" 302 - simoneyoga.de "https://simoneyoga.de/wp-login.php" "Mozilla/5.0 (Macintosh; Intel Mac OS X 13_6_1) AppleWebKit/605.1.15 (KHTML, like Gecko) Version/17.2 Safari/605.1.15" "-"
160.250.132.0 - - [06/Jan/2026:03:01:57 +0100] "GET /login/ HTTP/1.1" 200 131636 simoneyoga.de "https://simoneyoga.de/wp-login.php" "Mozilla/5.0 (Macintosh; Intel Mac OS X 13_6_1) AppleWebKit/605.1.15 (KHTML, like Gecko) Version/17.2 Safari/605.1.15" "-"
160.250.132.0 - - [06/Jan/2026:03:01:58 +0100] "POST /wp-login.php HTTP/1.1" 302 - simoneyoga.de "https://simoneyoga.de/wp-login.php" "Mozilla/5.0 (Windows NT 10.0; Win64; x64; rv:120.0) Gecko/20100101 Firefox/120.0" "-"
160.250.132.0 - - [06/Jan/2026:03:01:59 +0100] "GET /wp-admin/index.php HTTP/1.1" 302 - simoneyoga.de "https://simoneyoga.de/wp-login.php" "Mozilla/5.0 (Macintosh; Intel Mac OS X 10_15_7; rv:118.0) Gecko/20100101 Firefox/118.0" "-"
160.250.132.0 - - [06/Jan/2026:03:02:00 +0100] "GET /wp-login.php?redirect_to=https%3A%2F%2Fsimoneyoga.de%2Fwp-admin%2Findex.php&reauth=1 HTTP/1.1" 302 - simoneyoga.de "https://simoneyoga.de/wp-login.php" "Mozilla/5.0 (Macintosh; Intel Mac OS X 10_15_7; rv:118.0) Gecko/20100101 Firefox/118.0" "-"
160.250.132.0 - - [06/Jan/2026:03:02:01 +0100] "GET /login/ HTTP/1.1" 200 131636 simoneyoga.de "https://simoneyoga.de/wp-login.php" "Mozilla/5.0 (Macintosh; Intel Mac OS X 10_15_7; rv:118.0) Gecko/20100101 Firefox/118.0" "-"
160.250.132.0 - - [06/Jan/2026:03:02:03 +0100] "GET /wp-admin/profile.php HTTP/1.1" 302 - simoneyoga.de "https://simoneyoga.de/wp-login.php" "Mozilla/5.0 (Macintosh; Intel Mac OS X 10_15_7; rv:118.0) Gecko/20100101 Firefox/118.0" "-"
160.250.132.0 - - [06/Jan/2026:03:02:04 +0100] "GET /wp-login.php?redirect_to=https%3A%2F%2Fsimoneyoga.de%2Fwp-admin%2Fprofile.php&reauth=1 HTTP/1.1" 302 - simoneyoga.de "https://simoneyoga.de/wp-login.php" "Mozilla/5.0 (Macintosh; Intel Mac OS X 10_15_7; rv:118.0) Gecko/20100101 Firefox/118.0" "-"
160.250.132.0 - - [06/Jan/2026:03:02:05 +0100] "GET /login/ HTTP/1.1" 200 131636 simoneyoga.de "https://simoneyoga.de/wp-login.php" "Mozilla/5.0 (Macintosh; Intel Mac OS X 10_15_7; rv:118.0) Gecko/20100101 Firefox/118.0" "-"
199.244.88.0 - - [06/Jan/2026:03:02:06 +0100] "GET / HTTP/1.1" 200 349337 simoneyoga.de "http://lemonflow.de" "Mozilla/5.0 (X11; Linux x86_64) AppleWebKit/537.36 (KHTML, like Gecko) Chrome/105.0.0.0 Safari/537.36" "-"
160.250.132.0 - - [06/Jan/2026:03:02:06 +0100] "GET /wp-admin/edit.php HTTP/1.1" 302 - simoneyoga.de "https://simoneyoga.de/wp-login.php" "Mozilla/5.0 (Macintosh; Intel Mac OS X 10_15_7; rv:118.0) Gecko/20100101 Firefox/118.0" "-"
82.165.88.0 - - [06/Jan/2026:03:02:07 +0100] "GET /__lfliveklassen.json HTTP/1.1" 200 439 simoneyoga.de "-" "WordPress/6.9; https://simoneyoga.de" "-"
160.250.132.0 - - [06/Jan/2026:03:02:08 +0100] "GET /wp-login.php?redirect_to=https%3A%2F%2Fsimoneyoga.de%2Fwp-admin%2Fedit.php&reauth=1 HTTP/1.1" 302 - simoneyoga.de "https://simoneyoga.de/wp-login.php" "Mozilla/5.0 (Macintosh; Intel Mac OS X 10_15_7; rv:118.0) Gecko/20100101 Firefox/118.0" "-"
160.250.132.0 - - [06/Jan/2026:03:02:09 +0100] "GET /login/ HTTP/1.1" 200 131636 simoneyoga.de "https://simoneyoga.de/wp-login.php" "Mozilla/5.0 (Macintosh; Intel Mac OS X 10_15_7; rv:118.0) Gecko/20100101 Firefox/118.0" "-"
160.250.132.0 - - [06/Jan/2026:03:02:10 +0100] "GET /wp-admin/plugins.php HTTP/1.1" 302 - simoneyoga.de "https://simoneyoga.de/wp-login.php" "Mozilla/5.0 (Macintosh; Intel Mac OS X 10_15_7; rv:118.0) Gecko/20100101 Firefox/118.0" "-"
160.250.132.0 - - [06/Jan/2026:03:02:11 +0100] "GET /wp-login.php?redirect_to=https%3A%2F%2Fsimoneyoga.de%2Fwp-admin%2Fplugins.php&reauth=1 HTTP/1.1" 302 - simoneyoga.de "https://simoneyoga.de/wp-login.php" "Mozilla/5.0 (Macintosh; Intel Mac OS X 10_15_7; rv:118.0) Gecko/20100101 Firefox/118.0" "-"
160.250.132.0 - - [06/Jan/2026:03:02:12 +0100] "GET /login/ HTTP/1.1" 200 131636 simoneyoga.de "https://simoneyoga.de/wp-login.php" "Mozilla/5.0 (Macintosh; Intel Mac OS X 10_15_7; rv:118.0) Gecko/20100101 Firefox/118.0" "-"
160.250.132.0 - - [06/Jan/2026:03:02:13 +0100] "POST /wp-login.php HTTP/1.1" 302 - simoneyoga.de "https://simoneyoga.de/wp-login.php" "Mozilla/5.0 (Windows NT 11.0; Win64; x64) AppleWebKit/537.36 (KHTML, like Gecko) Chrome/118.0.0.0 Safari/537.36" "-"
160.250.132.0 - - [06/Jan/2026:03:02:14 +0100] "GET /wp-admin/index.php HTTP/1.1" 302 - simoneyoga.de "https://simoneyoga.de/wp-login.php" "Mozilla/5.0 (Macintosh; Intel Mac OS X 10_15_7) AppleWebKit/605.1.15 (KHTML, like Gecko) Version/17.1 Safari/605.1.15" "-"
82.165.88.0 - - [06/Jan/2026:03:02:15 +0100] "POST /wp-admin/admin-ajax.php?action=as_async_request_queue_runner&nonce=2dab8bed3f HTTP/1.1" 200 - simoneyoga.de "-" "WordPress/6.9; https://simoneyoga.de" "-"
160.250.132.0 - - [06/Jan/2026:03:02:16 +0100] "GET /wp-login.php?redirect_to=https%3A%2F%2Fsimoneyoga.de%2Fwp-admin%2Findex.php&reauth=1 HTTP/1.1" 302 - simoneyoga.de "https://simoneyoga.de/wp-login.php" "Mozilla/5.0 (Macintosh; Intel Mac OS X 10_15_7) AppleWebKit/605.1.15 (KHTML, like Gecko) Version/17.1 Safari/605.1.15" "-"
160.250.132.0 - - [06/Jan/2026:03:02:17 +0100] "GET /login/ HTTP/1.1" 200 131636 simoneyoga.de "https://simoneyoga.de/wp-login.php" "Mozilla/5.0 (Macintosh; Intel Mac OS X 10_15_7) AppleWebKit/605.1.15 (KHTML, like Gecko) Version/17.1 Safari/605.1.15" "-"
160.250.132.0 - - [06/Jan/2026:03:02:19 +0100] "GET /wp-admin/profile.php HTTP/1.1" 302 - simoneyoga.de "https://simoneyoga.de/wp-login.php" "Mozilla/5.0 (Macintosh; Intel Mac OS X 10_15_7) AppleWebKit/605.1.15 (KHTML, like Gecko) Version/17.1 Safari/605.1.15" "-"
160.250.132.0 - - [06/Jan/2026:03:02:20 +0100] "GET /wp-login.php?redirect_to=https%3A%2F%2Fsimoneyoga.de%2Fwp-admin%2Fprofile.php&reauth=1 HTTP/1.1" 302 - simoneyoga.de "https://simoneyoga.de/wp-login.php" "Mozilla/5.0 (Macintosh; Intel Mac OS X 10_15_7) AppleWebKit/605.1.15 (KHTML, like Gecko) Version/17.1 Safari/605.1.15" "-"
160.250.132.0 - - [06/Jan/2026:03:02:21 +0100] "GET /login/ HTTP/1.1" 200 131636 simoneyoga.de "https://simoneyoga.de/wp-login.php" "Mozilla/5.0 (Macintosh; Intel Mac OS X 10_15_7) AppleWebKit/605.1.15 (KHTML, like Gecko) Version/17.1 Safari/605.1.15" "-"
160.250.132.0 - - [06/Jan/2026:03:02:22 +0100] "GET /wp-admin/edit.php HTTP/1.1" 302 - simoneyoga.de "https://simoneyoga.de/wp-login.php" "Mozilla/5.0 (Macintosh; Intel Mac OS X 10_15_7) AppleWebKit/605.1.15 (KHTML, like Gecko) Version/17.1 Safari/605.1.15" "-"
160.250.132.0 - - [06/Jan/2026:03:02:23 +0100] "GET /wp-login.php?redirect_to=https%3A%2F%2Fsimoneyoga.de%2Fwp-admin%2Fedit.php&reauth=1 HTTP/1.1" 302 - simoneyoga.de "https://simoneyoga.de/wp-login.php" "Mozilla/5.0 (Macintosh; Intel Mac OS X 10_15_7) AppleWebKit/605.1.15 (KHTML, like Gecko) Version/17.1 Safari/605.1.15" "-"
160.250.132.0 - - [06/Jan/2026:03:02:24 +0100] "GET /login/ HTTP/1.1" 200 131636 simoneyoga.de "https://simoneyoga.de/wp-login.php" "Mozilla/5.0 (Macintosh; Intel Mac OS X 10_15_7) AppleWebKit/605.1.15 (KHTML, like Gecko) Version/17.1 Safari/605.1.15" "-"
160.250.132.0 - - [06/Jan/2026:03:02:25 +0100] "GET /wp-admin/plugins.php HTTP/1.1" 302 - simoneyoga.de "https://simoneyoga.de/wp-login.php" "Mozilla/5.0 (Macintosh; Intel Mac OS X 10_15_7) AppleWebKit/605.1.15 (KHTML, like Gecko) Version/17.1 Safari/605.1.15" "-"
160.250.132.0 - - [06/Jan/2026:03:02:26 +0100] "GET /wp-login.php?redirect_to=https%3A%2F%2Fsimoneyoga.de%2Fwp-admin%2Fplugins.php&reauth=1 HTTP/1.1" 302 - simoneyoga.de "https://simoneyoga.de/wp-login.php" "Mozilla/5.0 (Macintosh; Intel Mac OS X 10_15_7) AppleWebKit/605.1.15 (KHTML, like Gecko) Version/17.1 Safari/605.1.15" "-"
160.250.132.0 - - [06/Jan/2026:03:02:27 +0100] "GET /login/ HTTP/1.1" 200 131636 simoneyoga.de "https://simoneyoga.de/wp-login.php" "Mozilla/5.0 (Macintosh; Intel Mac OS X 10_15_7) AppleWebKit/605.1.15 (KHTML, like Gecko) Version/17.1 Safari/605.1.15" "-"
160.250.132.0 - - [06/Jan/2026:03:02:29 +0100] "POST /wp-login.php HTTP/1.1" 302 - simoneyoga.de "https://simoneyoga.de/wp-login.php" "Mozilla/5.0 (Windows NT 10.0; Win64; x64) AppleWebKit/537.36 (KHTML, like Gecko) Chrome/121.0.0.0 Safari/537.36" "-"
160.250.132.0 - - [06/Jan/2026:03:02:30 +0100] "GET /wp-admin/index.php HTTP/1.1" 302 - simoneyoga.de "https://simoneyoga.de/wp-login.php" "Mozilla/5.0 (X11; Linux x86_64) AppleWebKit/537.36 (KHTML, like Gecko) Chrome/119.0.0.0 Safari/537.36" "-"
160.250.132.0 - - [06/Jan/2026:03:02:31 +0100] "GET /wp-login.php?redirect_to=https%3A%2F%2Fsimoneyoga.de%2Fwp-admin%2Findex.php&reauth=1 HTTP/1.1" 302 - simoneyoga.de "https://simoneyoga.de/wp-login.php" "Mozilla/5.0 (X11; Linux x86_64) AppleWebKit/537.36 (KHTML, like Gecko) Chrome/119.0.0.0 Safari/537.36" "-"
160.250.132.0 - - [06/Jan/2026:03:02:32 +0100] "GET /login/ HTTP/1.1" 200 131636 simoneyoga.de "https://simoneyoga.de/wp-login.php" "Mozilla/5.0 (X11; Linux x86_64) AppleWebKit/537.36 (KHTML, like Gecko) Chrome/119.0.0.0 Safari/537.36" "-"
160.250.132.0 - - [06/Jan/2026:03:02:33 +0100] "GET /wp-admin/profile.php HTTP/1.1" 302 - simoneyoga.de "https://simoneyoga.de/wp-login.php" "Mozilla/5.0 (X11; Linux x86_64) AppleWebKit/537.36 (KHTML, like Gecko) Chrome/119.0.0.0 Safari/537.36" "-"
160.250.132.0 - - [06/Jan/2026:03:02:34 +0100] "GET /wp-login.php?redirect_to=https%3A%2F%2Fsimoneyoga.de%2Fwp-admin%2Fprofile.php&reauth=1 HTTP/1.1" 302 - simoneyoga.de "https://simoneyoga.de/wp-login.php" "Mozilla/5.0 (X11; Linux x86_64) AppleWebKit/537.36 (KHTML, like Gecko) Chrome/119.0.0.0 Safari/537.36" "-"
160.250.132.0 - - [06/Jan/2026:03:02:35 +0100] "GET /login/ HTTP/1.1" 200 131636 simoneyoga.de "https://simoneyoga.de/wp-login.php" "Mozilla/5.0 (X11; Linux x86_64) AppleWebKit/537.36 (KHTML, like Gecko) Chrome/119.0.0.0 Safari/537.36" "-"
160.250.132.0 - - [06/Jan/2026:03:02:36 +0100] "GET /wp-admin/edit.php HTTP/1.1" 302 - simoneyoga.de "https://simoneyoga.de/wp-login.php" "Mozilla/5.0 (X11; Linux x86_64) AppleWebKit/537.36 (KHTML, like Gecko) Chrome/119.0.0.0 Safari/537.36" "-"
160.250.132.0 - - [06/Jan/2026:03:02:37 +0100] "GET /wp-login.php?redirect_to=https%3A%2F%2Fsimoneyoga.de%2Fwp-admin%2Fedit.php&reauth=1 HTTP/1.1" 302 - simoneyoga.de "https://simoneyoga.de/wp-login.php" "Mozilla/5.0 (X11; Linux x86_64) AppleWebKit/537.36 (KHTML, like Gecko) Chrome/119.0.0.0 Safari/537.36" "-"
160.250.132.0 - - [06/Jan/2026:03:02:38 +0100] "GET /login/ HTTP/1.1" 200 131636 simoneyoga.de "https://simoneyoga.de/wp-login.php" "Mozilla/5.0 (X11; Linux x86_64) AppleWebKit/537.36 (KHTML, like Gecko) Chrome/119.0.0.0 Safari/537.36" "-"
160.250.132.0 - - [06/Jan/2026:03:02:40 +0100] "GET /wp-admin/plugins.php HTTP/1.1" 302 - simoneyoga.de "https://simoneyoga.de/wp-login.php" "Mozilla/5.0 (X11; Linux x86_64) AppleWebKit/537.36 (KHTML, like Gecko) Chrome/119.0.0.0 Safari/537.36" "-"
