2003:e7:6f00:: - - [06/Jan/2026:09:54:42 +0100] "GET /wp-includes/js/jquery/ui/core.min.js?ver=1.13.3 HTTP/1.1" 200 21464 simoneyoga.de "https://simoneyoga.de/" "Mozilla/5.0 (Linux; Android 10; K) AppleWebKit/537.36 (KHTML, like Gecko) Chrome/143.0.0.0 Mobile Safari/537.36" "-"
2003:e7:6f00:: - - [06/Jan/2026:09:54:42 +0100] "GET /wp-content/plugins/elementor/assets/lib/font-awesome/webfonts/fa-brands-400.woff2 HTTP/1.1" 200 81612 simoneyoga.de "https://simoneyoga.de/wp-content/plugins/elementor/assets/lib/font-awesome/css/all.min.css?ver=3.25.11" "Mozilla/5.0 (Linux; Android 10; K) AppleWebKit/537.36 (KHTML, like Gecko) Chrome/143.0.0.0 Mobile Safari/537.36" "-"
2003:e7:6f00:: - - [06/Jan/2026:09:54:42 +0100] "GET /wp-content/plugins/progression-elements-aztec/js/afterglow.min.js?ver=1.0 HTTP/1.1" 200 430424 simoneyoga.de "https://simoneyoga.de/" "Mozilla/5.0 (Linux; Android 10; K) AppleWebKit/537.36 (KHTML, like Gecko) Chrome/143.0.0.0 Mobile Safari/537.36" "-"
2003:e7:6f00:: - - [06/Jan/2026:09:54:42 +0100] "GET /wp-content/plugins/armembermollie/js/arm_front_mollie.js?ver=2.9 HTTP/1.1" 200 4844 simoneyoga.de "https://simoneyoga.de/" "Mozilla/5.0 (Linux; Android 10; K) AppleWebKit/537.36 (KHTML, like Gecko) Chrome/143.0.0.0 Mobile Safari/537.36" "-"
2003:e7:6f00:: - - [06/Jan/2026:09:54:42 +0100] "GET /wp-content/plugins/armember/js/angular/arm_angular_credit_card.js?ver=4.5 HTTP/1.1" 200 28500 simoneyoga.de "https://simoneyoga.de/" "Mozilla/5.0 (Linux; Android 10; K) AppleWebKit/537.36 (KHTML, like Gecko) Chrome/143.0.0.0 Mobile Safari/537.36" "-"
2003:e7:6f00:: - - [06/Jan/2026:09:54:42 +0100] "GET /wp-content/plugins/boosted-elements-progression/assets/js/jquery.matchHeight-min.js?ver=1.0 HTTP/1.1" 200 3380 simoneyoga.de "https://simoneyoga.de/" "Mozilla/5.0 (Linux; Android 10; K) AppleWebKit/537.36 (KHTML, like Gecko) Chrome/143.0.0.0 Mobile Safari/537.36" "-"
2003:e7:6f00:: - - [06/Jan/2026:09:54:42 +0100] "GET /wp-content/plugins/boosted-elements-progression/assets/js/search.js?ver=1.0 HTTP/1.1" 200 885 simoneyoga.de "https://simoneyoga.de/" "Mozilla/5.0 (Linux; Android 10; K) AppleWebKit/537.36 (KHTML, like Gecko) Chrome/143.0.0.0 Mobile Safari/537.36" "-"
2003:e7:6f00:: - - [06/Jan/2026:09:54:42 +0100] "GET /wp-content/plugins/elementor/assets/js/frontend.min.js?ver=3.25.11 HTTP/1.1" 200 44127 simoneyoga.de "https://simoneyoga.de/" "Mozilla/5.0 (Linux; Android 10; K) AppleWebKit/537.36 (KHTML, like Gecko) Chrome/143.0.0.0 Mobile Safari/537.36" "-"
2003:e7:6f00:: - - [06/Jan/2026:09:54:42 +0100] "GET /wp-content/plugins/boosted-elements-progression/assets/js/prettyPhoto.js?ver=1.0 HTTP/1.1" 200 23043 simoneyoga.de "https://simoneyoga.de/" "Mozilla/5.0 (Linux; Android 10; K) AppleWebKit/537.36 (KHTML, like Gecko) Chrome/143.0.0.0 Mobile Safari/537.36" "-"
2003:e7:6f00:: - - [06/Jan/2026:09:54:42 +0100] "GET /wp-content/uploads/2021/09/arrow.png HTTP/1.1" 200 1380 simoneyoga.de "https://simoneyoga.de/" "Mozilla/5.0 (Linux; Android 10; K) AppleWebKit/537.36 (KHTML, like Gecko) Chrome/143.0.0.0 Mobile Safari/537.36" "-"
2003:e7:6f00:: - - [06/Jan/2026:09:54:42 +0100] "GET /wp-content/uploads/2021/08/simoneyoga_leadspace.jpg HTTP/1.1" 200 721181 simoneyoga.de "https://simoneyoga.de/wp-content/uploads/elementor/css/post-8822.css?ver=1758284100" "Mozilla/5.0 (Linux; Android 10; K) AppleWebKit/537.36 (KHTML, like Gecko) Chrome/143.0.0.0 Mobile Safari/537.36" "-"
2003:e7:6f00:: - - [06/Jan/2026:09:54:43 +0100] "GET /wp-content/uploads/2023/12/Bildschirmaufnahme-2023.12.07-10_15_16.jpg HTTP/1.1" 200 259187 simoneyoga.de "https://simoneyoga.de/wp-content/uploads/elementor/css/post-8822.css?ver=1758284100" "Mozilla/5.0 (Linux; Android 10; K) AppleWebKit/537.36 (KHTML, like Gecko) Chrome/143.0.0.0 Mobile Safari/537.36" "-"
2003:e7:6f00:: - - [06/Jan/2026:09:54:43 +0100] "GET /wp-content/uploads/2024/10/Bildschirmaufnahme-2024.10.14-12_20_14-1400x800.jpg HTTP/1.1" 200 67726 simoneyoga.de "https://simoneyoga.de/" "Mozilla/5.0 (Linux; Android 10; K) AppleWebKit/537.36 (KHTML, like Gecko) Chrome/143.0.0.0 Mobile Safari/537.36" "-"
2003:e7:6f00:: - - [06/Jan/2026:09:54:43 +0100] "GET /wp-content/plugins/elementor/assets/js/text-editor.2c35aafbe5bf0e127950.bundle.min.js HTTP/1.1" 200 1360 simoneyoga.de "https://simoneyoga.de/" "Mozilla/5.0 (Linux; Android 10; K) AppleWebKit/537.36 (KHTML, like Gecko) Chrome/143.0.0.0 Mobile Safari/537.36" "-"
2003:e7:6f00:: - - [06/Jan/2026:09:54:43 +0100] "GET /wp-content/uploads/2024/01/Bildschirmaufnahme-2024.01.26-08_36_06-1400x800.jpg HTTP/1.1" 200 69000 simoneyoga.de "https://simoneyoga.de/" "Mozilla/5.0 (Linux; Android 10; K) AppleWebKit/537.36 (KHTML, like Gecko) Chrome/143.0.0.0 Mobile Safari/537.36" "-"
2003:e7:6f00:: - - [06/Jan/2026:09:54:43 +0100] "GET /wp-content/uploads/2023/05/Bildschirmaufnahme-2023.05.11-16_01_56.jpg HTTP/1.1" 200 180873 simoneyoga.de "https://simoneyoga.de/wp-content/uploads/elementor/css/post-8822.css?ver=1758284100" "Mozilla/5.0 (Linux; Android 10; K) AppleWebKit/537.36 (KHTML, like Gecko) Chrome/143.0.0.0 Mobile Safari/537.36" "-"
2003:e7:6f00:: - - [06/Jan/2026:09:54:43 +0100] "GET /wp-content/uploads/2023/05/Bildschirmaufnahme-2023.05.30-12_09_55.jpg HTTP/1.1" 200 189176 simoneyoga.de "https://simoneyoga.de/wp-content/uploads/elementor/css/post-8822.css?ver=1758284100" "Mozilla/5.0 (Linux; Android 10; K) AppleWebKit/537.36 (KHTML, like Gecko) Chrome/143.0.0.0 Mobile Safari/537.36" "-"
2003:e7:6f00:: - - [06/Jan/2026:09:54:43 +0100] "GET /wp-content/uploads/2023/04/Bildschirmaufnahme-2023.04.12-10_46_05.jpg HTTP/1.1" 200 194035 simoneyoga.de "https://simoneyoga.de/wp-content/uploads/elementor/css/post-8822.css?ver=1758284100" "Mozilla/5.0 (Linux; Android 10; K) AppleWebKit/537.36 (KHTML, like Gecko) Chrome/143.0.0.0 Mobile Safari/537.36" "-"
2003:e7:6f00:: - - [06/Jan/2026:09:54:43 +0100] "GET /wp-content/uploads/2023/01/Bildschirmaufnahme-2023.01.16-09_58_05.jpg HTTP/1.1" 200 284409 simoneyoga.de "https://simoneyoga.de/wp-content/uploads/elementor/css/post-8822.css?ver=1758284100" "Mozilla/5.0 (Linux; Android 10; K) AppleWebKit/537.36 (KHTML, like Gecko) Chrome/143.0.0.0 Mobile Safari/537.36" "-"
2003:e7:6f00:: - - [06/Jan/2026:09:54:43 +0100] "GET /wp-content/uploads/2023/01/Bildschirmaufnahme-2023.01.10-08_59_31.jpg HTTP/1.1" 200 234584 simoneyoga.de "https://simoneyoga.de/wp-content/uploads/elementor/css/post-8822.css?ver=1758284100" "Mozilla/5.0 (Linux; Android 10; K) AppleWebKit/537.36 (KHTML, like Gecko) Chrome/143.0.0.0 Mobile Safari/537.36" "-"
2003:e7:6f00:: - - [06/Jan/2026:09:54:43 +0100] "GET /wp-content/uploads/2024/01/Bildschirmaufnahme-2024.01.11-20_10_54-1400x740.jpg HTTP/1.1" 200 61572 simoneyoga.de "https://simoneyoga.de/" "Mozilla/5.0 (Linux; Android 10; K) AppleWebKit/537.36 (KHTML, like Gecko) Chrome/143.0.0.0 Mobile Safari/537.36" "-"
2003:e7:6f00:: - - [06/Jan/2026:09:54:43 +0100] "GET /wp-content/uploads/2022/11/Bildschirm%C2%ADfoto-2022-11-22-um-09.38.08.png HTTP/1.1" 200 2440683 simoneyoga.de "https://simoneyoga.de/wp-content/uploads/elementor/css/post-8822.css?ver=1758284100" "Mozilla/5.0 (Linux; Android 10; K) AppleWebKit/537.36 (KHTML, like Gecko) Chrome/143.0.0.0 Mobile Safari/537.36" "-"
2003:e7:6f00:: - - [06/Jan/2026:09:54:43 +0100] "GET /wp-content/uploads/2023/08/Bildschirmfoto-2023-08-11-um-10.05.49.png HTTP/1.1" 200 2873311 simoneyoga.de "https://simoneyoga.de/wp-content/uploads/elementor/css/post-8822.css?ver=1758284100" "Mozilla/5.0 (Linux; Android 10; K) AppleWebKit/537.36 (KHTML, like Gecko) Chrome/143.0.0.0 Mobile Safari/537.36" "-"
2003:e7:6f00:: - - [06/Jan/2026:09:54:43 +0100] "GET /wp-includes/js/wp-emoji-release.min.js?ver=6.9 HTTP/1.1" 200 22762 simoneyoga.de "https://simoneyoga.de/" "Mozilla/5.0 (Linux; Android 10; K) AppleWebKit/537.36 (KHTML, like Gecko) Chrome/143.0.0.0 Mobile Safari/537.36" "-"
2003:e7:6f00:: - - [06/Jan/2026:09:54:44 +0100] "GET /wp-content/plugins/google-analytics-for-wordpress/assets/js/frontend-gtag.min.js?ver=9.2.4 HTTP/1.1" 200 11894 simoneyoga.de "https://simoneyoga.de/" "Mozilla/5.0 (Linux; Android 10; K) AppleWebKit/537.36 (KHTML, like Gecko) Chrome/143.0.0.0 Mobile Safari/537.36" "-"
2003:e7:6f00:: - - [06/Jan/2026:09:54:45 +0100] "GET /wp-content/uploads/2021/08/SimoneYoga-100-%C3%97-100-px.svg HTTP/1.1" 200 3789 simoneyoga.de "https://simoneyoga.de/" "Mozilla/5.0 (Linux; Android 10; K) AppleWebKit/537.36 (KHTML, like Gecko) Chrome/143.0.0.0 Mobile Safari/537.36" "-"
2003:e7:6f00:: - - [06/Jan/2026:09:54:45 +0100] "GET /wp-content/plugins/armember/fonts/fontawesome-webfont.woff2?v=4.7.0 HTTP/1.1" 200 77160 simoneyoga.de "https://simoneyoga.de/wp-content/plugins/armember/css/arm-font-awesome.css?ver=4.5" "Mozilla/5.0 (Linux; Android 10; K) AppleWebKit/537.36 (KHTML, like Gecko) Chrome/143.0.0.0 Mobile Safari/537.36" "-"
114.119.147.0 - - [06/Jan/2026:09:55:56 +0100] "GET /live-aufzeichnungen/page/44/ HTTP/1.1" 200 172367 simoneyoga.de "https://simoneyoga.de/live-aufzeichnungen/page/44" "Mozilla/5.0 (Linux; Android 7.0;) AppleWebKit/537.36 (KHTML, like Gecko) Mobile Safari/537.36 (compatible; PetalBot;+https://webmaster.petalsearch.com/site/petalbot)" "-"
82.165.88.0 - - [06/Jan/2026:09:55:57 +0100] "POST /wp-cron.php?doing_wp_cron=1767689757.3249270915985107421875 HTTP/1.1" 200 - simoneyoga.de "-" "WordPress/6.9; https://simoneyoga.de" "-"
114.119.140.0 - - [06/Jan/2026:09:57:19 +0100] "GET /author/adriane-schmittt-online-de HTTP/1.1" 301 - simoneyoga.de "-" "Mozilla/5.0 (Linux; Android 7.0;) AppleWebKit/537.36 (KHTML, like Gecko) Mobile Safari/537.36 (compatible; PetalBot;+https://webmaster.petalsearch.com/site/petalbot)" "-"
82.165.88.0 - - [06/Jan/2026:09:57:20 +0100] "POST /wp-cron.php?doing_wp_cron=1767689840.4221940040588378906250 HTTP/1.1" 200 - simoneyoga.de "-" "WordPress/6.9; https://simoneyoga.de" "-"
114.119.140.0 - - [06/Jan/2026:09:57:22 +0100] "GET /author/adriane-schmittt-online-de/ HTTP/1.1" 200 85259 simoneyoga.de "-" "Mozilla/5.0 (Linux; Android 7.0;) AppleWebKit/537.36 (KHTML, like Gecko) Mobile Safari/537.36 (compatible; PetalBot;+https://webmaster.petalsearch.com/site/petalbot)" "-"
103.59.161.0 - - [06/Jan/2026:09:58:07 +0100] "GET / HTTP/1.1" 301 - simoneyoga.de "-" "Mozilla/5.0 (Windows NT 10.0; Win64; x64) AppleWebKit/537.36 (KHTML, like Gecko) Chrome/95.0.4638.69 Safari/537.36" "-"
82.165.88.0 - - [06/Jan/2026:09:58:08 +0100] "POST /wp-cron.php?doing_wp_cron=1767689888.5059969425201416015625 HTTP/1.1" 200 - simoneyoga.de "-" "WordPress/6.9; https://simoneyoga.de" "-"
103.59.161.0 - - [06/Jan/2026:09:58:10 +0100] "GET //feed/ HTTP/1.1" 301 - simoneyoga.de "-" "Mozilla/5.0 (Windows NT 10.0; Win64; x64) AppleWebKit/537.36 (KHTML, like Gecko) Chrome/95.0.4638.69 Safari/537.36" "-"
103.59.161.0 - - [06/Jan/2026:09:58:11 +0100] "GET //blog/wp-includes/wlwmanifest.xml HTTP/1.1" 301 - simoneyoga.de "-" "Mozilla/5.0 (Windows NT 10.0; Win64; x64) AppleWebKit/537.36 (KHTML, like Gecko) Chrome/95.0.4638.69 Safari/537.36" "-"
103.59.161.0 - - [06/Jan/2026:09:58:12 +0100] "GET //wordpress/wp-includes/wlwmanifest.xml HTTP/1.1" 301 - simoneyoga.de "-" "Mozilla/5.0 (Windows NT 10.0; Win64; x64) AppleWebKit/537.36 (KHTML, like Gecko) Chrome/95.0.4638.69 Safari/537.36" "-"
103.59.161.0 - - [06/Jan/2026:09:58:14 +0100] "GET //2020/wp-includes/wlwmanifest.xml HTTP/1.1" 301 - simoneyoga.de "-" "Mozilla/5.0 (Windows NT 10.0; Win64; x64) AppleWebKit/537.36 (KHTML, like Gecko) Chrome/95.0.4638.69 Safari/537.36" "-"
103.59.161.0 - - [06/Jan/2026:09:58:15 +0100] "GET //2021/wp-includes/wlwmanifest.xml HTTP/1.1" 301 - simoneyoga.de "-" "Mozilla/5.0 (Windows NT 10.0; Win64; x64) AppleWebKit/537.36 (KHTML, like Gecko) Chrome/95.0.4638.69 Safari/537.36" "-"
103.59.161.0 - - [06/Jan/2026:09:58:16 +0100] "GET //shop/wp-includes/wlwmanifest.xml HTTP/1.1" 301 - simoneyoga.de "-" "Mozilla/5.0 (Windows NT 10.0; Win64; x64) AppleWebKit/537.36 (KHTML, like Gecko) Chrome/95.0.4638.69 Safari/537.36" "-"
103.59.161.0 - - [06/Jan/2026:09:58:17 +0100] "GET //wp1/wp-includes/wlwmanifest.xml HTTP/1.1" 301 - simoneyoga.de "-" "Mozilla/5.0 (Windows NT 10.0; Win64; x64) AppleWebKit/537.36 (KHTML, like Gecko) Chrome/95.0.4638.69 Safari/537.36" "-"
103.59.161.0 - - [06/Jan/2026:09:58:18 +0100] "GET //site/wp-includes/wlwmanifest.xml HTTP/1.1" 301 - simoneyoga.de "-" "Mozilla/5.0 (Windows NT 10.0; Win64; x64) AppleWebKit/537.36 (KHTML, like Gecko) Chrome/95.0.4638.69 Safari/537.36" "-"
114.119.145.0 - - [06/Jan/2026:10:01:05 +0100] "GET /tag/meridiane/ HTTP/1.1" 200 86601 simoneyoga.de "https://simoneyoga.de/post_tag-sitemap.xml" "Mozilla/5.0 (Linux; Android 7.0;) AppleWebKit/537.36 (KHTML, like Gecko) Mobile Safari/537.36 (compatible; PetalBot;+https://webmaster.petalsearch.com/site/petalbot)" "-"
82.165.88.0 - - [06/Jan/2026:10:01:06 +0100] "POST /wp-cron.php?doing_wp_cron=1767690066.8217029571533203125000 HTTP/1.1" 200 - simoneyoga.de "-" "WordPress/6.9; https://simoneyoga.de" "-"
114.119.145.0 - - [06/Jan/2026:10:02:28 +0100] "GET /page-sitemap.xml HTTP/1.1" 200 28929 simoneyoga.de "-" "Mozilla/5.0 (Linux; Android 7.0;) AppleWebKit/537.36 (KHTML, like Gecko) Mobile Safari/537.36 (compatible; PetalBot;+https://webmaster.petalsearch.com/site/petalbot)" "-"
82.165.88.0 - - [06/Jan/2026:10:02:29 +0100] "POST /wp-cron.php?doing_wp_cron=1767690149.6585130691528320312500 HTTP/1.1" 200 - simoneyoga.de "-" "WordPress/6.9; https://simoneyoga.de" "-"
114.119.150.0 - - [06/Jan/2026:10:06:45 +0100] "GET /media-type/videos/page/23/ HTTP/1.1" 404 83658 simoneyoga.de "https://simoneyoga.de/media-type/videos/page/24/" "Mozilla/5.0 (Linux; Android 7.0;) AppleWebKit/537.36 (KHTML, like Gecko) Mobile Safari/537.36 (compatible; PetalBot;+https://webmaster.petalsearch.com/site/petalbot)" "-"
82.165.88.0 - - [06/Jan/2026:10:06:46 +0100] "POST /wp-cron.php?doing_wp_cron=1767690406.4597060680389404296875 HTTP/1.1" 200 - simoneyoga.de "-" "WordPress/6.9; https://simoneyoga.de" "-"
82.165.88.0 - - [06/Jan/2026:10:07:35 +0100] "POST /wp-cron.php?doing_wp_cron=1767690455.7301890850067138671875 HTTP/1.1" 200 - simoneyoga.de "-" "WordPress/6.9; https://simoneyoga.de" "-"
161.156.29.0 - - [06/Jan/2026:10:07:35 +0100] "GET /robots.txt HTTP/1.1" 200 159 simoneyoga.de "-" "axios/1.11.0" "-"
82.165.88.0 - - [06/Jan/2026:10:08:13 +0100] "POST /wp-cron.php?doing_wp_cron=1767690493.9550120830535888671875 HTTP/1.1" 200 - simoneyoga.de "-" "WordPress/6.9; https://simoneyoga.de" "-"
114.119.141.0 - - [06/Jan/2026:10:08:13 +0100] "GET /live-aufzeichnungen/page/26 HTTP/1.1" 301 - simoneyoga.de "-" "Mozilla/5.0 (Linux; Android 7.0;) AppleWebKit/537.36 (KHTML, like Gecko) Mobile Safari/537.36 (compatible; PetalBot;+https://webmaster.petalsearch.com/site/petalbot)" "-"
114.119.141.0 - - [06/Jan/2026:10:08:15 +0100] "GET /live-aufzeichnungen/page/26/ HTTP/1.1" 200 172294 simoneyoga.de "-" "Mozilla/5.0 (Linux; Android 7.0;) AppleWebKit/537.36 (KHTML, like Gecko) Mobile Safari/537.36 (compatible; PetalBot;+https://webmaster.petalsearch.com/site/petalbot)" "-"
54.145.186.0 - - [06/Jan/2026:10:09:10 +0100] "GET /tag/drishti/ HTTP/1.1" 200 86499 simoneyoga.de "-" "TerraCotta https://github.com/CeramicTeam/CeramicTerracotta" "-"
82.165.88.0 - - [06/Jan/2026:10:09:11 +0100] "POST /wp-cron.php?doing_wp_cron=1767690551.3560829162597656250000 HTTP/1.1" 200 - simoneyoga.de "-" "WordPress/6.9; https://simoneyoga.de" "-"
114.119.147.0 - - [06/Jan/2026:10:09:36 +0100] "GET /tag/mond/ HTTP/1.1" 200 86442 simoneyoga.de "http://ywh.de/" "Mozilla/5.0 (Linux; Android 7.0;) AppleWebKit/537.36 (KHTML, like Gecko) Mobile Safari/537.36 (compatible; PetalBot;+https://webmaster.petalsearch.com/site/petalbot)" "-"
51.68.236.0 - - [06/Jan/2026:10:19:11 +0100] "GET /robots.txt HTTP/1.1" 200 159 simoneyoga.de "-" "Mozilla/5.0 (compatible; MJ12bot/v2.0.4; http://mj12bot.com/)" "-"
82.165.88.0 - - [06/Jan/2026:10:19:12 +0100] "POST /wp-cron.php?doing_wp_cron=1767691152.0990369319915771484375 HTTP/1.1" 200 - simoneyoga.de "-" "WordPress/6.9; https://simoneyoga.de" "-"
51.68.236.0 - - [06/Jan/2026:10:19:13 +0100] "GET / HTTP/1.1" 301 - simoneyoga.de "-" "Mozilla/5.0 (compatible; MJ12bot/v2.0.4; http://mj12bot.com/)" "-"
51.68.236.0 - - [06/Jan/2026:10:19:14 +0100] "GET /robots.txt HTTP/1.1" 200 159 simoneyoga.de "-" "Mozilla/5.0 (compatible; MJ12bot/v2.0.4; http://mj12bot.com/)" "-"
51.68.236.0 - - [06/Jan/2026:10:19:14 +0100] "GET / HTTP/1.1" 200 349337 simoneyoga.de "-" "Mozilla/5.0 (compatible; MJ12bot/v2.0.4; http://mj12bot.com/)" "-"
82.165.88.0 - - [06/Jan/2026:10:19:15 +0100] "GET /__lfliveklassen.json HTTP/1.1" 200 439 simoneyoga.de "-" "WordPress/6.9; https://simoneyoga.de" "-"
142.44.233.0 - - [06/Jan/2026:10:19:24 +0100] "GET /sitemap.rss HTTP/1.1" 200 12107 simoneyoga.de "-" "Mozilla/5.0 (compatible; AhrefsBot/7.0; +http://ahrefs.com/robot/)" "-"
136.243.228.0 - - [06/Jan/2026:10:22:50 +0100] "GET /robots.txt HTTP/1.1" 429 227 simoneyoga.de "-" "Mozilla/5.0 (compatible; DataForSeoBot/1.0; +https://dataforseo.com/dataforseo-bot)" "-"
136.243.228.0 - - [06/Jan/2026:10:22:50 +0100] "GET /robots.txt HTTP/1.1" 429 227 simoneyoga.de "-" "Mozilla/5.0 (compatible; DataForSeoBot/1.0; +https://dataforseo.com/dataforseo-bot)" "-"
136.243.228.0 - - [06/Jan/2026:10:22:52 +0100] "GET /robots.txt HTTP/1.1" 429 227 simoneyoga.de "-" "Mozilla/5.0 (compatible; DataForSeoBot/1.0; +https://dataforseo.com/dataforseo-bot)" "-"
136.243.228.0 - - [06/Jan/2026:10:22:52 +0100] "GET /robots.txt HTTP/1.1" 429 227 simoneyoga.de "-" "Mozilla/5.0 (compatible; DataForSeoBot/1.0; +https://dataforseo.com/dataforseo-bot)" "-"
136.243.228.0 - - [06/Jan/2026:10:22:54 +0100] "GET /sitemap.xml HTTP/1.1" 429 227 simoneyoga.de "-" "Mozilla/5.0 (compatible; DataForSeoBot/1.0; +https://dataforseo.com/dataforseo-bot)" "-"
217.113.194.0 - - [06/Jan/2026:10:30:18 +0100] "GET /robots.txt HTTP/1.1" 200 159 simoneyoga.de "-" "Mozilla/5.0 (compatible; Barkrowler/0.9; +https://babbar.tech/crawler)" "-"
82.165.88.0 - - [06/Jan/2026:10:30:19 +0100] "POST /wp-cron.php?doing_wp_cron=1767691819.6269700527191162109375 HTTP/1.1" 200 - simoneyoga.de "-" "WordPress/6.9; https://simoneyoga.de" "-"
54.145.186.0 - - [06/Jan/2026:10:35:00 +0100] "GET /tag/atem/ HTTP/1.1" 200 86440 simoneyoga.de "-" "TerraCotta https://github.com/CeramicTeam/CeramicTerracotta" "-"
82.165.88.0 - - [06/Jan/2026:10:35:01 +0100] "POST /wp-cron.php?doing_wp_cron=1767692101.8843901157379150390625 HTTP/1.1" 200 - simoneyoga.de "-" "WordPress/6.9; https://simoneyoga.de" "-"
46.248.166.0 - - [06/Jan/2026:10:45:17 +0100] "GET /feed HTTP/1.1" 301 - simoneyoga.de "-" "GuzzleHttp/7" "-"
82.165.88.0 - - [06/Jan/2026:10:45:18 +0100] "POST /wp-cron.php?doing_wp_cron=1767692718.1700620651245117187500 HTTP/1.1" 200 - simoneyoga.de "-" "WordPress/6.9; https://simoneyoga.de" "-"
46.248.166.0 - - [06/Jan/2026:10:45:19 +0100] "GET /feed/ HTTP/1.1" 200 1819 simoneyoga.de "-" "GuzzleHttp/7" "-"
114.119.141.0 - - [06/Jan/2026:10:45:37 +0100] "GET /wp-sitemap-users-1.xml HTTP/1.1" 404 83542 simoneyoga.de "-" "Mozilla/5.0 (Linux; Android 7.0;) AppleWebKit/537.36 (KHTML, like Gecko) Mobile Safari/537.36 (compatible; PetalBot;+https://webmaster.petalsearch.com/site/petalbot)" "-"
114.119.147.0 - - [06/Jan/2026:10:47:00 +0100] "GET /profil HTTP/1.1" 302 - simoneyoga.de "-" "Mozilla/5.0 (Linux; Android 7.0;) AppleWebKit/537.36 (KHTML, like Gecko) Mobile Safari/537.36 (compatible; PetalBot;+https://webmaster.petalsearch.com/site/petalbot)" "-"
82.165.88.0 - - [06/Jan/2026:10:47:01 +0100] "POST /wp-cron.php?doing_wp_cron=1767692821.4449510574340820312500 HTTP/1.1" 200 - simoneyoga.de "-" "WordPress/6.9; https://simoneyoga.de" "-"
114.119.147.0 - - [06/Jan/2026:10:47:03 +0100] "GET /login/?restricted=page HTTP/1.1" 200 131596 simoneyoga.de "-" "Mozilla/5.0 (Linux; Android 7.0;) AppleWebKit/537.36 (KHTML, like Gecko) Mobile Safari/537.36 (compatible; PetalBot;+https://webmaster.petalsearch.com/site/petalbot)" "-"
43.157.188.0 - - [06/Jan/2026:10:47:13 +0100] "GET / HTTP/1.1" 301 - simoneyoga.de "-" "Mozilla/5.0 (iPhone; CPU iPhone OS 13_2_3 like Mac OS X) AppleWebKit/605.1.15 (KHTML, like Gecko) Version/13.0.3 Mobile/15E148 Safari/604.1" "-"
43.157.188.0 - - [06/Jan/2026:10:47:16 +0100] "GET / HTTP/1.1" 200 349378 simoneyoga.de "http://simoneyoga.de" "Mozilla/5.0 (iPhone; CPU iPhone OS 13_2_3 like Mac OS X) AppleWebKit/605.1.15 (KHTML, like Gecko) Version/13.0.3 Mobile/15E148 Safari/604.1" "-"
82.165.88.0 - - [06/Jan/2026:10:47:17 +0100] "GET /__lfliveklassen.json HTTP/1.1" 200 439 simoneyoga.de "-" "WordPress/6.9; https://simoneyoga.de" "-"
140.248.36.0 - - [06/Jan/2026:10:50:57 +0100] "GET / HTTP/1.1" 200 349337 simoneyoga.de "-" "Mozilla/5.0 (Macintosh; Intel Mac OS X 10_11_1) AppleWebKit/601.2.4 (KHTML, like Gecko) Version/9.0.1 Safari/601.2.4 facebookexternalhit/1.1 Facebot Twitterbot/1.0" "-"
82.165.88.0 - - [06/Jan/2026:10:50:58 +0100] "GET /__lfliveklassen.json HTTP/1.1" 200 439 simoneyoga.de "-" "WordPress/6.9; https://simoneyoga.de" "-"
2a03:2880:f800:: - - [06/Jan/2026:10:50:58 +0100] "GET /post_tag-sitemap.xml HTTP/1.1" 200 1577 simoneyoga.de "-" "meta-externalagent/1.1 (+https://developers.facebook.com/docs/sharing/webmasters/crawler)" "-"
82.165.88.0 - - [06/Jan/2026:10:50:58 +0100] "POST /wp-cron.php?doing_wp_cron=1767693058.7760889530181884765625 HTTP/1.1" 200 - simoneyoga.de "-" "WordPress/6.9; https://simoneyoga.de" "-"
2a03:2880:f800:: - - [06/Jan/2026:10:51:07 +0100] "GET /post-archive-sitemap.xml HTTP/1.1" 200 691 simoneyoga.de "-" "meta-externalagent/1.1 (+https://developers.facebook.com/docs/sharing/webmasters/crawler)" "-"
2a03:2880:f800:: - - [06/Jan/2026:10:51:25 +0100] "GET /sitemap.xml HTTP/1.1" 200 1888 simoneyoga.de "-" "meta-externalagent/1.1 (+https://developers.facebook.com/docs/sharing/webmasters/crawler)" "-"
38.60.179.0 - - [06/Jan/2026:10:52:20 +0100] "GET /sftp-config.json HTTP/1.1" 404 83500 simoneyoga.de "-" "Mozilla/5.0 (Macintosh; Intel Mac OS X 10.15; rv:77.0) Gecko/20100101 Firefox/77.0" "-"
82.165.88.0 - - [06/Jan/2026:10:52:21 +0100] "POST /wp-cron.php?doing_wp_cron=1767693141.0627570152282714843750 HTTP/1.1" 200 - simoneyoga.de "-" "WordPress/6.9; https://simoneyoga.de" "-"
38.60.179.0 - - [06/Jan/2026:10:52:26 +0100] "GET /.vscode/sftp.json HTTP/1.1" 404 83514 simoneyoga.de "-" "Mozilla/5.0 (Macintosh; Intel Mac OS X 10.15; rv:77.0) Gecko/20100101 Firefox/77.0" "-"
54.39.203.0 - - [06/Jan/2026:10:53:00 +0100] "GET /rauhnaechte/ HTTP/1.1" 200 172547 simoneyoga.de "-" "Mozilla/5.0 (compatible; AhrefsBot/7.0; +http://ahrefs.com/robot/)" "-"
82.165.88.0 - - [06/Jan/2026:10:53:01 +0100] "POST /wp-cron.php?doing_wp_cron=1767693181.5889279842376708984375 HTTP/1.1" 200 - simoneyoga.de "-" "WordPress/6.9; https://simoneyoga.de" "-"
114.119.150.0 - - [06/Jan/2026:10:54:44 +0100] "GET /tag/aetherische-oele HTTP/1.1" 301 - simoneyoga.de "-" "Mozilla/5.0 (Linux; Android 7.0;) AppleWebKit/537.36 (KHTML, like Gecko) Mobile Safari/537.36 (compatible; PetalBot;+https://webmaster.petalsearch.com/site/petalbot)" "-"
82.165.88.0 - - [06/Jan/2026:10:54:45 +0100] "POST /wp-cron.php?doing_wp_cron=1767693285.2903459072113037109375 HTTP/1.1" 200 - simoneyoga.de "-" "WordPress/6.9; https://simoneyoga.de" "-"
114.119.150.0 - - [06/Jan/2026:10:54:47 +0100] "GET /tag/aetherische-oele/ HTTP/1.1" 200 86694 simoneyoga.de "-" "Mozilla/5.0 (Linux; Android 7.0;) AppleWebKit/537.36 (KHTML, like Gecko) Mobile Safari/537.36 (compatible; PetalBot;+https://webmaster.petalsearch.com/site/petalbot)" "-"
82.165.88.0 - - [06/Jan/2026:10:54:48 +0100] "POST /wp-cron.php?doing_wp_cron=1767693288.6414721012115478515625 HTTP/1.1" 200 - simoneyoga.de "-" "WordPress/6.9; https://simoneyoga.de" "-"
114.119.145.0 - - [06/Jan/2026:10:56:06 +0100] "GET /media-category/faszien-yoga/ HTTP/1.1" 302 - simoneyoga.de "https://simoneyoga.de/video-category-sitemap.xml" "Mozilla/5.0 (Linux; Android 7.0;) AppleWebKit/537.36 (KHTML, like Gecko) Mobile Safari/537.36 (compatible; PetalBot;+https://webmaster.petalsearch.com/site/petalbot)" "-"
82.165.88.0 - - [06/Jan/2026:10:56:07 +0100] "POST /wp-cron.php?doing_wp_cron=1767693367.1285390853881835937500 HTTP/1.1" 200 - simoneyoga.de "-" "WordPress/6.9; https://simoneyoga.de" "-"
114.119.145.0 - - [06/Jan/2026:10:56:09 +0100] "GET /login/?restricted=video-category HTTP/1.1" 200 131676 simoneyoga.de "https://simoneyoga.de/video-category-sitemap.xml" "Mozilla/5.0 (Linux; Android 7.0;) AppleWebKit/537.36 (KHTML, like Gecko) Mobile Safari/537.36 (compatible; PetalBot;+https://webmaster.petalsearch.com/site/petalbot)" "-"
2a03:2880:f800:: - - [06/Jan/2026:10:56:32 +0100] "GET /e-landing-page-sitemap.xml HTTP/1.1" 200 843 simoneyoga.de "-" "meta-externalagent/1.1 (+https://developers.facebook.com/docs/sharing/webmasters/crawler)" "-"
114.119.156.0 - - [06/Jan/2026:10:57:30 +0100] "GET /live-aufzeichnungen/page/30/ HTTP/1.1" 200 172367 simoneyoga.de "https://simoneyoga.de/live-aufzeichnungen/page/30" "Mozilla/5.0 (Linux; Android 7.0;) AppleWebKit/537.36 (KHTML, like Gecko) Mobile Safari/537.36 (compatible; PetalBot;+https://webmaster.petalsearch.com/site/petalbot)" "-"
82.165.88.0 - - [06/Jan/2026:10:57:31 +0100] "POST /wp-cron.php?doing_wp_cron=1767693451.3980679512023925781250 HTTP/1.1" 200 - simoneyoga.de "-" "WordPress/6.9; https://simoneyoga.de" "-"
2a03:2880:f800:: - - [06/Jan/2026:10:58:28 +0100] "GET /post-sitemap.xml HTTP/1.1" 200 931 simoneyoga.de "-" "meta-externalagent/1.1 (+https://developers.facebook.com/docs/sharing/webmasters/crawler)" "-"
82.165.88.0 - - [06/Jan/2026:10:58:29 +0100] "POST /wp-cron.php?doing_wp_cron=1767693509.2531340122222900390625 HTTP/1.1" 200 - simoneyoga.de "-" "WordPress/6.9; https://simoneyoga.de" "-"
114.119.145.0 - - [06/Jan/2026:10:58:54 +0100] "GET /wp-content/uploads/2021/12/Bildschirmfoto-2021-12-10-um-09.37.04-800x550.png HTTP/1.1" 200 531127 simoneyoga.de "https://simoneyoga.de/tag/hueften/" "Mozilla/5.0 (Linux; Android 7.0;) AppleWebKit/537.36 (KHTML, like Gecko) Mobile Safari/537.36 (compatible; PetalBot;+https://webmaster.petalsearch.com/site/petalbot)" "-"
52.167.144.0 - - [06/Jan/2026:10:59:42 +0100] "GET /tag/vinyasa HTTP/1.1" 301 - simoneyoga.de "-" "Mozilla/5.0 AppleWebKit/537.36 (KHTML, like Gecko; compatible; bingbot/2.0; +http://www.bing.com/bingbot.htm) Chrome/116.0.1938.76 Safari/537.36" "-"
82.165.88.0 - - [06/Jan/2026:10:59:43 +0100] "POST /wp-cron.php?doing_wp_cron=1767693583.3852128982543945312500 HTTP/1.1" 200 - simoneyoga.de "-" "WordPress/6.9; https://simoneyoga.de" "-"
52.167.144.0 - - [06/Jan/2026:10:59:45 +0100] "GET /tag/vinyasa/ HTTP/1.1" 200 91483 simoneyoga.de "-" "Mozilla/5.0 AppleWebKit/537.36 (KHTML, like Gecko; compatible; bingbot/2.0; +http://www.bing.com/bingbot.htm) Chrome/116.0.1938.76 Safari/537.36" "-"
2a03:2880:f800:: - - [06/Jan/2026:10:59:46 +0100] "GET /sitemap.rss HTTP/1.1" 200 12107 simoneyoga.de "-" "meta-externalagent/1.1 (+https://developers.facebook.com/docs/sharing/webmasters/crawler)" "-"
114.119.145.0 - - [06/Jan/2026:11:00:17 +0100] "GET /live-aufzeichnungen/page/18/ HTTP/1.1" 200 172367 simoneyoga.de "https://simoneyoga.de/live-aufzeichnungen/page/18" "Mozilla/5.0 (Linux; Android 7.0;) AppleWebKit/537.36 (KHTML, like Gecko) Mobile Safari/537.36 (compatible; PetalBot;+https://webmaster.petalsearch.com/site/petalbot)" "-"
82.165.88.0 - - [06/Jan/2026:11:00:18 +0100] "POST /wp-cron.php?doing_wp_cron=1767693618.3123409748077392578125 HTTP/1.1" 200 - simoneyoga.de "-" "WordPress/6.9; https://simoneyoga.de" "-"
114.119.140.0 - - [06/Jan/2026:11:01:39 +0100] "GET /jetztkaufen HTTP/1.1" 404 83429 simoneyoga.de "-" "Mozilla/5.0 (Linux; Android 7.0;) AppleWebKit/537.36 (KHTML, like Gecko) Mobile Safari/537.36 (compatible; PetalBot;+https://webmaster.petalsearch.com/site/petalbot)" "-"
82.165.88.0 - - [06/Jan/2026:11:01:40 +0100] "POST /wp-cron.php?doing_wp_cron=1767693700.3356280326843261718750 HTTP/1.1" 200 - simoneyoga.de "-" "WordPress/6.9; https://simoneyoga.de" "-"
2a03:2880:f800:: - - [06/Jan/2026:11:01:42 +0100] "GET /video-category-sitemap.xml HTTP/1.1" 200 2597 simoneyoga.de "-" "meta-externalagent/1.1 (+https://developers.facebook.com/docs/sharing/webmasters/crawler)" "-"
47.82.11.0 - - [06/Jan/2026:11:02:50 +0100] "GET /tag/immunsystem HTTP/1.1" 429 227 simoneyoga.de "https://simoneyoga.de/" "Mozilla/5.0 (Macintosh; Intel Mac OS X 10_15_7) AppleWebKit/537.36 (KHTML, like Gecko) Chrome/135.0.0.0 Safari/537.36" "-"
2a03:2880:f800:: - - [06/Jan/2026:11:03:30 +0100] "GET /category-sitemap.xml HTTP/1.1" 200 703 simoneyoga.de "-" "meta-externalagent/1.1 (+https://developers.facebook.com/docs/sharing/webmasters/crawler)" "-"
82.165.88.0 - - [06/Jan/2026:11:03:31 +0100] "POST /wp-cron.php?doing_wp_cron=1767693811.0464069843292236328125 HTTP/1.1" 200 - simoneyoga.de "-" "WordPress/6.9; https://simoneyoga.de" "-"
43.132.214.0 - - [06/Jan/2026:11:05:19 +0100] "GET / HTTP/1.1" 200 349337 simoneyoga.de "http://lemonflow.de" "Mozilla/5.0 (iPhone; CPU iPhone OS 13_2_3 like Mac OS X) AppleWebKit/605.1.15 (KHTML, like Gecko) Version/13.0.3 Mobile/15E148 Safari/604.1" "-"
82.165.88.0 - - [06/Jan/2026:11:05:20 +0100] "GET /__lfliveklassen.json HTTP/1.1" 200 439 simoneyoga.de "-" "WordPress/6.9; https://simoneyoga.de" "-"
82.165.88.0 - - [06/Jan/2026:11:05:20 +0100] "POST /wp-cron.php?doing_wp_cron=1767693920.7817618846893310546875 HTTP/1.1" 200 - simoneyoga.de "-" "WordPress/6.9; https://simoneyoga.de" "-"
2a03:2880:f800:: - - [06/Jan/2026:11:05:58 +0100] "GET /video_skrn-sitemap.xml HTTP/1.1" 200 4362 simoneyoga.de "-" "meta-externalagent/1.1 (+https://developers.facebook.com/docs/sharing/webmasters/crawler)" "-"
82.165.88.0 - - [06/Jan/2026:11:05:59 +0100] "POST /wp-cron.php?doing_wp_cron=1767693959.6305689811706542968750 HTTP/1.1" 200 - simoneyoga.de "-" "WordPress/6.9; https://simoneyoga.de" "-"
46.105.42.0 - - [06/Jan/2026:11:06:21 +0100] "GET /robots.txt HTTP/1.1" 200 159 simoneyoga.de "-" "Mozilla/5.0 (compatible; MJ12bot/v2.0.4; http://mj12bot.com/)" "-"
46.105.42.0 - - [06/Jan/2026:11:06:22 +0100] "GET / HTTP/1.1" 301 - simoneyoga.de "-" "Mozilla/5.0 (compatible; MJ12bot/v2.0.4; http://mj12bot.com/)" "-"
46.105.42.0 - - [06/Jan/2026:11:06:23 +0100] "GET /robots.txt HTTP/1.1" 200 159 simoneyoga.de "-" "Mozilla/5.0 (compatible; MJ12bot/v2.0.4; http://mj12bot.com/)" "-"
46.105.42.0 - - [06/Jan/2026:11:06:24 +0100] "GET / HTTP/1.1" 200 349337 simoneyoga.de "-" "Mozilla/5.0 (compatible; MJ12bot/v2.0.4; http://mj12bot.com/)" "-"
82.165.88.0 - - [06/Jan/2026:11:06:25 +0100] "GET /__lfliveklassen.json HTTP/1.1" 200 439 simoneyoga.de "-" "WordPress/6.9; https://simoneyoga.de" "-"
2a03:2880:f800:: - - [06/Jan/2026:11:09:05 +0100] "GET /video-genres-sitemap.xml HTTP/1.1" 200 1182 simoneyoga.de "-" "meta-externalagent/1.1 (+https://developers.facebook.com/docs/sharing/webmasters/crawler)" "-"
82.165.88.0 - - [06/Jan/2026:11:09:06 +0100] "POST /wp-cron.php?doing_wp_cron=1767694146.4940168857574462890625 HTTP/1.1" 200 - simoneyoga.de "-" "WordPress/6.9; https://simoneyoga.de" "-"
2a03:2880:f800:: - - [06/Jan/2026:11:09:08 +0100] "GET /page-sitemap.xml HTTP/1.1" 200 28929 simoneyoga.de "-" "meta-externalagent/1.1 (+https://developers.facebook.com/docs/sharing/webmasters/crawler)" "-"
2a03:2880:f800:: - - [06/Jan/2026:11:10:26 +0100] "GET /video-type-sitemap.xml HTTP/1.1" 200 701 simoneyoga.de "-" "meta-externalagent/1.1 (+https://developers.facebook.com/docs/sharing/webmasters/crawler)" "-"
82.165.88.0 - - [06/Jan/2026:11:10:27 +0100] "POST /wp-cron.php?doing_wp_cron=1767694227.5652849674224853515625 HTTP/1.1" 200 - simoneyoga.de "-" "WordPress/6.9; https://simoneyoga.de" "-"
54.145.186.0 - - [06/Jan/2026:11:29:38 +0100] "GET /tag/schmerzen/ HTTP/1.1" 200 86537 simoneyoga.de "-" "TerraCotta https://github.com/CeramicTeam/CeramicTerracotta" "-"
82.165.88.0 - - [06/Jan/2026:11:29:39 +0100] "POST /wp-cron.php?doing_wp_cron=1767695379.3279221057891845703125 HTTP/1.1" 200 - simoneyoga.de "-" "WordPress/6.9; https://simoneyoga.de" "-"
15.235.96.0 - - [06/Jan/2026:11:32:07 +0100] "GET / HTTP/1.1" 200 349337 simoneyoga.de "-" "Mozilla/5.0 (compatible; AhrefsBot/7.0; +http://ahrefs.com/robot/)" "-"
82.165.88.0 - - [06/Jan/2026:11:32:08 +0100] "GET /__lfliveklassen.json HTTP/1.1" 200 439 simoneyoga.de "-" "WordPress/6.9; https://simoneyoga.de" "-"
82.165.88.0 - - [06/Jan/2026:11:32:08 +0100] "POST /wp-cron.php?doing_wp_cron=1767695528.7830169200897216796875 HTTP/1.1" 200 - simoneyoga.de "-" "WordPress/6.9; https://simoneyoga.de" "-"
52.167.144.0 - - [06/Jan/2026:11:37:07 +0100] "GET /robots.txt HTTP/1.1" 301 - www.simoneyoga.de "-" "Mozilla/5.0 AppleWebKit/537.36 (KHTML, like Gecko; compatible; bingbot/2.0; +http://www.bing.com/bingbot.htm) Chrome/116.0.1938.76 Safari/537.36" "-"
82.165.88.0 - - [06/Jan/2026:11:37:08 +0100] "POST /wp-cron.php?doing_wp_cron=1767695828.6677870750427246093750 HTTP/1.1" 200 - simoneyoga.de "-" "WordPress/6.9; https://simoneyoga.de" "-"
52.167.144.0 - - [06/Jan/2026:11:37:10 +0100] "GET /robots.txt HTTP/1.1" 200 159 simoneyoga.de "-" "Mozilla/5.0 AppleWebKit/537.36 (KHTML, like Gecko; compatible; bingbot/2.0; +http://www.bing.com/bingbot.htm) Chrome/116.0.1938.76 Safari/537.36" "-"
40.77.167.0 - - [06/Jan/2026:11:37:23 +0100] "GET / HTTP/1.1" 301 - www.simoneyoga.de "-" "Mozilla/5.0 AppleWebKit/537.36 (KHTML, like Gecko; compatible; bingbot/2.0; +http://www.bing.com/bingbot.htm) Chrome/116.0.1938.76 Safari/537.36" "-"
82.165.88.0 - - [06/Jan/2026:11:40:18 +0100] "POST /wp-cron.php?doing_wp_cron=1767696018.8787720203399658203125 HTTP/1.1" 200 - simoneyoga.de "-" "WordPress/6.9; https://simoneyoga.de" "-"
49.234.192.0 - - [06/Jan/2026:11:40:18 +0100] "GET / HTTP/1.1" 301 - simoneyoga.de "-" "Mozilla/5.0 (iPhone; CPU iPhone OS 13_2_3 like Mac OS X) AppleWebKit/605.1.15 (KHTML, like Gecko) Version/13.0.3 Mobile/15E148 Safari/604.1" "-"
49.234.192.0 - - [06/Jan/2026:11:40:26 +0100] "GET / HTTP/1.1" 200 349378 simoneyoga.de "http://simoneyoga.de" "Mozilla/5.0 (iPhone; CPU iPhone OS 13_2_3 like Mac OS X) AppleWebKit/605.1.15 (KHTML, like Gecko) Version/13.0.3 Mobile/15E148 Safari/604.1" "-"
82.165.88.0 - - [06/Jan/2026:11:40:27 +0100] "GET /__lfliveklassen.json HTTP/1.1" 200 439 simoneyoga.de "-" "WordPress/6.9; https://simoneyoga.de" "-"
46.248.185.0 - - [06/Jan/2026:11:45:40 +0100] "GET /feed HTTP/1.1" 301 - simoneyoga.de "-" "GuzzleHttp/7" "-"
82.165.88.0 - - [06/Jan/2026:11:45:41 +0100] "POST /wp-cron.php?doing_wp_cron=1767696341.4451270103454589843750 HTTP/1.1" 200 - simoneyoga.de "-" "WordPress/6.9; https://simoneyoga.de" "-"
46.248.185.0 - - [06/Jan/2026:11:45:42 +0100] "GET /feed/ HTTP/1.1" 200 1819 simoneyoga.de "-" "GuzzleHttp/7" "-"
2a0d:3344:1f00:: - - [06/Jan/2026:11:53:14 +0100] "GET /login HTTP/1.1" 301 - simoneyoga.de "-" "Mozilla/5.0 (Macintosh; Intel Mac OS X 10_15_7) AppleWebKit/537.36 (KHTML, like Gecko) Chrome/143.0.0.0 Safari/537.36" "-"
82.165.88.0 - - [06/Jan/2026:11:53:15 +0100] "POST /wp-cron.php?doing_wp_cron=1767696795.5180270671844482421875 HTTP/1.1" 200 - simoneyoga.de "-" "WordPress/6.9; https://simoneyoga.de" "-"
2a0d:3344:1f00:: - - [06/Jan/2026:11:53:16 +0100] "GET /login/ HTTP/1.1" 200 131580 simoneyoga.de "-" "Mozilla/5.0 (Macintosh; Intel Mac OS X 10_15_7) AppleWebKit/537.36 (KHTML, like Gecko) Chrome/143.0.0.0 Safari/537.36" "-"
2a0d:3344:1f00:: - - [06/Jan/2026:11:53:17 +0100] "GET /login HTTP/1.1" 301 - simoneyoga.de "-" "Mozilla/5.0 (Macintosh; Intel Mac OS X 10_15_7) AppleWebKit/537.36 (KHTML, like Gecko) Chrome/143.0.0.0 Safari/537.36" "-"
2a0d:3344:1f00:: - - [06/Jan/2026:11:53:18 +0100] "GET /login/ HTTP/1.1" 200 131412 simoneyoga.de "-" "Mozilla/5.0 (Macintosh; Intel Mac OS X 10_15_7) AppleWebKit/537.36 (KHTML, like Gecko) Chrome/143.0.0.0 Safari/537.36" "-"
2a0d:3344:1f00:: - - [06/Jan/2026:11:53:19 +0100] "GET /wp-includes/css/dashicons.min.css?ver=6.9 HTTP/1.1" 200 59004 simoneyoga.de "http://simoneyoga.de/login/" "Mozilla/5.0 (Macintosh; Intel Mac OS X 10_15_7) AppleWebKit/537.36 (KHTML, like Gecko) Chrome/143.0.0.0 Safari/537.36" "-"
2a0d:3344:1f00:: - - [06/Jan/2026:11:53:19 +0100] "GET /wp-content/plugins/post-views-counter/css/frontend.css?ver=1.7.0 HTTP/1.1" 200 1092 simoneyoga.de "http://simoneyoga.de/login/" "Mozilla/5.0 (Macintosh; Intel Mac OS X 10_15_7) AppleWebKit/537.36 (KHTML, like Gecko) Chrome/143.0.0.0 Safari/537.36" "-"
2a0d:3344:1f00:: - - [06/Jan/2026:11:53:19 +0100] "GET /wp-content/plugins/feeds-for-youtube/css/sb-youtube.min.css?ver=2.2.4 HTTP/1.1" 200 44844 simoneyoga.de "http://simoneyoga.de/login/" "Mozilla/5.0 (Macintosh; Intel Mac OS X 10_15_7) AppleWebKit/537.36 (KHTML, like Gecko) Chrome/143.0.0.0 Safari/537.36" "-"
2a0d:3344:1f00:: - - [06/Jan/2026:11:53:19 +0100] "GET /wp-content/plugins/contact-form-7/includes/css/styles.css?ver=6.1.4 HTTP/1.1" 200 2947 simoneyoga.de "http://simoneyoga.de/login/" "Mozilla/5.0 (Macintosh; Intel Mac OS X 10_15_7) AppleWebKit/537.36 (KHTML, like Gecko) Chrome/143.0.0.0 Safari/537.36" "-"
2a0d:3344:1f00:: - - [06/Jan/2026:11:53:19 +0100] "GET /wp-content/plugins/instagram-feed/css/sbi-styles.min.css?ver=6.10.0 HTTP/1.1" 200 41838 simoneyoga.de "http://simoneyoga.de/login/" "Mozilla/5.0 (Macintosh; Intel Mac OS X 10_15_7) AppleWebKit/537.36 (KHTML, like Gecko) Chrome/143.0.0.0 Safari/537.36" "-"
2a0d:3344:1f00:: - - [06/Jan/2026:11:53:19 +0100] "GET /wp-content/plugins/better-recent-comments/assets/css/better-recent-comments.min.css?ver=6.9 HTTP/1.1" 200 1081 simoneyoga.de "http://simoneyoga.de/login/" "Mozilla/5.0 (Macintosh; Intel Mac OS X 10_15_7) AppleWebKit/537.36 (KHTML, like Gecko) Chrome/143.0.0.0 Safari/537.36" "-"
2a0d:3344:1f00:: - - [06/Jan/2026:11:53:19 +0100] "GET /wp-content/plugins/cookie-law-info/legacy/public/css/cookie-law-info-public.css?ver=3.3.9.1 HTTP/1.1" 200 3106 simoneyoga.de "http://simoneyoga.de/login/" "Mozilla/5.0 (Macintosh; Intel Mac OS X 10_15_7) AppleWebKit/537.36 (KHTML, like Gecko) Chrome/143.0.0.0 Safari/537.36" "-"
2a0d:3344:1f00:: - - [06/Jan/2026:11:53:19 +0100] "GET /wp-content/plugins/cookie-law-info/legacy/public/css/cookie-law-info-gdpr.css?ver=3.3.9.1 HTTP/1.1" 200 27249 simoneyoga.de "http://simoneyoga.de/login/" "Mozilla/5.0 (Macintosh; Intel Mac OS X 10_15_7) AppleWebKit/537.36 (KHTML, like Gecko) Chrome/143.0.0.0 Safari/537.36" "-"
2a0d:3344:1f00:: - - [06/Jan/2026:11:53:19 +0100] "GET /wp-content/themes/aztec-progression/style.css?ver=6.9 HTTP/1.1" 200 456 simoneyoga.de "http://simoneyoga.de/login/" "Mozilla/5.0 (Macintosh; Intel Mac OS X 10_15_7) AppleWebKit/537.36 (KHTML, like Gecko) Chrome/143.0.0.0 Safari/537.36" "-"
2a0d:3344:1f00:: - - [06/Jan/2026:11:53:19 +0100] "GET /wp-content/plugins/armember/css/arm-font-awesome.css?ver=4.5 HTTP/1.1" 200 33257 simoneyoga.de "http://simoneyoga.de/" "Mozilla/5.0 (Macintosh; Intel Mac OS X 10_15_7) AppleWebKit/537.36 (KHTML, like Gecko) Chrome/143.0.0.0 Safari/537.36" "-"
2a0d:3344:1f00:: - - [06/Jan/2026:11:53:19 +0100] "GET /wp-content/uploads/winp-css-js/8305.css?ver=1662091533 HTTP/1.1" 200 30172 simoneyoga.de "http://simoneyoga.de/" "Mozilla/5.0 (Macintosh; Intel Mac OS X 10_15_7) AppleWebKit/537.36 (KHTML, like Gecko) Chrome/143.0.0.0 Safari/537.36" "-"
2a0d:3344:1f00:: - - [06/Jan/2026:11:53:19 +0100] "GET /wp-content/plugins/search-filter/style.css?ver=1 HTTP/1.1" 200 577 simoneyoga.de "http://simoneyoga.de/" "Mozilla/5.0 (Macintosh; Intel Mac OS X 10_15_7) AppleWebKit/537.36 (KHTML, like Gecko) Chrome/143.0.0.0 Safari/537.36" "-"
2a0d:3344:1f00:: - - [06/Jan/2026:11:53:19 +0100] "GET /wp-content/plugins/armember/css/arm_angular_material.css?ver=4.5 HTTP/1.1" 200 32740 simoneyoga.de "http://simoneyoga.de/" "Mozilla/5.0 (Macintosh; Intel Mac OS X 10_15_7) AppleWebKit/537.36 (KHTML, like Gecko) Chrome/143.0.0.0 Safari/537.36" "-"
2a0d:3344:1f00:: - - [06/Jan/2026:11:53:19 +0100] "GET /wp-content/plugins/armember/css/arm_front.css?ver=4.5 HTTP/1.1" 200 51747 simoneyoga.de "http://simoneyoga.de/" "Mozilla/5.0 (Macintosh; Intel Mac OS X 10_15_7) AppleWebKit/537.36 (KHTML, like Gecko) Chrome/143.0.0.0 Safari/537.36" "-"
2a0d:3344:1f00:: - - [06/Jan/2026:11:53:19 +0100] "GET /wp-content/plugins/armember/css/arm_form_style.css?ver=4.5 HTTP/1.1" 200 185338 simoneyoga.de "http://simoneyoga.de/" "Mozilla/5.0 (Macintosh; Intel Mac OS X 10_15_7) AppleWebKit/537.36 (KHTML, like Gecko) Chrome/143.0.0.0 Safari/537.36" "-"
2a0d:3344:1f00:: - - [06/Jan/2026:11:53:19 +0100] "GET /wp-content/plugins/armember/bootstrap/css/bootstrap_all.css?ver=4.5 HTTP/1.1" 200 31947 simoneyoga.de "http://simoneyoga.de/" "Mozilla/5.0 (Macintosh; Intel Mac OS X 10_15_7) AppleWebKit/537.36 (KHTML, like Gecko) Chrome/143.0.0.0 Safari/537.36" "-"
2a0d:3344:1f00:: - - [06/Jan/2026:11:53:19 +0100] "GET /wp-content/plugins/armembermollie/js/arm_front_mollie.js?ver=2.9 HTTP/1.1" 200 4844 simoneyoga.de "http://simoneyoga.de/" "Mozilla/5.0 (Macintosh; Intel Mac OS X 10_15_7) AppleWebKit/537.36 (KHTML, like Gecko) Chrome/143.0.0.0 Safari/537.36" "-"
2a0d:3344:1f00:: - - [06/Jan/2026:11:53:19 +0100] "GET /wp-content/themes/aztec-progression-child/style.css?ver=6.9 HTTP/1.1" 200 138726 simoneyoga.de "http://simoneyoga.de/login/" "Mozilla/5.0 (Macintosh; Intel Mac OS X 10_15_7) AppleWebKit/537.36 (KHTML, like Gecko) Chrome/143.0.0.0 Safari/537.36" "-"
2a0d:3344:1f00:: - - [06/Jan/2026:11:53:19 +0100] "GET /wp-content/themes/aztec-progression/inc/fonts/font-awesome/css/font-awesome-5.css?ver=1.0.0 HTTP/1.1" 200 59344 simoneyoga.de "http://simoneyoga.de/login/" "Mozilla/5.0 (Macintosh; Intel Mac OS X 10_15_7) AppleWebKit/537.36 (KHTML, like Gecko) Chrome/143.0.0.0 Safari/537.36" "-"
2a0d:3344:1f00:: - - [06/Jan/2026:11:53:19 +0100] "GET /wp-content/plugins/armember/bootstrap/js/bootstrap.min.js?ver=4.5 HTTP/1.1" 200 17205 simoneyoga.de "http://simoneyoga.de/" "Mozilla/5.0 (Macintosh; Intel Mac OS X 10_15_7) AppleWebKit/537.36 (KHTML, like Gecko) Chrome/143.0.0.0 Safari/537.36" "-"
2a0d:3344:1f00:: - - [06/Jan/2026:11:53:19 +0100] "GET /wp-content/themes/aztec-progression/css/aztec-progression-customizer.css?ver=6.9 HTTP/1.1" 200 4515 simoneyoga.de "http://simoneyoga.de/login/" "Mozilla/5.0 (Macintosh; Intel Mac OS X 10_15_7) AppleWebKit/537.36 (KHTML, like Gecko) Chrome/143.0.0.0 Safari/537.36" "-"
2a0d:3344:1f00:: - - [06/Jan/2026:11:53:19 +0100] "GET /wp-content/plugins/boosted-elements-progression/assets/css/frontend.min.css?ver=6.9 HTTP/1.1" 200 96746 simoneyoga.de "http://simoneyoga.de/login/" "Mozilla/5.0 (Macintosh; Intel Mac OS X 10_15_7) AppleWebKit/537.36 (KHTML, like Gecko) Chrome/143.0.0.0 Safari/537.36" "-"
2a0d:3344:1f00:: - - [06/Jan/2026:11:53:19 +0100] "GET /wp-content/plugins/elementor/assets/lib/eicons/css/elementor-icons.min.css?ver=5.34.0 HTTP/1.1" 200 20060 simoneyoga.de "http://simoneyoga.de/login/" "Mozilla/5.0 (Macintosh; Intel Mac OS X 10_15_7) AppleWebKit/537.36 (KHTML, like Gecko) Chrome/143.0.0.0 Safari/537.36" "-"
2a0d:3344:1f00:: - - [06/Jan/2026:11:53:19 +0100] "GET /wp-content/plugins/elementor/assets/css/frontend.min.css?ver=3.25.11 HTTP/1.1" 200 60575 simoneyoga.de "http://simoneyoga.de/login/" "Mozilla/5.0 (Macintosh; Intel Mac OS X 10_15_7) AppleWebKit/537.36 (KHTML, like Gecko) Chrome/143.0.0.0 Safari/537.36" "-"
2a0d:3344:1f00:: - - [06/Jan/2026:11:53:19 +0100] "GET /wp-content/plugins/elementor/assets/lib/swiper/css/swiper.min.css?ver=5.3.6 HTTP/1.1" 200 12876 simoneyoga.de "http://simoneyoga.de/login/" "Mozilla/5.0 (Macintosh; Intel Mac OS X 10_15_7) AppleWebKit/537.36 (KHTML, like Gecko) Chrome/143.0.0.0 Safari/537.36" "-"
2a0d:3344:1f00:: - - [06/Jan/2026:11:53:19 +0100] "GET /wp-content/plugins/elementor/assets/css/conditionals/e-swiper.min.css?ver=3.25.11 HTTP/1.1" 200 10260 simoneyoga.de "http://simoneyoga.de/login/" "Mozilla/5.0 (Macintosh; Intel Mac OS X 10_15_7) AppleWebKit/537.36 (KHTML, like Gecko) Chrome/143.0.0.0 Safari/537.36" "-"
2a0d:3344:1f00:: - - [06/Jan/2026:11:53:19 +0100] "GET /wp-content/uploads/elementor/css/post-14.css?ver=1734792356 HTTP/1.1" 200 1552 simoneyoga.de "http://simoneyoga.de/login/" "Mozilla/5.0 (Macintosh; Intel Mac OS X 10_15_7) AppleWebKit/537.36 (KHTML, like Gecko) Chrome/143.0.0.0 Safari/537.36" "-"
2a0d:3344:1f00:: - - [06/Jan/2026:11:53:19 +0100] "GET /wp-content/plugins/elementor/assets/lib/font-awesome/css/v4-shims.min.css?ver=3.25.11 HTTP/1.1" 200 26702 simoneyoga.de "http://simoneyoga.de/login/" "Mozilla/5.0 (Macintosh; Intel Mac OS X 10_15_7) AppleWebKit/537.36 (KHTML, like Gecko) Chrome/143.0.0.0 Safari/537.36" "-"
2a0d:3344:1f00:: - - [06/Jan/2026:11:53:19 +0100] "GET /wp-content/plugins/armember/js/jquery.bpopup.min.js?ver=4.5 HTTP/1.1" 200 4892 simoneyoga.de "http://simoneyoga.de/" "Mozilla/5.0 (Macintosh; Intel Mac OS X 10_15_7) AppleWebKit/537.36 (KHTML, like Gecko) Chrome/143.0.0.0 Safari/537.36" "-"
2a0d:3344:1f00:: - - [06/Jan/2026:11:53:19 +0100] "GET /wp-content/plugins/elementor/assets/lib/font-awesome/css/all.min.css?ver=3.25.11 HTTP/1.1" 200 59344 simoneyoga.de "http://simoneyoga.de/login/" "Mozilla/5.0 (Macintosh; Intel Mac OS X 10_15_7) AppleWebKit/537.36 (KHTML, like Gecko) Chrome/143.0.0.0 Safari/537.36" "-"
2a0d:3344:1f00:: - - [06/Jan/2026:11:53:19 +0100] "GET /wp-content/plugins/armember/js/arm_common.js?ver=4.5 HTTP/1.1" 200 103784 simoneyoga.de "http://simoneyoga.de/" "Mozilla/5.0 (Macintosh; Intel Mac OS X 10_15_7) AppleWebKit/537.36 (KHTML, like Gecko) Chrome/143.0.0.0 Safari/537.36" "-"
2a0d:3344:1f00:: - - [06/Jan/2026:11:53:19 +0100] "GET /wp-content/plugins/armember/js/angular/arm_angular_with_material.js?ver=4.5 HTTP/1.1" 200 354935 simoneyoga.de "http://simoneyoga.de/" "Mozilla/5.0 (Macintosh; Intel Mac OS X 10_15_7) AppleWebKit/537.36 (KHTML, like Gecko) Chrome/143.0.0.0 Safari/537.36" "-"
2a0d:3344:1f00:: - - [06/Jan/2026:11:53:19 +0100] "GET /wp-content/uploads/elementor/css/post-6.css?ver=1734793607 HTTP/1.1" 200 93 simoneyoga.de "http://simoneyoga.de/login/" "Mozilla/5.0 (Macintosh; Intel Mac OS X 10_15_7) AppleWebKit/537.36 (KHTML, like Gecko) Chrome/143.0.0.0 Safari/537.36" "-"
2a0d:3344:1f00:: - - [06/Jan/2026:11:53:19 +0100] "GET /wp-content/plugins/video-conferencing-with-zoom-api/assets/public/css/style.min.css?ver=4.6.5 HTTP/1.1" 200 16610 simoneyoga.de "http://simoneyoga.de/login/" "Mozilla/5.0 (Macintosh; Intel Mac OS X 10_15_7) AppleWebKit/537.36 (KHTML, like Gecko) Chrome/143.0.0.0 Safari/537.36" "-"
2a0d:3344:1f00:: - - [06/Jan/2026:11:53:20 +0100] "GET /wp-content/uploads/elementor/css/post-75.css?ver=1734792357 HTTP/1.1" 200 17908 simoneyoga.de "http://simoneyoga.de/login/" "Mozilla/5.0 (Macintosh; Intel Mac OS X 10_15_7) AppleWebKit/537.36 (KHTML, like Gecko) Chrome/143.0.0.0 Safari/537.36" "-"
2a0d:3344:1f00:: - - [06/Jan/2026:11:53:20 +0100] "GET /wp-content/uploads/elementor/css/post-68.css?ver=1734792357 HTTP/1.1" 200 18114 simoneyoga.de "http://simoneyoga.de/login/" "Mozilla/5.0 (Macintosh; Intel Mac OS X 10_15_7) AppleWebKit/537.36 (KHTML, like Gecko) Chrome/143.0.0.0 Safari/537.36" "-"
2a0d:3344:1f00:: - - [06/Jan/2026:11:53:20 +0100] "GET /wp-content/plugins/elementor/assets/lib/font-awesome/css/fontawesome.min.css?ver=5.15.3 HTTP/1.1" 200 58071 simoneyoga.de "http://simoneyoga.de/login/" "Mozilla/5.0 (Macintosh; Intel Mac OS X 10_15_7) AppleWebKit/537.36 (KHTML, like Gecko) Chrome/143.0.0.0 Safari/537.36" "-"
2a0d:3344:1f00:: - - [06/Jan/2026:11:53:20 +0100] "GET /wp-content/plugins/elementor/assets/lib/font-awesome/css/solid.min.css?ver=5.15.3 HTTP/1.1" 200 669 simoneyoga.de "http://simoneyoga.de/login/" "Mozilla/5.0 (Macintosh; Intel Mac OS X 10_15_7) AppleWebKit/537.36 (KHTML, like Gecko) Chrome/143.0.0.0 Safari/537.36" "-"
2a0d:3344:1f00:: - - [06/Jan/2026:11:53:20 +0100] "GET /wp-content/plugins/elementor/assets/lib/font-awesome/css/regular.min.css?ver=5.15.3 HTTP/1.1" 200 677 simoneyoga.de "http://simoneyoga.de/login/" "Mozilla/5.0 (Macintosh; Intel Mac OS X 10_15_7) AppleWebKit/537.36 (KHTML, like Gecko) Chrome/143.0.0.0 Safari/537.36" "-"
2a0d:3344:1f00:: - - [06/Jan/2026:11:53:20 +0100] "GET /wp-content/plugins/elementor/assets/lib/font-awesome/css/brands.min.css?ver=5.15.3 HTTP/1.1" 200 675 simoneyoga.de "http://simoneyoga.de/login/" "Mozilla/5.0 (Macintosh; Intel Mac OS X 10_15_7) AppleWebKit/537.36 (KHTML, like Gecko) Chrome/143.0.0.0 Safari/537.36" "-"
2a0d:3344:1f00:: - - [06/Jan/2026:11:53:20 +0100] "GET /wp-includes/js/jquery/jquery-migrate.min.js?ver=3.4.1 HTTP/1.1" 200 13577 simoneyoga.de "http://simoneyoga.de/login/" "Mozilla/5.0 (Macintosh; Intel Mac OS X 10_15_7) AppleWebKit/537.36 (KHTML, like Gecko) Chrome/143.0.0.0 Safari/537.36" "-"
2a0d:3344:1f00:: - - [06/Jan/2026:11:53:20 +0100] "GET /wp-content/uploads/custom-css-js/1922.css?v=1761 HTTP/1.1" 200 26708 simoneyoga.de "http://simoneyoga.de/login/" "Mozilla/5.0 (Macintosh; Intel Mac OS X 10_15_7) AppleWebKit/537.36 (KHTML, like Gecko) Chrome/143.0.0.0 Safari/537.36" "-"
2a0d:3344:1f00:: - - [06/Jan/2026:11:53:20 +0100] "GET /wp-content/plugins/cookie-law-info/legacy/public/css/cookie-law-info-table.css?ver=3.3.9.1 HTTP/1.1" 200 6113 simoneyoga.de "http://simoneyoga.de/login/" "Mozilla/5.0 (Macintosh; Intel Mac OS X 10_15_7) AppleWebKit/537.36 (KHTML, like Gecko) Chrome/143.0.0.0 Safari/537.36" "-"
2a0d:3344:1f00:: - - [06/Jan/2026:11:53:20 +0100] "GET /wp-includes/js/jquery/jquery.min.js?ver=3.7.1 HTTP/1.1" 200 87553 simoneyoga.de "http://simoneyoga.de/login/" "Mozilla/5.0 (Macintosh; Intel Mac OS X 10_15_7) AppleWebKit/537.36 (KHTML, like Gecko) Chrome/143.0.0.0 Safari/537.36" "-"
2a0d:3344:1f00:: - - [06/Jan/2026:11:53:20 +0100] "GET /wp-content/plugins/armember/js/angular/arm_form_angular.js?ver=4.5 HTTP/1.1" 200 21095 simoneyoga.de "http://simoneyoga.de/" "Mozilla/5.0 (Macintosh; Intel Mac OS X 10_15_7) AppleWebKit/537.36 (KHTML, like Gecko) Chrome/143.0.0.0 Safari/537.36" "-"
